Component: ARM Compiler 5.06 update 3 (build 300) Tool: armlink [4d35c9]

==============================================================================

Section Cross References

    main.o(i.APP_ButtonEventHandler) refers to main.o(i.nrf_delay_ms) for nrf_delay_ms
    main.o(i.APP_ButtonEventHandler) refers to main.o(i.APP_PowerOff) for APP_PowerOff
    main.o(i.APP_ButtonEventHandler) refers to main.o(i.nrf_gpio_pin_read) for nrf_gpio_pin_read
    main.o(i.APP_ButtonRegister) refers to app_button.o(i.app_button_init) for app_button_init
    main.o(i.APP_ButtonRegister) refers to app_button.o(i.app_button_enable) for app_button_enable
    main.o(i.APP_ButtonRegister) refers to main.o(.constdata) for app_buttons
    main.o(i.APP_HardwareConfig) refers to main.o(i.nrf_gpio_cfg_output) for nrf_gpio_cfg_output
    main.o(i.APP_HardwareConfig) refers to main.o(i.nrf_gpio_pin_clear) for nrf_gpio_pin_clear
    main.o(i.APP_HardwareConfig) refers to main.o(i.nrf_gpio_cfg_input) for nrf_gpio_cfg_input
    main.o(i.APP_HardwareConfig) refers to nrf_drv_twi.o(i.nrf_drv_twi_init) for nrf_drv_twi_init
    main.o(i.APP_HardwareConfig) refers to app_error.o(i.app_error_handler_bare) for app_error_handler_bare
    main.o(i.APP_HardwareConfig) refers to nrf_drv_twi.o(i.nrf_drv_twi_enable) for nrf_drv_twi_enable
    main.o(i.APP_HardwareConfig) refers to nrf_drv_gpiote.o(i.nrf_drv_gpiote_is_init) for nrf_drv_gpiote_is_init
    main.o(i.APP_HardwareConfig) refers to nrf_drv_gpiote.o(i.nrf_drv_gpiote_init) for nrf_drv_gpiote_init
    main.o(i.APP_HardwareConfig) refers to nrf_drv_gpiote.o(i.nrf_drv_gpiote_in_init) for nrf_drv_gpiote_in_init
    main.o(i.APP_HardwareConfig) refers to nrf_drv_gpiote.o(i.nrf_drv_gpiote_in_event_enable) for nrf_drv_gpiote_in_event_enable
    main.o(i.APP_HardwareConfig) refers to nrf_drv_saadc.o(i.nrf_drv_saadc_init) for nrf_drv_saadc_init
    main.o(i.APP_HardwareConfig) refers to nrf_drv_saadc.o(i.nrf_drv_saadc_channel_init) for nrf_drv_saadc_channel_init
    main.o(i.APP_HardwareConfig) refers to main.o(.constdata) for .constdata
    main.o(i.APP_HardwareConfig) refers to mpa.o(i.WAC_PEN_IRQHandler) for WAC_PEN_IRQHandler
    main.o(i.APP_HardwareConfig) refers to mpa.o(i.WAC_IRQ_IRQHandler) for WAC_IRQ_IRQHandler
    main.o(i.APP_HardwareConfig) refers to mpa.o(i.WAC_SAADC_IRQHandler) for WAC_SAADC_IRQHandler
    main.o(i.APP_PowerOff) refers to main.o(i.nrf_gpio_pin_set) for nrf_gpio_pin_set
    main.o(i.APP_PowerOff) refers to main.o(i.nrf_delay_ms) for nrf_delay_ms
    main.o(i.APP_PowerOff) refers to main.o(i.nrf_gpio_pin_clear) for nrf_gpio_pin_clear
    main.o(i.APP_PowerOff) refers to main.o(i.nrf_gpio_pin_read) for nrf_gpio_pin_read
    main.o(i.APP_PowerOff) refers to main.o(i.NVIC_SystemReset) for NVIC_SystemReset
    main.o(i.APP_PowerOn) refers to mpa.o(i.WAC_ReadBattery) for WAC_ReadBattery
    main.o(i.APP_PowerOn) refers to main.o(i.nrf_gpio_pin_clear) for nrf_gpio_pin_clear
    main.o(i.APP_PowerOn) refers to main.o(i.nrf_gpio_pin_read) for nrf_gpio_pin_read
    main.o(i.APP_PowerOn) refers to main.o(i.nrf_delay_ms) for nrf_delay_ms
    main.o(i.APP_PowerOn) refers to main.o(i.NVIC_SystemReset) for NVIC_SystemReset
    main.o(i.APP_PowerOn) refers to main.o(i.nrf_gpio_pin_set) for nrf_gpio_pin_set
    main.o(i.APP_PowerOn) refers to mpa.o(.bss) for WACData
    main.o(i.advertising_init) refers to memseta.o(.text) for __aeabi_memclr4
    main.o(i.advertising_init) refers to ble_advertising.o(i.ble_advertising_init) for ble_advertising_init
    main.o(i.advertising_init) refers to app_error.o(i.app_error_handler_bare) for app_error_handler_bare
    main.o(i.advertising_init) refers to ble_mpa.o(.bss) for WACPeripheral
    main.o(i.advertising_init) refers to main.o(i.on_adv_evt) for on_adv_evt
    main.o(i.advertising_start) refers to ble_advertising.o(i.ble_advertising_start) for ble_advertising_start
    main.o(i.advertising_start) refers to app_error.o(i.app_error_handler_bare) for app_error_handler_bare
    main.o(i.assert_nrf_callback) refers to app_error.o(i.app_error_handler) for app_error_handler
    main.o(i.ble_evt_dispatch) refers to ble_conn_state.o(i.ble_conn_state_on_ble_evt) for ble_conn_state_on_ble_evt
    main.o(i.ble_evt_dispatch) refers to peer_manager.o(i.pm_on_ble_evt) for pm_on_ble_evt
    main.o(i.ble_evt_dispatch) refers to ble_bas.o(i.ble_bas_on_ble_evt) for ble_bas_on_ble_evt
    main.o(i.ble_evt_dispatch) refers to ble_mpa.o(i.WAC_BLE_OnDispatch) for WAC_BLE_OnDispatch
    main.o(i.ble_evt_dispatch) refers to ble_conn_params.o(i.ble_conn_params_on_ble_evt) for ble_conn_params_on_ble_evt
    main.o(i.ble_evt_dispatch) refers to bsp_btn_ble.o(i.bsp_btn_ble_on_ble_evt) for bsp_btn_ble_on_ble_evt
    main.o(i.ble_evt_dispatch) refers to main.o(i.on_ble_evt) for on_ble_evt
    main.o(i.ble_evt_dispatch) refers to ble_advertising.o(i.ble_advertising_on_ble_evt) for ble_advertising_on_ble_evt
[...]
    app_timer_init                           0x00020f79   Thumb Code   114  app_timer.o(i.app_timer_init)
    app_timer_start                          0x00021005   Thumb Code    78  app_timer.o(i.app_timer_start)
    app_timer_stop                           0x00021059   Thumb Code    44  app_timer.o(i.app_timer_stop)
    app_util_critical_region_enter           0x00021089   Thumb Code    12  app_util_platform.o(i.app_util_critical_region_enter)
    app_util_critical_region_exit            0x00021095   Thumb Code    62  app_util_platform.o(i.app_util_critical_region_exit)
    ble_advdata_set                          0x00021449   Thumb Code   148  ble_advdata.o(i.ble_advdata_set)
    ble_advertising_init                     0x000214dd   Thumb Code   318  ble_advertising.o(i.ble_advertising_init)
    ble_advertising_on_ble_evt               0x00021651   Thumb Code    50  ble_advertising.o(i.ble_advertising_on_ble_evt)
    ble_advertising_on_sys_evt               0x00021685   Thumb Code    62  ble_advertising.o(i.ble_advertising_on_sys_evt)
    ble_advertising_start                    0x000216d1   Thumb Code   314  ble_advertising.o(i.ble_advertising_start)
    ble_bas_battery_level_update             0x00021839   Thumb Code   140  ble_bas.o(i.ble_bas_battery_level_update)
    ble_bas_init                             0x000218c5   Thumb Code    76  ble_bas.o(i.ble_bas_init)
    ble_bas_on_ble_evt                       0x00021911   Thumb Code    66  ble_bas.o(i.ble_bas_on_ble_evt)
    ble_conn_params_init                     0x00021955   Thumb Code    84  ble_conn_params.o(i.ble_conn_params_init)
    ble_conn_params_on_ble_evt               0x000219c5   Thumb Code    62  ble_conn_params.o(i.ble_conn_params_on_ble_evt)
    ble_conn_state_conn_handles              0x00021a05   Thumb Code    18  ble_conn_state.o(i.ble_conn_state_conn_handles)
    ble_conn_state_encrypted                 0x00021a1d   Thumb Code    18  ble_conn_state.o(i.ble_conn_state_encrypted)
    ble_conn_state_mitm_protected            0x00021a35   Thumb Code    18  ble_conn_state.o(i.ble_conn_state_mitm_protected)
    ble_conn_state_on_ble_evt                0x00021a4d   Thumb Code   152  ble_conn_state.o(i.ble_conn_state_on_ble_evt)
    ble_conn_state_role                      0x00021ae9   Thumb Code    50  ble_conn_state.o(i.ble_conn_state_role)
    ble_conn_state_user_flag_acquire         0x00021b21   Thumb Code    36  ble_conn_state.o(i.ble_conn_state_user_flag_acquire)
    ble_conn_state_user_flag_collection      0x00021b45   Thumb Code    22  ble_conn_state.o(i.ble_conn_state_user_flag_collection)
    ble_conn_state_user_flag_get             0x00021b61   Thumb Code    32  ble_conn_state.o(i.ble_conn_state_user_flag_get)
    ble_conn_state_user_flag_set             0x00021b85   Thumb Code    32  ble_conn_state.o(i.ble_conn_state_user_flag_set)
    ble_dis_init                             0x00021c21   Thumb Code   366  ble_dis.o(i.ble_dis_init)
    ble_srv_ascii_to_utf8                    0x00021e01   Thumb Code    18  ble_srv_common.o(i.ble_srv_ascii_to_utf8)
    ble_srv_is_notification_enabled          0x00021e13   Thumb Code    18  ble_srv_common.o(i.ble_srv_is_notification_enabled)
    ble_srv_report_ref_encode                0x00021e25   Thumb Code    60  ble_srv_common.o(i.ble_srv_report_ref_encode)
    bsp_board_button_idx_to_pin              0x00021f1d   Thumb Code     8  boards.o(i.bsp_board_button_idx_to_pin)
    bsp_board_led_invert                     0x00021f29   Thumb Code    44  boards.o(i.bsp_board_led_invert)
    bsp_board_led_off                        0x00021f59   Thumb Code    16  boards.o(i.bsp_board_led_off)
    bsp_board_led_on                         0x00021f6d   Thumb Code    16  boards.o(i.bsp_board_led_on)
    bsp_board_led_state_get                  0x00021f81   Thumb Code    44  boards.o(i.bsp_board_led_state_get)
    bsp_board_leds_off                       0x00021fb1   Thumb Code    20  boards.o(i.bsp_board_leds_off)
    bsp_board_leds_on                        0x00021fc5   Thumb Code    20  boards.o(i.bsp_board_leds_on)
    bsp_board_pin_to_button_idx              0x00021fd9   Thumb Code    32  boards.o(i.bsp_board_pin_to_button_idx)
    bsp_btn_ble_on_ble_evt                   0x00021ffd   Thumb Code   110  bsp_btn_ble.o(i.bsp_btn_ble_on_ble_evt)
    bsp_btn_ble_sleep_mode_prepare           0x00022075   Thumb Code    50  bsp_btn_ble.o(i.bsp_btn_ble_sleep_mode_prepare)
    bsp_event_to_button_action_assign        0x00022179   Thumb Code    86  bsp.o(i.bsp_event_to_button_action_assign)
    bsp_indication_set                       0x000221d5   Thumb Code    28  bsp.o(i.bsp_indication_set)
    bsp_wakeup_button_enable                 0x00022515   Thumb Code    22  bsp.o(i.bsp_wakeup_button_enable)
    chunk_queue_next                         0x00022775   Thumb Code    26  fds.o(i.chunk_queue_next)
    fds_file_delete                          0x00023209   Thumb Code    72  fds.o(i.fds_file_delete)
    fds_gc                                   0x00023251   Thumb Code    60  fds.o(i.fds_gc)
    fds_init                                 0x00023291   Thumb Code   178  fds.o(i.fds_init)
    fds_record_close                         0x00023345   Thumb Code    84  fds.o(i.fds_record_close)
    fds_record_find                          0x0002339d   Thumb Code    22  fds.o(i.fds_record_find)
    fds_record_find_by_key                   0x000233b3   Thumb Code    20  fds.o(i.fds_record_find_by_key)
    fds_record_find_in_file                  0x000233c7   Thumb Code    20  fds.o(i.fds_record_find_in_file)
    fds_record_id_from_desc                  0x000233db   Thumb Code    18  fds.o(i.fds_record_id_from_desc)
    fds_record_open                          0x000233ed   Thumb Code    72  fds.o(i.fds_record_open)
    fds_record_update                        0x00023439   Thumb Code    26  fds.o(i.fds_record_update)
    fds_record_write                         0x00023453   Thumb Code    20  fds.o(i.fds_record_write)
    fds_record_write_reserved                0x00023467   Thumb Code    28  fds.o(i.fds_record_write_reserved)
    fds_register                             0x00023485   Thumb Code    38  fds.o(i.fds_register)
    fds_reserve                              0x000234b5   Thumb Code    48  fds.o(i.fds_reserve)
    fds_reserve_cancel                       0x000234e5   Thumb Code    74  fds.o(i.fds_reserve_cancel)
    fs_erase                                 0x000236dd   Thumb Code   124  fstorage.o(i.fs_erase)
    fs_init                                  0x00023785   Thumb Code   178  fstorage.o(i.fs_init)
    fs_queued_op_count_get                   0x00023845   Thumb Code    18  fstorage.o(i.fs_queued_op_count_get)
    fs_store                                 0x0002385d   Thumb Code   142  fstorage.o(i.fs_store)
    fs_sys_event_handler                     0x000238f1   Thumb Code   100  fstorage.o(i.fs_sys_event_handler)
    gatt_evt_handler                         0x00023a1d   Thumb Code     2  main.o(i.gatt_evt_handler)
    gatt_init                                0x00023a21   Thumb Code    32  main.o(i.gatt_init)
    gcm_ble_evt_handler                      0x00023d2d   Thumb Code   110  gatt_cache_manager.o(i.gcm_ble_evt_handler)
    gcm_gscm_evt_handler                     0x00023da1   Thumb Code   114  gatt_cache_manager.o(i.gcm_gscm_evt_handler)
    gcm_im_evt_handler                       0x00023e19   Thumb Code    44  gatt_cache_manager.o(i.gcm_im_evt_handler)
    gcm_init                                 0x00023e49   Thumb Code    84  gatt_cache_manager.o(i.gcm_init)
    gcm_local_database_has_changed           0x00023eb1   Thumb Code    70  gatt_cache_manager.o(i.gcm_local_database_has_changed)
    gcm_smd_evt_handler                      0x00023efd   Thumb Code    24  gatt_cache_manager.o(i.gcm_smd_evt_handler)
    get_connection_by_conn_handle            0x00023f15   Thumb Code    50  id_manager.o(i.get_connection_by_conn_handle)
    get_free_connection                      0x00023f51   Thumb Code    42  id_manager.o(i.get_free_connection)
    gscm_db_change_notification_done         0x00024005   Thumb Code    24  gatts_cache_manager.o(i.gscm_db_change_notification_done)
    gscm_init                                0x00024021   Thumb Code    16  gatts_cache_manager.o(i.gscm_init)
    gscm_local_database_has_changed          0x00024035   Thumb Code    20  gatts_cache_manager.o(i.gscm_local_database_has_changed)
    gscm_local_db_cache_apply                0x0002404d   Thumb Code   144  gatts_cache_manager.o(i.gscm_local_db_cache_apply)
    gscm_local_db_cache_update               0x000240dd   Thumb Code   150  gatts_cache_manager.o(i.gscm_local_db_cache_update)
    gscm_pdb_evt_handler                     0x00024175   Thumb Code    84  gatts_cache_manager.o(i.gscm_pdb_evt_handler)
    gscm_service_changed_ind_needed          0x000241cd   Thumb Code    36  gatts_cache_manager.o(i.gscm_service_changed_ind_needed)
    gscm_service_changed_ind_send            0x000241f1   Thumb Code    54  gatts_cache_manager.o(i.gscm_service_changed_ind_send)
    im_address_resolve                       0x00024245   Thumb Code    76  id_manager.o(i.im_address_resolve)
    im_ble_addr_get                          0x00024291   Thumb Code    48  id_manager.o(i.im_ble_addr_get)
    im_ble_evt_handler                       0x000242c5   Thumb Code   206  id_manager.o(i.im_ble_evt_handler)
    im_conn_handle_get                       0x00024395   Thumb Code    44  id_manager.o(i.im_conn_handle_get)
    im_init                                  0x000243c5   Thumb Code    36  id_manager.o(i.im_init)
    im_is_duplicate_bonding_data             0x000243f1   Thumb Code    68  id_manager.o(i.im_is_duplicate_bonding_data)
    im_master_id_is_valid                    0x00024435   Thumb Code    34  id_manager.o(i.im_master_id_is_valid)
    im_master_ids_compare                    0x00024457   Thumb Code    50  id_manager.o(i.im_master_ids_compare)
    im_new_peer_id                           0x00024489   Thumb Code    16  id_manager.o(i.im_new_peer_id)
    im_pdb_evt_handler                       0x00024499   Thumb Code   124  id_manager.o(i.im_pdb_evt_handler)
    im_peer_free                             0x00024515   Thumb Code    42  id_manager.o(i.im_peer_free)
    im_peer_id_get_by_conn_handle            0x00024541   Thumb Code    34  id_manager.o(i.im_peer_id_get_by_conn_handle)
    im_peer_id_get_by_master_id              0x00024569   Thumb Code    64  id_manager.o(i.im_peer_id_get_by_master_id)
    intern_softdevice_events_execute         0x000246c1   Thumb Code   158  softdevice_handler.o(i.intern_softdevice_events_execute)
    is_valid_irk                             0x000249d9   Thumb Code    24  id_manager.o(i.is_valid_irk)
    main                                     0x000250b1   Thumb Code    86  main.o(i.main)
    new_connection                           0x00025241   Thumb Code   104  id_manager.o(i.new_connection)
    next_id_get                              0x000252b1   Thumb Code    52  peer_id.o(i.next_id_get)
    nrf_ble_gatt_init                        0x000252fb   Thumb Code    76  nrf_ble_gatt.o(i.nrf_ble_gatt_init)
    nrf_ble_gatt_on_ble_evt                  0x00025347   Thumb Code   150  nrf_ble_gatt.o(i.nrf_ble_gatt_on_ble_evt)
    nrf_drv_clock_init                       0x00025681   Thumb Code    94  nrf_drv_clock.o(i.nrf_drv_clock_init)
    nrf_drv_clock_on_sd_enable               0x000256e9   Thumb Code    46  nrf_drv_clock.o(i.nrf_drv_clock_on_sd_enable)
    nrf_drv_clock_on_soc_event               0x0002571d   Thumb Code    14  nrf_drv_clock.o(i.nrf_drv_clock_on_soc_event)
    nrf_drv_common_irq_enable                0x0002572d   Thumb Code    84  nrf_drv_common.o(i.nrf_drv_common_irq_enable)
    nrf_drv_gpiote_in_event_enable           0x00025799   Thumb Code   164  nrf_drv_gpiote.o(i.nrf_drv_gpiote_in_event_enable)
    nrf_drv_gpiote_in_init                   0x00025845   Thumb Code   206  nrf_drv_gpiote.o(i.nrf_drv_gpiote_in_init)
    nrf_drv_gpiote_in_is_set                 0x00025921   Thumb Code    20  nrf_drv_gpiote.o(i.nrf_drv_gpiote_in_is_set)
    nrf_drv_gpiote_init                      0x00025935   Thumb Code    90  nrf_drv_gpiote.o(i.nrf_drv_gpiote_init)
    nrf_drv_gpiote_is_init                   0x00025995   Thumb Code    16  nrf_drv_gpiote.o(i.nrf_drv_gpiote_is_init)
    nrf_drv_saadc_channel_init               0x000259a9   Thumb Code    86  nrf_drv_saadc.o(i.nrf_drv_saadc_channel_init)
    nrf_drv_saadc_init                       0x00025a05   Thumb Code   144  nrf_drv_saadc.o(i.nrf_drv_saadc_init)
    nrf_drv_saadc_sample_convert             0x00025aa1   Thumb Code   226  nrf_drv_saadc.o(i.nrf_drv_saadc_sample_convert)
    nrf_drv_twi_enable                       0x00025b89   Thumb Code    32  nrf_drv_twi.o(i.nrf_drv_twi_enable)
    nrf_drv_twi_init                         0x00025bad   Thumb Code   146  nrf_drv_twi.o(i.nrf_drv_twi_init)
    nrf_saadc_channel_init                   0x00025e9d   Thumb Code   108  nrf_saadc.o(i.nrf_saadc_channel_init)
    on_connected_evt                         0x00026225   Thumb Code   100  nrf_ble_gatt.o(i.on_connected_evt)
    on_data_length_changed_evt               0x00026289   Thumb Code     6  nrf_ble_gatt.o(i.on_data_length_changed_evt)
    on_exchange_mtu_request_evt              0x00026315   Thumb Code   154  nrf_ble_gatt.o(i.on_exchange_mtu_request_evt)
    on_exchange_mtu_rsp_evt                  0x000263af   Thumb Code   130  nrf_ble_gatt.o(i.on_exchange_mtu_rsp_evt)
    pdb_init                                 0x000269cd   Thumb Code    52  peer_database.o(i.pdb_init)
    pdb_next_deleted_peer_id_get             0x00026a11   Thumb Code    12  peer_database.o(i.pdb_next_deleted_peer_id_get)
    pdb_next_peer_id_get                     0x00026a1d   Thumb Code    12  peer_database.o(i.pdb_next_peer_id_get)
    pdb_pds_evt_handler                      0x00026a29   Thumb Code   436  peer_database.o(i.pdb_pds_evt_handler)
    pdb_peer_allocate                        0x00026be5   Thumb Code     8  peer_database.o(i.pdb_peer_allocate)
    pdb_peer_data_ptr_get                    0x00026bed   Thumb Code    22  peer_database.o(i.pdb_peer_data_ptr_get)
    pdb_peer_free                            0x00026c03   Thumb Code    88  peer_database.o(i.pdb_peer_free)
    pdb_raw_store                            0x00026c5b   Thumb Code    22  peer_database.o(i.pdb_raw_store)
    pdb_write_buf_get                        0x00026c71   Thumb Code   302  peer_database.o(i.pdb_write_buf_get)
    pdb_write_buf_release                    0x00026da5   Thumb Code    54  peer_database.o(i.pdb_write_buf_release)
    pdb_write_buf_store                      0x00026ddd   Thumb Code   252  peer_database.o(i.pdb_write_buf_store)
    pdb_write_buf_store_prepare              0x00026ee1   Thumb Code   116  peer_database.o(i.pdb_write_buf_store_prepare)
    pds_init                                 0x00026f79   Thumb Code    46  peer_data_storage.o(i.pds_init)
    pds_next_deleted_peer_id_get             0x00026fb1   Thumb Code    12  peer_data_storage.o(i.pds_next_deleted_peer_id_get)
    pds_next_peer_id_get                     0x00026fbd   Thumb Code    12  peer_data_storage.o(i.pds_next_peer_id_get)
    pds_peer_data_iterate                    0x00026fc9   Thumb Code    88  peer_data_storage.o(i.pds_peer_data_iterate)
    pds_peer_data_iterate_prepare            0x00027025   Thumb Code    10  peer_data_storage.o(i.pds_peer_data_iterate_prepare)
    pds_peer_data_read                       0x00027035   Thumb Code   136  peer_data_storage.o(i.pds_peer_data_read)
    pds_peer_data_store                      0x000270bd   Thumb Code   186  peer_data_storage.o(i.pds_peer_data_store)
    pds_peer_id_allocate                     0x00027177   Thumb Code    12  peer_data_storage.o(i.pds_peer_id_allocate)
    pds_peer_id_free                         0x00027183   Thumb Code    30  peer_data_storage.o(i.pds_peer_id_free)
    pds_peer_id_is_allocated                 0x000271a1   Thumb Code    12  peer_data_storage.o(i.pds_peer_id_is_allocated)
    pds_space_reserve                        0x000271ad   Thumb Code    60  peer_data_storage.o(i.pds_space_reserve)
    pds_space_reserve_cancel                 0x000271e9   Thumb Code    20  peer_data_storage.o(i.pds_space_reserve_cancel)
    peer_id_allocate                         0x00027345   Thumb Code    14  peer_id.o(i.peer_id_allocate)
    peer_id_delete                           0x00027359   Thumb Code    38  peer_id.o(i.peer_id_delete)
    peer_id_free                             0x00027385   Thumb Code    24  peer_id.o(i.peer_id_free)
    peer_id_get_next_deleted                 0x000273a1   Thumb Code    14  peer_id.o(i.peer_id_get_next_deleted)
    peer_id_get_next_used                    0x000273b5   Thumb Code    50  peer_id.o(i.peer_id_get_next_used)
    peer_id_init                             0x000273ed   Thumb Code    32  peer_id.o(i.peer_id_init)
    peer_id_is_allocated                     0x00027411   Thumb Code    22  peer_id.o(i.peer_id_is_allocated)
    peer_id_is_deleted                       0x0002742d   Thumb Code    22  peer_id.o(i.peer_id_is_deleted)
    pm_buffer_block_acquire                  0x00027629   Thumb Code    98  pm_buffer.o(i.pm_buffer_block_acquire)
    pm_buffer_init                           0x0002768b   Thumb Code    78  pm_buffer.o(i.pm_buffer_init)
    pm_buffer_ptr_get                        0x000276d9   Thumb Code    48  pm_buffer.o(i.pm_buffer_ptr_get)
    pm_buffer_release                        0x00027709   Thumb Code    40  pm_buffer.o(i.pm_buffer_release)
    pm_conn_sec_config_reply                 0x00027731   Thumb Code    16  peer_manager.o(i.pm_conn_sec_config_reply)
    pm_gcm_evt_handler                       0x00027805   Thumb Code   190  peer_manager.o(i.pm_gcm_evt_handler)
    pm_im_evt_handler                        0x000278c5   Thumb Code    82  peer_manager.o(i.pm_im_evt_handler)
    pm_init                                  0x0002791d   Thumb Code   146  peer_manager.o(i.pm_init)
    pm_local_database_has_changed            0x000279c1   Thumb Code    22  peer_manager.o(i.pm_local_database_has_changed)
    pm_mutex_init                            0x000279dd   Thumb Code    20  pm_mutex.o(i.pm_mutex_init)
    pm_mutex_lock                            0x000279f1   Thumb Code    32  pm_mutex.o(i.pm_mutex_lock)
    pm_mutex_lock_first_available            0x00027a11   Thumb Code    48  pm_mutex.o(i.pm_mutex_lock_first_available)
    pm_mutex_lock_status_get                 0x00027a41   Thumb Code    36  pm_mutex.o(i.pm_mutex_lock_status_get)
    pm_mutex_unlock                          0x00027a65   Thumb Code    56  pm_mutex.o(i.pm_mutex_unlock)
    pm_on_ble_evt                            0x00027a9d   Thumb Code    38  peer_manager.o(i.pm_on_ble_evt)
    pm_pdb_evt_handler                       0x00027ac9   Thumb Code   440  peer_manager.o(i.pm_pdb_evt_handler)
    pm_peer_delete                           0x00027c91   Thumb Code    26  peer_manager.o(i.pm_peer_delete)
    pm_peers_delete                          0x00027cb1   Thumb Code    70  peer_manager.o(i.pm_peers_delete)
    pm_register                              0x00027d01   Thumb Code    52  peer_manager.o(i.pm_register)
    pm_sec_params_set                        0x00027d41   Thumb Code    30  peer_manager.o(i.pm_sec_params_set)
    pm_sm_evt_handler                        0x00027d65   Thumb Code   424  peer_manager.o(i.pm_sm_evt_handler)
    sdk_mapped_flags_bulk_update_by_key      0x000287ed   Thumb Code   118  sdk_mapped_flags.o(i.sdk_mapped_flags_bulk_update_by_key)
    sdk_mapped_flags_first_key_index_get     0x00028863   Thumb Code    36  sdk_mapped_flags.o(i.sdk_mapped_flags_first_key_index_get)
    sdk_mapped_flags_get_by_key              0x00028899   Thumb Code    46  sdk_mapped_flags.o(i.sdk_mapped_flags_get_by_key)
    sdk_mapped_flags_key_list_get            0x000288c7   Thumb Code    66  sdk_mapped_flags.o(i.sdk_mapped_flags_key_list_get)
    sdk_mapped_flags_update_by_key           0x00028909   Thumb Code    26  sdk_mapped_flags.o(i.sdk_mapped_flags_update_by_key)
    sm_ble_evt_handler                       0x00029145   Thumb Code    20  security_manager.o(i.sm_ble_evt_handler)
    sm_conn_sec_config_reply                 0x0002915d   Thumb Code    30  security_manager.o(i.sm_conn_sec_config_reply)
    sm_init                                  0x00029181   Thumb Code    66  security_manager.o(i.sm_init)
    sm_pdb_evt_handler                       0x000291e5   Thumb Code    80  security_manager.o(i.sm_pdb_evt_handler)
    sm_sec_params_set                        0x00029245   Thumb Code    46  security_manager.o(i.sm_sec_params_set)
    sm_smd_evt_handler                       0x0002927d   Thumb Code   156  security_manager.o(i.sm_smd_evt_handler)
    smd_ble_evt_handler                      0x00029321   Thumb Code    88  security_dispatcher.o(i.smd_ble_evt_handler)
    smd_init                                 0x00029379   Thumb Code    58  security_dispatcher.o(i.smd_init)
    smd_link_secure                          0x000293c5   Thumb Code    56  security_dispatcher.o(i.smd_link_secure)
    smd_params_reply                         0x000293fd   Thumb Code   284  security_dispatcher.o(i.smd_params_reply)
    smd_pdb_evt_handler                      0x000295ad   Thumb Code    48  security_dispatcher.o(i.smd_pdb_evt_handler)
    softdevice_ble_evt_handler_set           0x000295e1   Thumb Code    20  softdevice_handler.o(i.softdevice_ble_evt_handler_set)
    softdevice_enable                        0x000295f9   Thumb Code    66  softdevice_handler.o(i.softdevice_enable)
    softdevice_enable_get_default_config     0x00029645   Thumb Code    44  softdevice_handler.o(i.softdevice_enable_get_default_config)
    softdevice_fault_handler                 0x00029671   Thumb Code    20  softdevice_handler.o(i.softdevice_fault_handler)
    softdevice_handler_init                  0x00029685   Thumb Code   134  softdevice_handler.o(i.softdevice_handler_init)
    softdevice_handler_is_enabled            0x00029721   Thumb Code     6  softdevice_handler.o(i.softdevice_handler_is_enabled)
    softdevice_sys_evt_handler_set           0x0002972d   Thumb Code    20  softdevice_handler.o(i.softdevice_sys_evt_handler_set)
    timer_start                              0x00029999   Thumb Code    38  main.o(i.timer_start)
    m_twi                                    0x0002a4e8   Data           8  main.o(.constdata)
    Region$$Table$$Base                      0x0002a70c   Number         0  anon$$obj.o(Region$$Table)
    Region$$Table$$Limit                     0x0002a72c   Number         0  anon$$obj.o(Region$$Table)
    Image$$RW_IRAM1$$Base                    0x20002c48   Number         0  anon$$obj.o ABSOLUTE
    m_conn_handle                            0x20002c48   Data           2  main.o(.data)
    SystemCoreClock                          0x20002dbc   Data           4  system_nrf52.o(.data)
    fs_data$$Base                            0x20002dc0   Number         0  fds.o(fs_data)
    fs_data$$Limit                           0x20002dd0   Number         0  fds.o(fs_data)
    m_bas                                    0x20002dd0   Data          24  main.o(.bss)
    m_gatt                                   0x20002de8   Data          16  main.o(.bss)
    WACData                                  0x20002f68   Data          12  mpa.o(.bss)
    WACPeripheral                            0x20003530   Data          22  ble_mpa.o(.bss)
    nrf_nvic_state                           0x2000364c   Data          12  app_util_platform.o(.bss)
    __initial_sp                             0x200057e0   Data           0  arm_startup_nrf52.o(STACK)



==============================================================================

Memory Map of the image

  Image Entry point : 0x0001f401

  Load Region LR_IROM1 (Base: 0x0001f000, Size: 0x0000b8b4, Max: 0x00061000, ABSOLUTE, COMPRESSED[0x0000b750])

    Execution Region ER_IROM1 (Base: 0x0001f000, Size: 0x0000b72c, Max: 0x00061000, ABSOLUTE)

    Base Addr    Size         Type   Attr      Idx    E Section Name        Object

    0x0001f000   0x00000400   Data   RO         6381    RESET               arm_startup_nrf52.o
    0x0001f400   0x00000000   Code   RO         6467  * .ARM.Collect$$$$00000000  mc_w.l(entry.o)
    0x0001f400   0x00000004   Code   RO         6747    .ARM.Collect$$$$00000001  mc_w.l(entry2.o)
    0x0001f404   0x00000004   Code   RO         6750    .ARM.Collect$$$$00000004  mc_w.l(entry5.o)
    0x0001f408   0x00000000   Code   RO         6752    .ARM.Collect$$$$00000008  mc_w.l(entry7b.o)
    0x0001f408   0x00000000   Code   RO         6754    .ARM.Collect$$$$0000000A  mc_w.l(entry8b.o)
    0x0001f408   0x00000008   Code   RO         6755    .ARM.Collect$$$$0000000B  mc_w.l(entry9a.o)
    0x0001f410   0x00000000   Code   RO         6757    .ARM.Collect$$$$0000000D  mc_w.l(entry10a.o)
    0x0001f410   0x00000000   Code   RO         6759    .ARM.Collect$$$$0000000F  mc_w.l(entry11a.o)
    0x0001f410   0x00000004   Code   RO         6748    .ARM.Collect$$$$00002712  mc_w.l(entry2.o)
    0x0001f414   0x00000024   Code   RO         6382    .text               arm_startup_nrf52.o
    0x0001f438   0x00000040   Code   RO         6472    .text               mc_w.l(memmovea.o)
    0x0001f478   0x00000024   Code   RO         6474    .text               mc_w.l(memseta.o)
    0x0001f49c   0x0000000e   Code   RO         6476    .text               mc_w.l(strlen.o)
    0x0001f4aa   0x0000001a   Code   RO         6478    .text               mc_w.l(memcmp.o)
    0x0001f4c4   0x00000062   Code   RO         6766    .text               mc_w.l(uldiv.o)
    0x0001f526   0x00000002   PAD
    0x0001f528   0x00000024   Code   RO         6779    .text               mc_w.l(init.o)
    0x0001f54c   0x0000001e   Code   RO         6782    .text               mc_w.l(llshl.o)
    0x0001f56a   0x00000020   Code   RO         6784    .text               mc_w.l(llushr.o)
    0x0001f58a   0x00000056   Code   RO         6799    .text               mc_w.l(__dczerorl2.o)
    0x0001f5e0   0x00000036   Code   RO            4    i.APP_ButtonEventHandler  main.o
    0x0001f616   0x00000002   PAD
    0x0001f618   0x0000001c   Code   RO            5    i.APP_ButtonRegister  main.o
    0x0001f634   0x0000012c   Code   RO            6    i.APP_HardwareConfig  main.o
    0x0001f760   0x00000032   Code   RO            7    i.APP_PowerOff      main.o
    0x0001f792   0x00000002   PAD
    0x0001f794   0x00000094   Code   RO            8    i.APP_PowerOn       main.o
    0x0001f828   0x00000238   Code   RO         3922    i.GPIOTE_IRQHandler  nrf_drv_gpiote.o
    0x0001fa60   0x00000018   Code   RO         5016    i.NVIC_ClearPendingIRQ  app_timer.o
    0x0001fa78   0x00000018   Code   RO         6219    i.NVIC_DisableIRQ   softdevice_handler.o
    0x0001fa90   0x00000016   Code   RO         5017    i.NVIC_EnableIRQ    app_timer.o
    0x0001faa6   0x00000016   Code   RO         6220    i.NVIC_EnableIRQ    softdevice_handler.o
    0x0001fabc   0x00000018   Code   RO         5018    i.NVIC_SetPendingIRQ  app_timer.o
    0x0001fad4   0x00000028   Code   RO         5019    i.NVIC_SetPriority  app_timer.o
    0x0001fafc   0x00000040   Code   RO            9    i.NVIC_SystemReset  main.o
    0x0001fb3c   0x00000040   Code   RO         6389    i.NVIC_SystemReset  system_nrf52.o
    0x0001fb7c   0x00000050   Code   RO         3673    i.POWER_CLOCK_IRQHandler  nrf_drv_clock.o
    0x0001fbcc   0x00000034   Code   RO         5020    i.RTC1_IRQHandler   app_timer.o
    0x0001fc00   0x00000200   Code   RO         4741    i.SAADC_IRQHandler  nrf_drv_saadc.o
    0x0001fe00   0x00000014   Code   RO         4515    i.SPIM0_SPIS0_TWIM0_TWIS0_SPI0_TWI0_IRQHandler  nrf_drv_twi.o
    0x0001fe14   0x00000008   Code   RO         5021    i.SWI0_EGU0_IRQHandler  app_timer.o
    0x0001fe1c   0x00000030   Code   RO         6221    i.SWI2_EGU2_IRQHandler  softdevice_handler.o
    0x0001fe4c   0x00000010   Code   RO         6390    i.SystemCoreClockUpdate  system_nrf52.o
    0x0001fe5c   0x00000258   Code   RO         6391    i.SystemInit        system_nrf52.o
    0x000200b4   0x00000024   Code   RO         4209    i.UARTE0_UART0_IRQHandler  nrf_drv_uart.o
    0x000200d8   0x0000018c   Code   RO         3584    i.WAC_BLE_AddChar   ble_mpa.o
    0x00020264   0x00000014   Code   RO         3585    i.WAC_BLE_OnConnect  ble_mpa.o
    0x00020278   0x00000010   Code   RO         3586    i.WAC_BLE_OnDisconnect  ble_mpa.o
    0x00020288   0x00000038   Code   RO         3587    i.WAC_BLE_OnDispatch  ble_mpa.o
    0x000202c0   0x00000038   Code   RO         3588    i.WAC_BLE_OnWrite   ble_mpa.o
    0x000202f8   0x0000009c   Code   RO         3589    i.WAC_BLE_ServiceInit  ble_mpa.o
    0x00020394   0x00000030   Code   RO         3590    i.WAC_BLE_UpdateGattOnConnection  ble_mpa.o
    0x000203c4   0x0000002c   Code   RO         3591    i.WAC_BLE_WriteGatt  ble_mpa.o
    0x000203f0   0x0000000a   Code   RO          568    i.WAC_BatteryUpdate  mpa.o
    0x000203fa   0x00000002   Code   RO          569    i.WAC_IRQ_IRQHandler  mpa.o
    0x000203fc   0x00000002   Code   RO          570    i.WAC_Init          mpa.o
    0x000203fe   0x00000002   Code   RO          571    i.WAC_PEN_IRQHandler  mpa.o
    0x00020400   0x000000cc   Code   RO          572    i.WAC_ReadBattery   mpa.o
    0x000204cc   0x00000002   Code   RO          573    i.WAC_SAADC_IRQHandler  mpa.o
    0x000204ce   0x00000096   Code   RO          574    i.WAC_voltageToPercentage  mpa.o
    0x00020564   0x00000028   Code   RO         6695    i.__0sprintf$8      mc_w.l(printf8.o)
    0x0002058c   0x0000000e   Code   RO         6793    i.__scatterload_copy  mc_w.l(handlers.o)
    0x0002059a   0x00000002   Code   RO         6794    i.__scatterload_null  mc_w.l(handlers.o)
    0x0002059c   0x0000000e   Code   RO         6795    i.__scatterload_zeroinit  mc_w.l(handlers.o)
    0x000205aa   0x00000002   PAD
    0x000205ac   0x00000038   Code   RO         6222    i.__sd_nvic_app_accessible_irq  softdevice_handler.o
    0x000205e4   0x0000000c   Code   RO         5233    i.__sd_nvic_irq_disable  app_util_platform.o
    0x000205f0   0x00000410   Code   RO         6700    i._printf_core      mc_w.l(printf8.o)
    0x00020a00   0x00000024   Code   RO         6701    i._printf_post_padding  mc_w.l(printf8.o)
    0x00020a24   0x0000002e   Code   RO         6702    i._printf_pre_padding  mc_w.l(printf8.o)
    0x00020a52   0x0000000a   Code   RO         6704    i._sputc            mc_w.l(printf8.o)
    0x00020a5c   0x00000032   Code   RO         1954    i.addr_compare      id_manager.o
    0x00020a8e   0x00000018   Code   RO         1266    i.addr_is_valid     ble_advertising.o
    0x00020aa6   0x00000002   PAD
    0x00020aa8   0x0000002c   Code   RO         5328    i.address_is_valid  fds.o
    0x00020ad4   0x0000016c   Code   RO         1150    i.adv_data_encode   ble_advdata.o
    0x00020c40   0x00000060   Code   RO         1267    i.adv_mode_next_avail_get  ble_advertising.o
    0x00020ca0   0x00000012   Code   RO         1268    i.adv_mode_next_get  ble_advertising.o
    0x00020cb2   0x00000012   Code   RO         1151    i.advdata_check     ble_advdata.o
    0x00020cc4   0x00000054   Code   RO         1016    i.advertising_buttons_configure  bsp_btn_ble.o
    0x00020d18   0x0000007c   Code   RO           10    i.advertising_init  main.o
    0x00020d94   0x0000001e   Code   RO           11    i.advertising_start  main.o
    0x00020db2   0x00000056   Code   RO         1955    i.ah                id_manager.o
    0x00020e08   0x0000002c   Code   RO         4890    i.app_button_enable  app_button.o
    0x00020e34   0x000000a8   Code   RO         4891    i.app_button_init   app_button.o
    0x00020edc   0x00000044   Code   RO         4988    i.app_error_fault_handler  app_error_weak.o
    0x00020f20   0x0000001c   Code   RO         4946    i.app_error_handler_bare  app_error.o
    0x00020f3c   0x0000003c   Code   RO         5024    i.app_timer_create  app_timer.o
    0x00020f78   0x0000008c   Code   RO         5025    i.app_timer_init    app_timer.o
    0x00021004   0x00000054   Code   RO         5026    i.app_timer_start   app_timer.o
    0x00021058   0x00000030   Code   RO         5027    i.app_timer_stop    app_timer.o
    0x00021088   0x0000000c   Code   RO         5234    i.app_util_critical_region_enter  app_util_platform.o
    0x00021094   0x00000048   Code   RO         5235    i.app_util_critical_region_exit  app_util_platform.o
    0x000210dc   0x00000052   Code   RO         1152    i.appearance_encode  ble_advdata.o
    0x0002112e   0x00000002   PAD
    0x00021130   0x00000058   Code   RO         1728    i.apply_pending_flags_check  gatt_cache_manager.o
    0x00021188   0x00000014   Code   RO         3080    i.auth_status_failure_process  security_dispatcher.o
    0x0002119c   0x0000001c   Code   RO         3081    i.auth_status_process  security_dispatcher.o
    0x000211b8   0x000000bc   Code   RO         3082    i.auth_status_success_process  security_dispatcher.o
    0x00021274   0x000001d4   Code   RO         3366    i.battery_level_char_add  ble_bas.o
    0x00021448   0x00000094   Code   RO         1153    i.ble_advdata_set   ble_advdata.o
    0x000214dc   0x00000174   Code   RO         1269    i.ble_advertising_init  ble_advertising.o
    0x00021650   0x00000032   Code   RO         1270    i.ble_advertising_on_ble_evt  ble_advertising.o
    0x00021682   0x00000002   PAD
    0x00021684   0x0000004c   Code   RO         1271    i.ble_advertising_on_sys_evt  ble_advertising.o
    0x000216d0   0x00000168   Code   RO         1274    i.ble_advertising_start  ble_advertising.o
    0x00021838   0x0000008c   Code   RO         3367    i.ble_bas_battery_level_update  ble_bas.o
    0x000218c4   0x0000004c   Code   RO         3368    i.ble_bas_init      ble_bas.o
    0x00021910   0x00000042   Code   RO         3369    i.ble_bas_on_ble_evt  ble_bas.o
    0x00021952   0x00000002   PAD
    0x00021954   0x00000070   Code   RO         1399    i.ble_conn_params_init  ble_conn_params.o
    0x000219c4   0x0000003e   Code   RO         1400    i.ble_conn_params_on_ble_evt  ble_conn_params.o
    0x00021a02   0x00000002   PAD
    0x00021a04   0x00000018   Code   RO         1498    i.ble_conn_state_conn_handles  ble_conn_state.o
    0x00021a1c   0x00000018   Code   RO         1499    i.ble_conn_state_encrypted  ble_conn_state.o
    0x00021a34   0x00000018   Code   RO         1501    i.ble_conn_state_mitm_protected  ble_conn_state.o
    0x00021a4c   0x0000009c   Code   RO         1505    i.ble_conn_state_on_ble_evt  ble_conn_state.o
    0x00021ae8   0x00000038   Code   RO         1507    i.ble_conn_state_role  ble_conn_state.o
    0x00021b20   0x00000024   Code   RO         1509    i.ble_conn_state_user_flag_acquire  ble_conn_state.o
    0x00021b44   0x0000001c   Code   RO         1510    i.ble_conn_state_user_flag_collection  ble_conn_state.o
    0x00021b60   0x00000024   Code   RO         1511    i.ble_conn_state_user_flag_get  ble_conn_state.o
    0x00021b84   0x00000024   Code   RO         1512    i.ble_conn_state_user_flag_set  ble_conn_state.o
    0x00021ba8   0x00000076   Code   RO         1154    i.ble_device_addr_encode  ble_advdata.o
    0x00021c1e   0x00000002   PAD
    0x00021c20   0x00000198   Code   RO         3422    i.ble_dis_init      ble_dis.o
    0x00021db8   0x00000048   Code   RO           13    i.ble_evt_dispatch  main.o
    0x00021e00   0x00000012   Code   RO         1660    i.ble_srv_ascii_to_utf8  ble_srv_common.o
    0x00021e12   0x00000012   Code   RO         1662    i.ble_srv_is_notification_enabled  ble_srv_common.o
    0x00021e24   0x0000003c   Code   RO         1663    i.ble_srv_report_ref_encode  ble_srv_common.o
    0x00021e60   0x000000bc   Code   RO           14    i.ble_stack_init    main.o
    0x00021f1c   0x0000000c   Code   RO          777    i.bsp_board_button_idx_to_pin  boards.o
    0x00021f28   0x00000030   Code   RO          781    i.bsp_board_led_invert  boards.o
    0x00021f58   0x00000014   Code   RO          782    i.bsp_board_led_off  boards.o
    0x00021f6c   0x00000014   Code   RO          783    i.bsp_board_led_on  boards.o
    0x00021f80   0x00000030   Code   RO          784    i.bsp_board_led_state_get  boards.o
    0x00021fb0   0x00000014   Code   RO          786    i.bsp_board_leds_off  boards.o
    0x00021fc4   0x00000014   Code   RO          787    i.bsp_board_leds_on  boards.o
    0x00021fd8   0x00000024   Code   RO          788    i.bsp_board_pin_to_button_idx  boards.o
    0x00021ffc   0x00000078   Code   RO         1018    i.bsp_btn_ble_on_ble_evt  bsp_btn_ble.o
    0x00022074   0x00000032   Code   RO         1019    i.bsp_btn_ble_sleep_mode_prepare  bsp_btn_ble.o
    0x000220a6   0x00000002   PAD
    0x000220a8   0x000000d0   Code   RO          902    i.bsp_button_event_handler  bsp.o
    0x00022178   0x0000005c   Code   RO          906    i.bsp_event_to_button_action_assign  bsp.o
    0x000221d4   0x00000020   Code   RO          907    i.bsp_indication_set  bsp.o
    0x000221f4   0x00000320   Code   RO          909    i.bsp_led_indication  bsp.o
    0x00022514   0x00000016   Code   RO          911    i.bsp_wakeup_button_enable  bsp.o
    0x0002252a   0x00000020   Code   RO         1729    i.cccd_written      gatt_cache_manager.o
    0x0002254a   0x00000002   PAD
    0x0002254c   0x00000020   Code   RO         3923    i.channel_free      nrf_drv_gpiote.o
    0x0002256c   0x00000010   Code   RO         3924    i.channel_handler_get  nrf_drv_gpiote.o
    0x0002257c   0x00000080   Code   RO         3925    i.channel_port_alloc  nrf_drv_gpiote.o
    0x000225fc   0x0000000c   Code   RO         3926    i.channel_port_get  nrf_drv_gpiote.o
    0x00022608   0x000000f8   Code   RO         3423    i.char_add          ble_dis.o
    0x00022700   0x00000020   Code   RO         5754    i.check_config      fstorage.o
    0x00022720   0x00000022   Code   RO         5329    i.chunk_is_aligned  fds.o
    0x00022742   0x00000002   PAD
    0x00022744   0x00000030   Code   RO         5330    i.chunk_queue_get_and_advance  fds.o
    0x00022774   0x00000020   Code   RO         5331    i.chunk_queue_next  fds.o
    0x00022794   0x0000002c   Code   RO         5332    i.chunk_queue_skip  fds.o
    0x000227c0   0x0000004a   Code   RO         2610    i.claim             peer_id.o
    0x0002280a   0x00000002   PAD
    0x0002280c   0x00000030   Code   RO         3674    i.clock_clk_started_notify  nrf_drv_clock.o
    0x0002283c   0x00000090   Code   RO         5029    i.compare_reg_update  app_timer.o
    0x000228cc   0x0000005a   Code   RO         1155    i.conn_int_check    ble_advdata.o
    0x00022926   0x00000068   Code   RO         1156    i.conn_int_encode   ble_advdata.o
    0x0002298e   0x00000010   Code   RO           16    i.conn_params_error_handler  main.o
    0x0002299e   0x00000002   PAD
    0x000229a0   0x00000064   Code   RO           17    i.conn_params_init  main.o
    0x00022a04   0x00000084   Code   RO         1402    i.conn_params_negotiation  ble_conn_params.o
    0x00022a88   0x00000058   Code   RO         3083    i.conn_sec_update_process  security_dispatcher.o
    0x00022ae0   0x00000054   Code   RO         1020    i.connection_buttons_configure  bsp_btn_ble.o
    0x00022b34   0x0000004a   Code   RO         5333    i.delete_execute    fds.o
    0x00022b7e   0x00000002   PAD
    0x00022b80   0x0000008c   Code   RO         4893    i.detection_delay_timeout_handler  app_button.o
    0x00022c0c   0x00000022   Code   RO         3084    i.disconnect_process  security_dispatcher.o
    0x00022c2e   0x00000002   PAD
    0x00022c30   0x00000064   Code   RO         5030    i.elapsed_ticks_acquire  app_timer.o
    0x00022c94   0x00000038   Code   RO         3085    i.encryption_failure  security_dispatcher.o
    0x00022ccc   0x0000000a   Code   RO         5755    i.erase_execute     fstorage.o
    0x00022cd6   0x00000002   PAD
    0x00022cd8   0x00000054   Code   RO         6392    i.errata_108        system_nrf52.o
    0x00022d2c   0x00000030   Code   RO         6393    i.errata_16         system_nrf52.o
    0x00022d5c   0x00000054   Code   RO         6394    i.errata_31         system_nrf52.o
    0x00022db0   0x00000030   Code   RO         6395    i.errata_32         system_nrf52.o
    0x00022de0   0x00000054   Code   RO         6396    i.errata_36         system_nrf52.o
    0x00022e34   0x00000030   Code   RO         6397    i.errata_37         system_nrf52.o
    0x00022e64   0x00000030   Code   RO         6398    i.errata_57         system_nrf52.o
    0x00022e94   0x00000030   Code   RO         6399    i.errata_66         system_nrf52.o
    0x00022ec4   0x00000076   Code   RO         5335    i.event_prepare     fds.o
    0x00022f3a   0x00000002   PAD
    0x00022f3c   0x00000028   Code   RO         5336    i.event_send        fds.o
    0x00022f64   0x00000042   Code   RO         3230    i.events_send_from_err_code  security_manager.o
    0x00022fa6   0x00000002   PAD
    0x00022fa8   0x00000020   Code   RO         1730    i.evt_send          gatt_cache_manager.o
    0x00022fc8   0x00000020   Code   RO         1861    i.evt_send          gatts_cache_manager.o
    0x00022fe8   0x00000020   Code   RO         1956    i.evt_send          id_manager.o
    0x00023008   0x00000028   Code   RO         2705    i.evt_send          peer_manager.o
    0x00023030   0x00000020   Code   RO         3086    i.evt_send          security_dispatcher.o
    0x00023050   0x00000020   Code   RO         3231    i.evt_send          security_manager.o
    0x00023070   0x00000058   Code   RO         5031    i.expired_timers_handler  app_timer.o
    0x000230c8   0x00000002   Code   RO           18    i.fds_evt_handler   main.o
    0x000230ca   0x00000002   PAD
    0x000230cc   0x0000013c   Code   RO         2263    i.fds_evt_handler   peer_data_storage.o
    0x00023208   0x00000048   Code   RO         5338    i.fds_file_delete   fds.o
    0x00023250   0x00000040   Code   RO         5339    i.fds_gc            fds.o
    0x00023290   0x000000b2   Code   RO         5340    i.fds_init          fds.o
    0x00023342   0x00000002   PAD
    0x00023344   0x00000058   Code   RO         5341    i.fds_record_close  fds.o
    0x0002339c   0x00000016   Code   RO         5343    i.fds_record_find   fds.o
    0x000233b2   0x00000014   Code   RO         5344    i.fds_record_find_by_key  fds.o
    0x000233c6   0x00000014   Code   RO         5345    i.fds_record_find_in_file  fds.o
    0x000233da   0x00000012   Code   RO         5346    i.fds_record_id_from_desc  fds.o
    0x000233ec   0x0000004c   Code   RO         5348    i.fds_record_open   fds.o
    0x00023438   0x0000001a   Code   RO         5349    i.fds_record_update  fds.o
    0x00023452   0x00000014   Code   RO         5350    i.fds_record_write  fds.o
    0x00023466   0x0000001c   Code   RO         5351    i.fds_record_write_reserved  fds.o
    0x00023482   0x00000002   PAD
    0x00023484   0x00000030   Code   RO         5352    i.fds_register      fds.o
    0x000234b4   0x00000030   Code   RO         5353    i.fds_reserve       fds.o
    0x000234e4   0x00000050   Code   RO         5354    i.fds_reserve_cancel  fds.o
    0x00023534   0x00000040   Code   RO         5356    i.file_find_and_delete  fds.o
    0x00023574   0x0000000a   Code   RO         2264    i.file_id_to_peer_id  peer_data_storage.o
    0x0002357e   0x00000018   Code   RO         2265    i.file_id_within_pm_range  peer_data_storage.o
    0x00023596   0x00000002   PAD
    0x00023598   0x00000010   Code   RO         5357    i.flag_clear        fds.o
    0x000235a8   0x00000012   Code   RO         3087    i.flag_id_init      security_dispatcher.o
    0x000235ba   0x00000012   Code   RO         3232    i.flag_id_init      security_manager.o
    0x000235cc   0x00000018   Code   RO         5358    i.flag_is_set       fds.o
    0x000235e4   0x00000010   Code   RO         5359    i.flag_set          fds.o
    0x000235f4   0x00000036   Code   RO         1157    i.flags_encode      ble_advdata.o
    0x0002362a   0x00000002   PAD
    0x0002362c   0x0000009c   Code   RO         3233    i.flags_set_from_err_code  security_manager.o
    0x000236c8   0x00000014   Code   RO         1276    i.flash_access_in_progress  ble_advertising.o
    0x000236dc   0x00000080   Code   RO         5756    i.fs_erase          fstorage.o
    0x0002375c   0x0000000e   Code   RO         5360    i.fs_event_handler  fds.o
    0x0002376a   0x00000018   Code   RO         5758    i.fs_flash_page_end_addr  fstorage.o
    0x00023782   0x00000002   PAD
    0x00023784   0x000000c0   Code   RO         5759    i.fs_init           fstorage.o
    0x00023844   0x00000018   Code   RO         5762    i.fs_queued_op_count_get  fstorage.o
    0x0002385c   0x00000094   Code   RO         5763    i.fs_store          fstorage.o
    0x000238f0   0x0000006c   Code   RO         5764    i.fs_sys_event_handler  fstorage.o
    0x0002395c   0x000000c0   Code   RO           19    i.gap_params_init   main.o
    0x00023a1c   0x00000002   Code   RO           20    i.gatt_evt_handler  main.o
    0x00023a1e   0x00000002   PAD
    0x00023a20   0x00000028   Code   RO           21    i.gatt_init         main.o
    0x00023a48   0x00000070   Code   RO         5361    i.gc_execute        fds.o
    0x00023ab8   0x0000003c   Code   RO         5362    i.gc_init           fds.o
    0x00023af4   0x00000028   Code   RO         5363    i.gc_next_page      fds.o
    0x00023b1c   0x00000044   Code   RO         5364    i.gc_page_erase     fds.o
    0x00023b60   0x00000048   Code   RO         5365    i.gc_page_next      fds.o
    0x00023ba8   0x00000040   Code   RO         5366    i.gc_record_copy    fds.o
    0x00023be8   0x00000024   Code   RO         5367    i.gc_record_find_next  fds.o
    0x00023c0c   0x00000058   Code   RO         5368    i.gc_state_advance  fds.o
    0x00023c64   0x0000002c   Code   RO         5369    i.gc_swap_erase     fds.o
    0x00023c90   0x00000044   Code   RO         5370    i.gc_swap_pages     fds.o
    0x00023cd4   0x00000020   Code   RO         5371    i.gc_swap_promote   fds.o
    0x00023cf4   0x00000018   Code   RO         5372    i.gc_tag_new_swap   fds.o
    0x00023d0c   0x00000020   Code   RO         5373    i.gc_update_swap_offset  fds.o
    0x00023d2c   0x00000074   Code   RO         1731    i.gcm_ble_evt_handler  gatt_cache_manager.o
    0x00023da0   0x00000078   Code   RO         1732    i.gcm_gscm_evt_handler  gatt_cache_manager.o
    0x00023e18   0x00000030   Code   RO         1733    i.gcm_im_evt_handler  gatt_cache_manager.o
    0x00023e48   0x00000068   Code   RO         1734    i.gcm_init          gatt_cache_manager.o
    0x00023eb0   0x0000004c   Code   RO         1735    i.gcm_local_database_has_changed  gatt_cache_manager.o
    0x00023efc   0x00000018   Code   RO         1738    i.gcm_smd_evt_handler  gatt_cache_manager.o
    0x00023f14   0x0000003c   Code   RO         1957    i.get_connection_by_conn_handle  id_manager.o
    0x00023f50   0x00000034   Code   RO         1958    i.get_free_connection  id_manager.o
    0x00023f84   0x00000080   Code   RO         4894    i.gpiote_event_handler  app_button.o
    0x00024004   0x0000001c   Code   RO         1862    i.gscm_db_change_notification_done  gatts_cache_manager.o
    0x00024020   0x00000014   Code   RO         1863    i.gscm_init         gatts_cache_manager.o
    0x00024034   0x00000018   Code   RO         1864    i.gscm_local_database_has_changed  gatts_cache_manager.o
    0x0002404c   0x00000090   Code   RO         1865    i.gscm_local_db_cache_apply  gatts_cache_manager.o
    0x000240dc   0x00000096   Code   RO         1867    i.gscm_local_db_cache_update  gatts_cache_manager.o
    0x00024172   0x00000002   PAD
    0x00024174   0x00000058   Code   RO         1868    i.gscm_pdb_evt_handler  gatts_cache_manager.o
    0x000241cc   0x00000024   Code   RO         1869    i.gscm_service_changed_ind_needed  gatts_cache_manager.o
    0x000241f0   0x0000003c   Code   RO         1870    i.gscm_service_changed_ind_send  gatts_cache_manager.o
    0x0002422c   0x00000018   Code   RO         5374    i.header_is_valid   fds.o
    0x00024244   0x0000004c   Code   RO         1959    i.im_address_resolve  id_manager.o
    0x00024290   0x00000034   Code   RO         1960    i.im_ble_addr_get   id_manager.o
    0x000242c4   0x000000ce   Code   RO         1961    i.im_ble_evt_handler  id_manager.o
    0x00024392   0x00000002   PAD
    0x00024394   0x00000030   Code   RO         1962    i.im_conn_handle_get  id_manager.o
    0x000243c4   0x0000002c   Code   RO         1966    i.im_init           id_manager.o
    0x000243f0   0x00000044   Code   RO         1967    i.im_is_duplicate_bonding_data  id_manager.o
    0x00024434   0x00000022   Code   RO         1968    i.im_master_id_is_valid  id_manager.o
    0x00024456   0x00000032   Code   RO         1969    i.im_master_ids_compare  id_manager.o
    0x00024488   0x00000010   Code   RO         1970    i.im_new_peer_id    id_manager.o
    0x00024498   0x0000007c   Code   RO         1971    i.im_pdb_evt_handler  id_manager.o
    0x00024514   0x0000002a   Code   RO         1972    i.im_peer_free      id_manager.o
    0x0002453e   0x00000002   PAD
    0x00024540   0x00000028   Code   RO         1973    i.im_peer_id_get_by_conn_handle  id_manager.o
    0x00024568   0x00000040   Code   RO         1974    i.im_peer_id_get_by_master_id  id_manager.o
    0x000245a8   0x00000118   Code   RO         5375    i.init_execute      fds.o
    0x000246c0   0x000000b8   Code   RO         6223    i.intern_softdevice_events_execute  softdevice_handler.o
    0x00024778   0x0000000c   Code   RO         1739    i.internal_state_reset  gatt_cache_manager.o
    0x00024784   0x00000018   Code   RO         1871    i.internal_state_reset  gatts_cache_manager.o
    0x0002479c   0x0000002c   Code   RO         1979    i.internal_state_reset  id_manager.o
    0x000247c8   0x00000020   Code   RO         2431    i.internal_state_reset  peer_database.o
    0x000247e8   0x0000000e   Code   RO         2611    i.internal_state_reset  peer_id.o
    0x000247f6   0x00000002   PAD
    0x000247f8   0x0000002c   Code   RO         2706    i.internal_state_reset  peer_manager.o
    0x00024824   0x00000190   Code   RO         4516    i.irq_handler_twim  nrf_drv_twi.o
    0x000249b4   0x00000024   Code   RO         1403    i.is_conn_params_ok  ble_conn_params.o
    0x000249d8   0x00000018   Code   RO         1980    i.is_valid_irk      id_manager.o
    0x000249f0   0x00000010   Code   RO         5376    i.is_word_aligned   fds.o
    0x00024a00   0x0000000c   Code   RO         3677    i.item_dequeue      nrf_drv_clock.o
    0x00024a0c   0x000000c4   Code   RO         3234    i.link_secure       security_manager.o
    0x00024ad0   0x0000008e   Code   RO         3088    i.link_secure_central  security_dispatcher.o
    0x00024b5e   0x000000e8   Code   RO         3089    i.link_secure_central_existing_peer  security_dispatcher.o
    0x00024c46   0x0000007c   Code   RO         3090    i.link_secure_central_new_peer  security_dispatcher.o
    0x00024cc2   0x00000002   PAD
    0x00024cc4   0x00000058   Code   RO         3091    i.link_secure_failure  security_dispatcher.o
    0x00024d1c   0x00000080   Code   RO         3235    i.link_secure_pending_process  security_manager.o
    0x00024d9c   0x00000012   Code   RO         3092    i.link_secure_peripheral  security_dispatcher.o
    0x00024dae   0x00000002   PAD
    0x00024db0   0x0000007c   Code   RO         5032    i.list_deletions_handler  app_timer.o
    0x00024e2c   0x000000f8   Code   RO         5033    i.list_insertions_handler  app_timer.o
    0x00024f24   0x000000a0   Code   RO         1740    i.local_db_apply_in_evt  gatt_cache_manager.o
    0x00024fc4   0x000000b8   Code   RO         1741    i.local_db_update_in_evt  gatt_cache_manager.o
    0x0002507c   0x00000034   Code   RO         3027    i.lock_by_mask      pm_mutex.o
    0x000250b0   0x00000056   Code   RO           22    i.main              main.o
    0x00025106   0x00000076   Code   RO         1158    i.manuf_specific_data_encode  ble_advdata.o
    0x0002517c   0x000000c2   Code   RO         1159    i.name_encode       ble_advdata.o
    0x0002523e   0x00000002   PAD
    0x00025240   0x00000070   Code   RO         1981    i.new_connection    id_manager.o
    0x000252b0   0x00000034   Code   RO         2612    i.next_id_get       peer_id.o
    0x000252e4   0x00000016   Code   RO         3927    i.nrf_bitmask_bit_is_set  nrf_drv_gpiote.o
    0x000252fa   0x0000004c   Code   RO         2158    i.nrf_ble_gatt_init  nrf_ble_gatt.o
    0x00025346   0x00000096   Code   RO         2159    i.nrf_ble_gatt_on_ble_evt  nrf_ble_gatt.o
    0x000253dc   0x00000012   Code   RO         3681    i.nrf_clock_event_check  nrf_drv_clock.o
    0x000253ee   0x00000012   Code   RO         3682    i.nrf_clock_event_clear  nrf_drv_clock.o
    0x00025400   0x0000000c   Code   RO         3684    i.nrf_clock_int_disable  nrf_drv_clock.o
    0x0002540c   0x00000012   Code   RO           23    i.nrf_delay_ms      main.o
    0x0002541e   0x00000002   PAD
    0x00025420   0x00000098   Code   RO           24    i.nrf_delay_us      main.o
    0x000254b8   0x00000098   Code   RO          575    i.nrf_delay_us      mpa.o
    0x00025550   0x00000098   Code   RO         4517    i.nrf_delay_us      nrf_drv_twi.o
    0x000255e8   0x00000098   Code   RO         5034    i.nrf_delay_us      app_timer.o
    0x00025680   0x00000068   Code   RO         3693    i.nrf_drv_clock_init  nrf_drv_clock.o
    0x000256e8   0x00000034   Code   RO         3700    i.nrf_drv_clock_on_sd_enable  nrf_drv_clock.o
    0x0002571c   0x0000000e   Code   RO         3701    i.nrf_drv_clock_on_soc_event  nrf_drv_clock.o
    0x0002572a   0x00000002   PAD
    0x0002572c   0x00000060   Code   RO         3876    i.nrf_drv_common_irq_enable  nrf_drv_common.o
    0x0002578c   0x0000000a   Code   RO         4518    i.nrf_drv_get_IRQn  nrf_drv_twi.o
    0x00025796   0x00000002   PAD
    0x00025798   0x000000ac   Code   RO         3932    i.nrf_drv_gpiote_in_event_enable  nrf_drv_gpiote.o
    0x00025844   0x000000dc   Code   RO         3933    i.nrf_drv_gpiote_in_init  nrf_drv_gpiote.o
    0x00025920   0x00000014   Code   RO         3934    i.nrf_drv_gpiote_in_is_set  nrf_drv_gpiote.o
    0x00025934   0x00000060   Code   RO         3936    i.nrf_drv_gpiote_init  nrf_drv_gpiote.o
    0x00025994   0x00000014   Code   RO         3937    i.nrf_drv_gpiote_is_init  nrf_drv_gpiote.o
    0x000259a8   0x0000005c   Code   RO         4745    i.nrf_drv_saadc_channel_init  nrf_drv_saadc.o
    0x00025a04   0x0000009c   Code   RO         4747    i.nrf_drv_saadc_init  nrf_drv_saadc.o
    0x00025aa0   0x000000e8   Code   RO         4751    i.nrf_drv_saadc_sample_convert  nrf_drv_saadc.o
    0x00025b88   0x00000024   Code   RO         4522    i.nrf_drv_twi_enable  nrf_drv_twi.o
    0x00025bac   0x0000009c   Code   RO         4523    i.nrf_drv_twi_init  nrf_drv_twi.o
    0x00025c48   0x00000028   Code   RO           25    i.nrf_gpio_cfg      main.o
    0x00025c70   0x00000028   Code   RO          576    i.nrf_gpio_cfg      mpa.o
    0x00025c98   0x00000028   Code   RO         3951    i.nrf_gpio_cfg      nrf_drv_gpiote.o
    0x00025cc0   0x0000001a   Code   RO           26    i.nrf_gpio_cfg_input  main.o
    0x00025cda   0x00000018   Code   RO           27    i.nrf_gpio_cfg_output  main.o
    0x00025cf2   0x00000032   Code   RO          914    i.nrf_gpio_cfg_sense_set  bsp.o
    0x00025d24   0x00000032   Code   RO         3953    i.nrf_gpio_cfg_sense_set  nrf_drv_gpiote.o
    0x00025d56   0x00000016   Code   RO           28    i.nrf_gpio_pin_clear  main.o
    0x00025d6c   0x00000016   Code   RO         4530    i.nrf_gpio_pin_clear  nrf_drv_twi.o
    0x00025d82   0x00000018   Code   RO           29    i.nrf_gpio_pin_read  main.o
    0x00025d9a   0x00000018   Code   RO         3955    i.nrf_gpio_pin_read  nrf_drv_gpiote.o
    0x00025db2   0x00000016   Code   RO           30    i.nrf_gpio_pin_set  main.o
    0x00025dc8   0x00000016   Code   RO         4531    i.nrf_gpio_pin_set  nrf_drv_twi.o
    0x00025dde   0x0000003a   Code   RO          791    i.nrf_gpio_pin_write  boards.o
    0x00025e18   0x00000028   Code   RO         3957    i.nrf_gpio_ports_read  nrf_drv_gpiote.o
    0x00025e40   0x0000000c   Code   RO         3958    i.nrf_gpiote_event_addr_get  nrf_drv_gpiote.o
    0x00025e4c   0x0000001c   Code   RO         3959    i.nrf_gpiote_event_clear  nrf_drv_gpiote.o
    0x00025e68   0x00000016   Code   RO         3960    i.nrf_gpiote_event_is_set  nrf_drv_gpiote.o
    0x00025e7e   0x00000002   PAD
    0x00025e80   0x0000000c   Code   RO         3961    i.nrf_gpiote_int_enable  nrf_drv_gpiote.o
    0x00025e8c   0x00000010   Code   RO         4754    i.nrf_saadc_buffer_init  nrf_drv_saadc.o
    0x00025e9c   0x00000070   Code   RO         4714    i.nrf_saadc_channel_init  nrf_saadc.o
    0x00025f0c   0x00000018   Code   RO         4755    i.nrf_saadc_channel_input_set  nrf_drv_saadc.o
    0x00025f24   0x00000014   Code   RO         4756    i.nrf_saadc_event_check  nrf_drv_saadc.o
    0x00025f38   0x00000018   Code   RO         4757    i.nrf_saadc_event_clear  nrf_drv_saadc.o
    0x00025f50   0x0000000c   Code   RO         4758    i.nrf_saadc_int_disable  nrf_drv_saadc.o
    0x00025f5c   0x0000000c   Code   RO         4759    i.nrf_saadc_int_enable  nrf_drv_saadc.o
    0x00025f68   0x0000000c   Code   RO         4761    i.nrf_saadc_task_trigger  nrf_drv_saadc.o
    0x00025f74   0x0000000c   Code   RO         4532    i.nrf_twim_errorsrc_get_and_clear  nrf_drv_twi.o
    0x00025f80   0x0000000e   Code   RO         4533    i.nrf_twim_event_check  nrf_drv_twi.o
    0x00025f8e   0x0000000e   Code   RO         4534    i.nrf_twim_event_clear  nrf_drv_twi.o
    0x00025f9c   0x00000006   Code   RO         4535    i.nrf_twim_int_disable  nrf_drv_twi.o
    0x00025fa2   0x00000006   Code   RO         4536    i.nrf_twim_int_enable  nrf_drv_twi.o
    0x00025fa8   0x0000000a   Code   RO         4538    i.nrf_twim_rxd_amount_get  nrf_drv_twi.o
    0x00025fb2   0x00000006   Code   RO         4539    i.nrf_twim_shorts_set  nrf_drv_twi.o
    0x00025fb8   0x00000006   Code   RO         4540    i.nrf_twim_task_trigger  nrf_drv_twi.o
    0x00025fbe   0x0000000a   Code   RO         4542    i.nrf_twim_txd_amount_get  nrf_drv_twi.o
    0x00025fc8   0x0000000c   Code   RO         4234    i.nrf_uart_errorsrc_get_and_clear  nrf_drv_uart.o
    0x00025fd4   0x0000000e   Code   RO         4235    i.nrf_uart_event_check  nrf_drv_uart.o
    0x00025fe2   0x0000000e   Code   RO         4236    i.nrf_uart_event_clear  nrf_drv_uart.o
    0x00025ff0   0x00000006   Code   RO         4238    i.nrf_uart_int_disable  nrf_drv_uart.o
    0x00025ff6   0x00000012   Code   RO         4240    i.nrf_uart_int_enable_check  nrf_drv_uart.o
    0x00026008   0x00000006   Code   RO         4241    i.nrf_uart_task_trigger  nrf_drv_uart.o
    0x0002600e   0x0000000c   Code   RO         4243    i.nrf_uarte_errorsrc_get_and_clear  nrf_drv_uart.o
    0x0002601a   0x0000000e   Code   RO         4244    i.nrf_uarte_event_check  nrf_drv_uart.o
    0x00026028   0x0000000e   Code   RO         4245    i.nrf_uarte_event_clear  nrf_drv_uart.o
    0x00026036   0x0000000a   Code   RO         4249    i.nrf_uarte_rx_amount_get  nrf_drv_uart.o
    0x00026040   0x00000032   Code   RO           31    i.on_adv_evt        main.o
    0x00026072   0x00000002   PAD
    0x00026074   0x00000118   Code   RO           32    i.on_ble_evt        main.o
    0x0002618c   0x0000002c   Code   RO           33    i.on_conn_params_evt  main.o
    0x000261b8   0x00000018   Code   RO         1404    i.on_conn_params_update  ble_conn_params.o
    0x000261d0   0x00000038   Code   RO         1405    i.on_connect        ble_conn_params.o
    0x00026208   0x00000006   Code   RO         3370    i.on_connect        ble_bas.o
    0x0002620e   0x00000002   PAD
    0x00026210   0x00000014   Code   RO         1277    i.on_connected      ble_advertising.o
    0x00026224   0x00000064   Code   RO         2160    i.on_connected_evt  nrf_ble_gatt.o
    0x00026288   0x00000006   Code   RO         2161    i.on_data_length_changed_evt  nrf_ble_gatt.o
    0x0002628e   0x00000002   PAD
    0x00026290   0x00000040   Code   RO         1406    i.on_disconnect     ble_conn_params.o
    0x000262d0   0x00000008   Code   RO         3371    i.on_disconnect     ble_bas.o
    0x000262d8   0x0000003c   Code   RO         1278    i.on_disconnected   ble_advertising.o
    0x00026314   0x0000009a   Code   RO         2162    i.on_exchange_mtu_request_evt  nrf_ble_gatt.o
    0x000263ae   0x00000082   Code   RO         2163    i.on_exchange_mtu_rsp_evt  nrf_ble_gatt.o
    0x00026430   0x0000002c   Code   RO         5765    i.on_operation_failure  fstorage.o
    0x0002645c   0x00000078   Code   RO         5766    i.on_operation_success  fstorage.o
    0x000264d4   0x00000038   Code   RO         1279    i.on_timeout        ble_advertising.o
    0x0002650c   0x0000004c   Code   RO         1407    i.on_write          ble_conn_params.o
    0x00026558   0x00000040   Code   RO         3372    i.on_write          ble_bas.o
    0x00026598   0x000000a4   Code   RO         5377    i.op_enqueue        fds.o
    0x0002663c   0x00000040   Code   RO         5378    i.page_from_record  fds.o
    0x0002667c   0x0000002c   Code   RO         5379    i.page_has_space    fds.o
    0x000266a8   0x0000002c   Code   RO         5380    i.page_identify     fds.o
    0x000266d4   0x0000001e   Code   RO         5381    i.page_is_erased    fds.o
    0x000266f2   0x00000012   Code   RO         5382    i.page_offsets_update  fds.o
    0x00026704   0x00000068   Code   RO         5383    i.page_scan         fds.o
    0x0002676c   0x00000020   Code   RO         5384    i.page_tag_write_data  fds.o
    0x0002678c   0x00000024   Code   RO         5385    i.page_tag_write_swap  fds.o
    0x000267b0   0x00000130   Code   RO         5386    i.pages_init        fds.o
    0x000268e0   0x00000084   Code   RO         3093    i.pairing_failure   security_dispatcher.o
    0x00026964   0x00000048   Code   RO         3236    i.params_reply_pending_process  security_manager.o
    0x000269ac   0x00000020   Code   RO         2433    i.pdb_evt_send      peer_database.o
    0x000269cc   0x00000044   Code   RO         2434    i.pdb_init          peer_database.o
    0x00026a10   0x0000000c   Code   RO         2436    i.pdb_next_deleted_peer_id_get  peer_database.o
    0x00026a1c   0x0000000c   Code   RO         2437    i.pdb_next_peer_id_get  peer_database.o
    0x00026a28   0x000001bc   Code   RO         2438    i.pdb_pds_evt_handler  peer_database.o
    0x00026be4   0x00000008   Code   RO         2439    i.pdb_peer_allocate  peer_database.o
    0x00026bec   0x00000016   Code   RO         2441    i.pdb_peer_data_ptr_get  peer_database.o
    0x00026c02   0x00000058   Code   RO         2442    i.pdb_peer_free     peer_database.o
    0x00026c5a   0x00000016   Code   RO         2443    i.pdb_raw_store     peer_database.o
    0x00026c70   0x00000134   Code   RO         2444    i.pdb_write_buf_get  peer_database.o
    0x00026da4   0x00000036   Code   RO         2445    i.pdb_write_buf_release  peer_database.o
    0x00026dda   0x00000002   PAD
    0x00026ddc   0x00000104   Code   RO         2446    i.pdb_write_buf_store  peer_database.o
    0x00026ee0   0x00000078   Code   RO         2447    i.pdb_write_buf_store_prepare  peer_database.o
    0x00026f58   0x00000020   Code   RO         2266    i.pds_evt_send      peer_data_storage.o
    0x00026f78   0x00000038   Code   RO         2267    i.pds_init          peer_data_storage.o
    0x00026fb0   0x0000000c   Code   RO         2268    i.pds_next_deleted_peer_id_get  peer_data_storage.o
    0x00026fbc   0x0000000c   Code   RO         2269    i.pds_next_peer_id_get  peer_data_storage.o
    0x00026fc8   0x0000005c   Code   RO         2272    i.pds_peer_data_iterate  peer_data_storage.o
    0x00027024   0x00000010   Code   RO         2273    i.pds_peer_data_iterate_prepare  peer_data_storage.o
    0x00027034   0x00000088   Code   RO         2274    i.pds_peer_data_read  peer_data_storage.o
    0x000270bc   0x000000ba   Code   RO         2275    i.pds_peer_data_store  peer_data_storage.o
    0x00027176   0x0000000c   Code   RO         2276    i.pds_peer_id_allocate  peer_data_storage.o
    0x00027182   0x0000001e   Code   RO         2277    i.pds_peer_id_free  peer_data_storage.o
    0x000271a0   0x0000000c   Code   RO         2278    i.pds_peer_id_is_allocated  peer_data_storage.o
    0x000271ac   0x0000003c   Code   RO         2279    i.pds_space_reserve  peer_data_storage.o
    0x000271e8   0x00000014   Code   RO         2280    i.pds_space_reserve_cancel  peer_data_storage.o
    0x000271fc   0x0000001c   Code   RO         2448    i.peer_data_const_point_to_buffer  peer_database.o
    0x00027218   0x000000a4   Code   RO         2281    i.peer_data_delete  peer_data_storage.o
    0x000272bc   0x00000040   Code   RO         2282    i.peer_data_find    peer_data_storage.o
    0x000272fc   0x00000022   Code   RO         2283    i.peer_data_id_is_valid  peer_data_storage.o
    0x0002731e   0x0000000a   Code   RO         2284    i.peer_data_id_to_record_key  peer_data_storage.o
    0x00027328   0x0000001a   Code   RO         2449    i.peer_data_point_to_buffer  peer_database.o
    0x00027342   0x00000002   PAD
    0x00027344   0x00000014   Code   RO         2613    i.peer_id_allocate  peer_id.o
    0x00027358   0x0000002c   Code   RO         2614    i.peer_id_delete    peer_id.o
    0x00027384   0x0000001c   Code   RO         2615    i.peer_id_free      peer_id.o
    0x000273a0   0x00000014   Code   RO         2616    i.peer_id_get_next_deleted  peer_id.o
    0x000273b4   0x00000038   Code   RO         2617    i.peer_id_get_next_used  peer_id.o
    0x000273ec   0x00000024   Code   RO         2618    i.peer_id_init      peer_id.o
    0x00027410   0x0000001c   Code   RO         2619    i.peer_id_is_allocated  peer_id.o
    0x0002742c   0x0000001c   Code   RO         2620    i.peer_id_is_deleted  peer_id.o
    0x00027448   0x00000024   Code   RO         1982    i.peer_id_set       id_manager.o
    0x0002746c   0x0000000a   Code   RO         2285    i.peer_id_to_file_id  peer_data_storage.o
    0x00027476   0x00000046   Code   RO         2286    i.peer_ids_load     peer_data_storage.o
    0x000274bc   0x0000010c   Code   RO           34    i.peer_manager_init  main.o
    0x000275c8   0x0000001c   Code   RO         3964    i.pin_in_use_by_gpiote  nrf_drv_gpiote.o
    0x000275e4   0x00000018   Code   RO         3965    i.pin_in_use_by_port  nrf_drv_gpiote.o
    0x000275fc   0x00000020   Code   RO         3966    i.pin_in_use_by_te  nrf_drv_gpiote.o
    0x0002761c   0x0000000c   Code   RO         3967    i.pin_in_use_clear  nrf_drv_gpiote.o
    0x00027628   0x00000062   Code   RO         2985    i.pm_buffer_block_acquire  pm_buffer.o
    0x0002768a   0x0000004e   Code   RO         2986    i.pm_buffer_init    pm_buffer.o
    0x000276d8   0x00000030   Code   RO         2987    i.pm_buffer_ptr_get  pm_buffer.o
    0x00027708   0x00000028   Code   RO         2988    i.pm_buffer_release  pm_buffer.o
    0x00027730   0x00000010   Code   RO         2708    i.pm_conn_sec_config_reply  peer_manager.o
    0x00027740   0x000000c4   Code   RO           35    i.pm_evt_handler    main.o
    0x00027804   0x000000be   Code   RO         2712    i.pm_gcm_evt_handler  peer_manager.o
    0x000278c2   0x00000002   PAD
    0x000278c4   0x00000058   Code   RO         2715    i.pm_im_evt_handler  peer_manager.o
    0x0002791c   0x000000a4   Code   RO         2716    i.pm_init           peer_manager.o
    0x000279c0   0x0000001c   Code   RO         2718    i.pm_local_database_has_changed  peer_manager.o
    0x000279dc   0x00000014   Code   RO         3028    i.pm_mutex_init     pm_mutex.o
    0x000279f0   0x00000020   Code   RO         3029    i.pm_mutex_lock     pm_mutex.o
    0x00027a10   0x00000030   Code   RO         3030    i.pm_mutex_lock_first_available  pm_mutex.o
    0x00027a40   0x00000024   Code   RO         3031    i.pm_mutex_lock_status_get  pm_mutex.o
    0x00027a64   0x00000038   Code   RO         3032    i.pm_mutex_unlock   pm_mutex.o
    0x00027a9c   0x0000002c   Code   RO         2720    i.pm_on_ble_evt     peer_manager.o
    0x00027ac8   0x000001c8   Code   RO         2721    i.pm_pdb_evt_handler  peer_manager.o
    0x00027c90   0x00000020   Code   RO         2732    i.pm_peer_delete    peer_manager.o
    0x00027cb0   0x00000050   Code   RO         2737    i.pm_peers_delete   peer_manager.o
    0x00027d00   0x00000040   Code   RO         2740    i.pm_register       peer_manager.o
    0x00027d40   0x00000024   Code   RO         2742    i.pm_sec_params_set  peer_manager.o
    0x00027d64   0x000001b0   Code   RO         2743    i.pm_sm_evt_handler  peer_manager.o
    0x00027f14   0x0000008c   Code   RO         3424    i.pnp_id_encode     ble_dis.o
    0x00027fa0   0x0000001a   Code   RO           36    i.power_manage      main.o
    0x00027fba   0x00000002   PAD
    0x00027fbc   0x00000048   Code   RO         5387    i.queue_advance     fds.o
    0x00028004   0x00000034   Code   RO         5767    i.queue_advance     fstorage.o
    0x00028038   0x00000068   Code   RO         5768    i.queue_get_next_free  fstorage.o
    0x000280a0   0x000000a4   Code   RO         5388    i.queue_process     fds.o
    0x00028144   0x0000006c   Code   RO         5769    i.queue_process     fstorage.o
    0x000281b0   0x00000018   Code   RO         5389    i.queue_start       fds.o
    0x000281c8   0x0000002c   Code   RO         5770    i.queue_start       fstorage.o
    0x000281f4   0x0000004c   Code   RO         1514    i.record_activate   ble_conn_state.o
    0x00028240   0x00000088   Code   RO         5390    i.record_find       fds.o
    0x000282c8   0x00000048   Code   RO         5391    i.record_find_and_delete  fds.o
    0x00028310   0x0000007c   Code   RO         5392    i.record_find_by_desc  fds.o
    0x0002838c   0x00000060   Code   RO         5393    i.record_find_next  fds.o
    0x000283ec   0x00000028   Code   RO         5394    i.record_header_flag_dirty  fds.o
    0x00028414   0x0000002c   Code   RO         5395    i.record_header_write_begin  fds.o
    0x00028440   0x00000038   Code   RO         5396    i.record_header_write_finalize  fds.o
    0x00028478   0x00000038   Code   RO         5397    i.record_header_write_id  fds.o
    0x000284b0   0x00000014   Code   RO         5398    i.record_id_new     fds.o
    0x000284c4   0x0000001c   Code   RO         1515    i.record_invalidate  ble_conn_state.o
    0x000284e0   0x00000006   Code   RO         2287    i.record_key_to_peer_data_id  peer_data_storage.o
    0x000284e6   0x00000018   Code   RO         2288    i.record_key_within_pm_range  peer_data_storage.o
    0x000284fe   0x00000002   PAD
    0x00028500   0x00000044   Code   RO         1516    i.record_purge_disconnected  ble_conn_state.o
    0x00028544   0x00000018   Code   RO         1517    i.record_set_disconnected  ble_conn_state.o
    0x0002855c   0x00000050   Code   RO         5399    i.record_write_chunk  fds.o
    0x000285ac   0x00000014   Code   RO         2622    i.release           peer_id.o
    0x000285c0   0x0000000c   Code   RO         5035    i.rtc1_compare0_set  app_timer.o
    0x000285cc   0x0000000c   Code   RO         5036    i.rtc1_counter_get  app_timer.o
    0x000285d8   0x00000018   Code   RO         5037    i.rtc1_init         app_timer.o
    0x000285f0   0x0000003c   Code   RO         5038    i.rtc1_start        app_timer.o
    0x0002862c   0x00000058   Code   RO         5039    i.rtc1_stop         app_timer.o
    0x00028684   0x0000003e   Code   RO         4253    i.rx_byte           nrf_drv_uart.o
    0x000286c2   0x0000001e   Code   RO         4254    i.rx_done_event     nrf_drv_uart.o
    0x000286e0   0x0000008c   Code   RO         6225    i.sd_nvic_EnableIRQ  softdevice_handler.o
    0x0002876c   0x00000068   Code   RO         5238    i.sd_nvic_critical_region_enter  app_util_platform.o
    0x000287d4   0x0000000c   Code   RO         1742    i.sdk_mapped_flags_any_set  gatt_cache_manager.o
    0x000287e0   0x0000000c   Code   RO         3237    i.sdk_mapped_flags_any_set  security_manager.o
    0x000287ec   0x00000076   Code   RO         5933    i.sdk_mapped_flags_bulk_update_by_key  sdk_mapped_flags.o
    0x00028862   0x00000024   Code   RO         5934    i.sdk_mapped_flags_first_key_index_get  sdk_mapped_flags.o
    0x00028886   0x00000012   Code   RO         5935    i.sdk_mapped_flags_get_by_index  sdk_mapped_flags.o
    0x00028898   0x0000002e   Code   RO         5936    i.sdk_mapped_flags_get_by_key  sdk_mapped_flags.o
    0x000288c6   0x00000042   Code   RO         5937    i.sdk_mapped_flags_key_list_get  sdk_mapped_flags.o
    0x00028908   0x0000001a   Code   RO         5939    i.sdk_mapped_flags_update_by_key  sdk_mapped_flags.o
    0x00028922   0x000000d8   Code   RO         3094    i.sec_info_request_process  security_dispatcher.o
    0x000289fa   0x0000001a   Code   RO         3095    i.sec_params_request_process  security_dispatcher.o
    0x00028a14   0x000000e8   Code   RO         3238    i.sec_params_verify  security_manager.o
    0x00028afc   0x0000005c   Code   RO         3096    i.sec_proc_start    security_dispatcher.o
    0x00028b58   0x00000034   Code   RO         3097    i.sec_request_process  security_dispatcher.o
    0x00028b8c   0x00000024   Code   RO         3098    i.sec_start_send    security_dispatcher.o
    0x00028bb0   0x0000001e   Code   RO         3239    i.send_config_req   security_manager.o
    0x00028bce   0x0000005c   Code   RO         5771    i.send_event        fstorage.o
    0x00028c2a   0x00000002   PAD
    0x00028c2c   0x0000006c   Code   RO         1743    i.service_changed_pending_flags_check  gatt_cache_manager.o
    0x00028c98   0x00000050   Code   RO         1872    i.service_changed_pending_set  gatts_cache_manager.o
    0x00028ce8   0x000000b8   Code   RO         1744    i.service_changed_send_in_evt  gatt_cache_manager.o
    0x00028da0   0x00000096   Code   RO         1160    i.service_data_encode  ble_advdata.o
    0x00028e36   0x00000002   PAD
    0x00028e38   0x000001b4   Code   RO           37    i.services_init     main.o
    0x00028fec   0x00000020   Code   RO         1280    i.set_adv_mode_directed  ble_advertising.o
    0x0002900c   0x0000002c   Code   RO         1281    i.set_adv_mode_directed_slow  ble_advertising.o
    0x00029038   0x00000060   Code   RO         1282    i.set_adv_mode_fast  ble_advertising.o
    0x00029098   0x00000060   Code   RO         1283    i.set_adv_mode_slow  ble_advertising.o
    0x000290f8   0x0000004c   Code   RO           38    i.sleep_mode_enter  main.o
    0x00029144   0x00000018   Code   RO         3240    i.sm_ble_evt_handler  security_manager.o
    0x0002915c   0x00000024   Code   RO         3241    i.sm_conn_sec_config_reply  security_manager.o
    0x00029180   0x00000064   Code   RO         3242    i.sm_init           security_manager.o
    0x000291e4   0x00000060   Code   RO         3245    i.sm_pdb_evt_handler  security_manager.o
    0x00029244   0x00000038   Code   RO         3247    i.sm_sec_params_set  security_manager.o
    0x0002927c   0x000000a4   Code   RO         3248    i.sm_smd_evt_handler  security_manager.o
    0x00029320   0x00000058   Code   RO         3099    i.smd_ble_evt_handler  security_dispatcher.o
    0x00029378   0x0000004c   Code   RO         3100    i.smd_init          security_dispatcher.o
    0x000293c4   0x00000038   Code   RO         3101    i.smd_link_secure   security_dispatcher.o
    0x000293fc   0x00000120   Code   RO         3102    i.smd_params_reply  security_dispatcher.o
    0x0002951c   0x00000090   Code   RO         3249    i.smd_params_reply_perform  security_manager.o
    0x000295ac   0x00000034   Code   RO         3103    i.smd_pdb_evt_handler  security_dispatcher.o
    0x000295e0   0x00000018   Code   RO         6226    i.softdevice_ble_evt_handler_set  softdevice_handler.o
    0x000295f8   0x0000004c   Code   RO         6227    i.softdevice_enable  softdevice_handler.o
    0x00029644   0x0000002c   Code   RO         6228    i.softdevice_enable_get_default_config  softdevice_handler.o
    0x00029670   0x00000014   Code   RO         6229    i.softdevice_fault_handler  softdevice_handler.o
    0x00029684   0x0000009c   Code   RO         6230    i.softdevice_handler_init  softdevice_handler.o
    0x00029720   0x0000000c   Code   RO         6231    i.softdevice_handler_is_enabled  softdevice_handler.o
    0x0002972c   0x00000018   Code   RO         6236    i.softdevice_sys_evt_handler_set  softdevice_handler.o
    0x00029744   0x0000000e   Code   RO         1161    i.srdata_check      ble_advdata.o
    0x00029752   0x00000032   Code   RO         5772    i.store_execute     fstorage.o
    0x00029784   0x00000012   Code   RO           39    i.sys_evt_dispatch  main.o
    0x00029796   0x0000008c   Code   RO         3425    i.sys_id_encode     ble_dis.o
    0x00029822   0x0000000a   Code   RO         5040    i.ticks_diff_get    app_timer.o
    0x0002982c   0x00000038   Code   RO         5041    i.timeout_handler_exec  app_timer.o
    0x00029864   0x00000054   Code   RO         5042    i.timer_list_handler  app_timer.o
    0x000298b8   0x0000000a   Code   RO         5043    i.timer_list_handler_sched  app_timer.o
    0x000298c2   0x00000002   PAD
    0x000298c4   0x00000068   Code   RO         5044    i.timer_list_insert  app_timer.o
    0x0002992c   0x0000006c   Code   RO         5045    i.timer_list_remove  app_timer.o
    0x00029998   0x0000002c   Code   RO           40    i.timer_start       main.o
    0x000299c4   0x0000005e   Code   RO         5046    i.timer_start_op_schedule  app_timer.o
    0x00029a22   0x00000042   Code   RO         5047    i.timer_stop_op_schedule  app_timer.o
    0x00029a64   0x00000098   Code   RO         5048    i.timer_timeouts_check  app_timer.o
    0x00029afc   0x0000000a   Code   RO         5049    i.timer_timeouts_check_sched  app_timer.o
    0x00029b06   0x00000002   PAD
    0x00029b08   0x00000054   Code   RO           41    i.timers_init       main.o
    0x00029b5c   0x00000098   Code   RO         4543    i.twi_clear_bus     nrf_drv_twi.o
    0x00029bf4   0x00000026   Code   RO         4256    i.tx_byte           nrf_drv_uart.o
    0x00029c1a   0x00000022   Code   RO         4257    i.tx_done_event     nrf_drv_uart.o
    0x00029c3c   0x00000036   Code   RO         1162    i.tx_power_level_encode  ble_advdata.o
    0x00029c72   0x00000142   Code   RO         4258    i.uart_irq_handler  nrf_drv_uart.o
    0x00029db4   0x0000010c   Code   RO         4259    i.uarte_irq_handler  nrf_drv_uart.o
    0x00029ec0   0x0000000c   Code   RO         1667    i.uint16_decode     ble_srv_common.o
    0x00029ecc   0x0000000c   Code   RO         1163    i.uint16_encode     ble_advdata.o
    0x00029ed8   0x0000000c   Code   RO         3426    i.uint16_encode     ble_dis.o
    0x00029ee4   0x00000058   Code   RO         1745    i.update_pending_flags_check  gatt_cache_manager.o
    0x00029f3c   0x00000090   Code   RO         1408    i.update_timeout_handler  ble_conn_params.o
    0x00029fcc   0x00000014   Code   RO         1518    i.user_flag_acquire  ble_conn_state.o
    0x00029fe0   0x0000001c   Code   RO         1519    i.user_flag_is_acquired  ble_conn_state.o
    0x00029ffc   0x0000003c   Code   RO         5050    i.user_op_alloc     app_timer.o
    0x0002a038   0x0000000c   Code   RO         5051    i.user_op_enque     app_timer.o
    0x0002a044   0x0000004e   Code   RO         1164    i.uuid_list_encode  ble_advdata.o
    0x0002a092   0x000000dc   Code   RO         1165    i.uuid_list_sized_encode  ble_advdata.o
    0x0002a16e   0x00000002   PAD
    0x0002a170   0x0000000c   Code   RO         1284    i.whitelist_has_entries  ble_advertising.o
    0x0002a17c   0x00000038   Code   RO         2450    i.write_buf_length_words_set  peer_database.o
    0x0002a1b4   0x00000032   Code   RO         2451    i.write_buffer_record_find  peer_database.o
    0x0002a1e6   0x00000002   PAD
    0x0002a1e8   0x00000030   Code   RO         2452    i.write_buffer_record_find_next  peer_database.o
    0x0002a218   0x0000000e   Code   RO         2453    i.write_buffer_record_find_unused  peer_database.o
    0x0002a226   0x00000024   Code   RO         2454    i.write_buffer_record_get  peer_database.o
    0x0002a24a   0x0000002e   Code   RO         2455    i.write_buffer_record_invalidate  peer_database.o
    0x0002a278   0x00000028   Code   RO         2456    i.write_buffer_record_release  peer_database.o
    0x0002a2a0   0x00000104   Code   RO         5400    i.write_enqueue     fds.o
    0x0002a3a4   0x000000b8   Code   RO         5401    i.write_execute     fds.o
    0x0002a45c   0x0000001c   Code   RO         5402    i.write_space_free  fds.o
    0x0002a478   0x0000006c   Code   RO         5403    i.write_space_reserve  fds.o
    0x0002a4e4   0x00000040   Data   RO           43    .constdata          main.o
    0x0002a524   0x00000008   Data   RO          792    .constdata          boards.o
    0x0002a52c   0x0000002c   Data   RO          916    .constdata          bsp.o
    0x0002a558   0x00000004   Data   RO         1410    .constdata          ble_conn_params.o
    0x0002a55c   0x00000018   Data   RO         1873    .constdata          gatts_cache_manager.o
    0x0002a574   0x00000008   Data   RO         1985    .constdata          id_manager.o
    0x0002a57c   0x00000004   Data   RO         2289    .constdata          peer_data_storage.o
    0x0002a580   0x00000014   Data   RO         2458    .constdata          peer_database.o
    0x0002a594   0x00000044   Data   RO         3105    .constdata          security_dispatcher.o
    0x0002a5d8   0x00000004   Data   RO         3250    .constdata          security_manager.o
    0x0002a5dc   0x00000010   Data   RO         3594    .constdata          ble_mpa.o
    0x0002a5ec   0x00000047   Data   RO         3969    .constdata          nrf_drv_gpiote.o
    0x0002a633   0x000000bd   Data   RO         4763    .constdata          nrf_drv_saadc.o
    0x0002a6f0   0x00000008   Data   RO         4896    .constdata          app_button.o
    0x0002a6f8   0x00000014   Data   RO         5405    .constdata          fds.o
    0x0002a70c   0x00000020   Data   RO         6791    Region$$Table       anon$$obj.o


    Execution Region RW_IRAM1 (Base: 0x20002c48, Size: 0x00002b98, Max: 0x0000d3b8, ABSOLUTE, COMPRESSED[0x00000024])

    Base Addr    Size         Type   Attr      Idx    E Section Name        Object

    0x20002c48   0x00000002   Data   RW           44    .data               main.o
    0x20002c4a   0x00000002   PAD
    0x20002c4c   0x00000015   Data   RW          917    .data               bsp.o
    0x20002c61   0x00000003   PAD
    0x20002c64   0x00000008   Data   RW         1022    .data               bsp_btn_ble.o
    0x20002c6c   0x0000001f   Data   RW         1286    .data               ble_advertising.o
    0x20002c8b   0x00000001   PAD
    0x20002c8c   0x00000015   Data   RW         1411    .data               ble_conn_params.o
    0x20002ca1   0x00000003   PAD
    0x20002ca4   0x00000009   Data   RW         1746    .data               gatt_cache_manager.o
    0x20002cad   0x00000003   PAD
    0x20002cb0   0x0000000a   Data   RW         1874    .data               gatts_cache_manager.o
    0x20002cba   0x00000003   Data   RW         1986    .data               id_manager.o
    0x20002cbd   0x00000003   PAD
    0x20002cc0   0x0000000c   Data   RW         2290    .data               peer_data_storage.o
    0x20002ccc   0x00000009   Data   RW         2459    .data               peer_database.o
    0x20002cd5   0x00000003   PAD
    0x20002cd8   0x00000011   Data   RW         2749    .data               peer_manager.o
    0x20002ce9   0x00000004   Data   RW         3106    .data               security_dispatcher.o
    0x20002ced   0x00000003   PAD
    0x20002cf0   0x00000013   Data   RW         3251    .data               security_manager.o
    0x20002d03   0x00000001   PAD
    0x20002d04   0x0000004a   Data   RW         3427    .data               ble_dis.o
    0x20002d4e   0x00000002   PAD
    0x20002d50   0x00000014   Data   RW         4897    .data               app_button.o
    0x20002d64   0x00000022   Data   RW         5052    .data               app_timer.o
    0x20002d86   0x00000002   PAD
    0x20002d88   0x00000018   Data   RW         5406    .data               fds.o
    0x20002da0   0x00000002   Data   RW         5774    .data               fstorage.o
    0x20002da2   0x00000002   PAD
    0x20002da4   0x00000018   Data   RW         6237    .data               softdevice_handler.o
    0x20002dbc   0x00000004   Data   RW         6400    .data               system_nrf52.o
    0x20002dc0   0x00000010   Data   RW         5407    fs_data             fds.o
    0x20002dd0   0x00000198   Zero   RW           42    .bss                main.o
    0x20002f68   0x0000000c   Zero   RW          577    .bss                mpa.o
    0x20002f74   0x0000006c   Zero   RW          915    .bss                bsp.o
    0x20002fe0   0x000000b3   Zero   RW         1285    .bss                ble_advertising.o
    0x20003093   0x00000001   PAD
    0x20003094   0x0000003c   Zero   RW         1409    .bss                ble_conn_params.o
    0x200030d0   0x00000034   Zero   RW         1520    .bss                ble_conn_state.o
    0x20003104   0x00000070   Zero   RW         1984    .bss                id_manager.o
    0x20003174   0x00000330   Zero   RW         2457    .bss                peer_database.o
    0x200034a4   0x00000040   Zero   RW         2623    .bss                peer_id.o
    0x200034e4   0x0000000c   Zero   RW         2747    .bss                peer_manager.o
    0x200034f0   0x00000040   Zero   RW         3104    .bss                security_dispatcher.o
    0x20003530   0x00000016   Zero   RW         3593    .bss                ble_mpa.o
    0x20003546   0x00000002   PAD
    0x20003548   0x00000014   Zero   RW         3703    .bss                nrf_drv_clock.o
    0x2000355c   0x00000058   Zero   RW         3968    .bss                nrf_drv_gpiote.o
    0x200035b4   0x00000020   Zero   RW         4260    .bss                nrf_drv_uart.o
    0x200035d4   0x00000028   Zero   RW         4546    .bss                nrf_drv_twi.o
    0x200035fc   0x00000030   Zero   RW         4762    .bss                nrf_drv_saadc.o
    0x2000362c   0x00000020   Zero   RW         4895    .bss                app_button.o
    0x2000364c   0x0000000c   Zero   RW         5239    .bss                app_util_platform.o
    0x20003658   0x0000011c   Zero   RW         5404    .bss                fds.o
    0x20003774   0x00000068   Zero   RW         5773    .bss                fstorage.o
    0x200037dc   0x00000004   PAD
    0x200037e0   0x00002000   Zero   RW         6379    STACK               arm_startup_nrf52.o


==============================================================================

Image component sizes


      Code (inc. data)   RO Data    RW Data    ZI Data      Debug   Object Name

       480         80          8         20         32       4218   app_button.o
        28          0          0          0          0       2161   app_error.o
        68          8          0          0          0      27381   app_error_weak.o
      2320        264          0         34          0      67743   app_timer.o
       200         24          0          0         12       9930   app_util_platform.o
        36          8       1024          0       8192        888   arm_startup_nrf52.o
      1818          0          0          0          0      41196   ble_advdata.o
      1432        222          0         31        179      17005   ble_advertising.o
       828          0          0          0          0       6163   ble_bas.o
       706        120          4         21         60       9884   ble_conn_params.o
       664         72          0          0         52      13606   ble_conn_state.o
       948         46          0         74          0      21483   ble_dis.o
       792         62         16          0         22       9179   ble_mpa.o
       108          0          0          0          0      19190   ble_srv_common.o
       282         24          8          0          0      10209   boards.o
      1204         80         44         21        108      13308   bsp.o
       338         10          0          8          0      39058   bsp_btn_ble.o
         0          0          0          0          0       4356   bsp_nfc.o
      4840        434         20         40        284      52214   fds.o
      1280         82          0          2        104      13739   fstorage.o
      1388         96          0          9          0      18032   gatt_cache_manager.o
       686         46         24         10          0      10747   gatts_cache_manager.o
      1360         72          8          3        112      19179   id_manager.o
         0          0          0          0          0       1792   lis2dh.o
      3346        246         64          2        408     164135   main.o
       564         20          0          0         12      67374   mpa.o
       616          0          0          0          0       5394   nrf_ble_gatt.o
       358         34          0          0         20      12432   nrf_drv_clock.o
        96         12          0          0          0      27595   nrf_drv_common.o
      1630        104         71          0         88      30938   nrf_drv_gpiote.o
      1112         66        189          0         48      21530   nrf_drv_saadc.o
      1054         38          0          0         40      24463   nrf_drv_twi.o
       910          8          0          0         32      24354   nrf_drv_uart.o
       112          4          0          0          0       6441   nrf_saadc.o
         0          0          0          0          0       2316   peer_data.o
      1408         50          4         12          0      18760   peer_data_storage.o
      1826         70         20          9        816      23223   peer_database.o
       420         44          0          0         64       8731   peer_id.o
      1714        156          0         17         12      14916   peer_manager.o
       264          0          0          0          0       3991   pm_buffer.o
       244          0          0          0          0       4969   pm_mutex.o
       310          0          0          0          0       5900   sdk_mapped_flags.o
      2182        100         68          4         64      22068   security_dispatcher.o
      1562        168          4         19          0      16696   security_manager.o
       830        102          0         24          0      47684   softdevice_handler.o
      1172        118          0          4          0       6711   system_nrf52.o

    ----------------------------------------------------------------------
     43636       3090       1608        392      10768     993282   Object Totals
         0          0         32          0          0          0   (incl. Generated)
       100          0          0         28          7          0   (incl. Padding)

    ----------------------------------------------------------------------

      Code (inc. data)   RO Data    RW Data    ZI Data      Debug   Library Member Name

        86          0          0          0          0          0   __dczerorl2.o
         0          0          0          0          0          0   entry.o
         0          0          0          0          0          0   entry10a.o
         0          0          0          0          0          0   entry11a.o
         8          4          0          0          0          0   entry2.o
         4          0          0          0          0          0   entry5.o
         0          0          0          0          0          0   entry7b.o
         0          0          0          0          0          0   entry8b.o
         8          4          0          0          0          0   entry9a.o
        30          0          0          0          0          0   handlers.o
        36          8          0          0          0         68   init.o
        30          0          0          0          0         68   llshl.o
        32          0          0          0          0         68   llushr.o
        26          0          0          0          0         80   memcmp.o
        64          0          0          0          0         76   memmovea.o
        36          0          0          0          0        108   memseta.o
      1172         50          0          0          0        420   printf8.o
        14          0          0          0          0         68   strlen.o
        98          0          0          0          0         92   uldiv.o

    ----------------------------------------------------------------------
      1648         66          0          0          0       1048   Library Totals
         4          0          0          0          0          0   (incl. Padding)

    ----------------------------------------------------------------------

      Code (inc. data)   RO Data    RW Data    ZI Data      Debug   Library Name

      1644         66          0          0          0       1048   mc_w.l

    ----------------------------------------------------------------------
      1648         66          0          0          0       1048   Library Totals

    ----------------------------------------------------------------------

==============================================================================


      Code (inc. data)   RO Data    RW Data    ZI Data      Debug   

     45284       3156       1608        392      10768     938446   Grand Totals
     45284       3156       1608         36      10768     938446   ELF Image Totals (compressed)
     45284       3156       1608         36          0          0   ROM Totals

==============================================================================

    Total RO  Size (Code + RO Data)                46892 (  45.79kB)
    Total RW  Size (RW Data + ZI Data)             11160 (  10.90kB)
    Total ROM Size (Code + RO Data + RW Data)      46928 (  45.83kB)

==============================================================================

