Component: ARM Compiler 5.06 update 6 (build 750) Tool: armlink [4d35ed]

==============================================================================

Section Cross References

    main.o(i.APP_ButtonRegister) refers to app_button.o(i.app_button_init) for app_button_init
    main.o(i.APP_ButtonRegister) refers to app_button.o(i.app_button_enable) for app_button_enable
    main.o(i.APP_ButtonRegister) refers to main.o(.constdata) for app_buttons
    main.o(i.APP_HardwareConfig) refers to main.o(i.nrf_gpio_cfg_output) for nrf_gpio_cfg_output
    main.o(i.APP_HardwareConfig) refers to main.o(i.nrf_gpio_pin_clear) for nrf_gpio_pin_clear
    main.o(i.APP_HardwareConfig) refers to main.o(i.nrf_gpio_cfg_input) for nrf_gpio_cfg_input
    main.o(i.APP_HardwareConfig) refers to main.o(i.nrf_gpio_pin_set) for nrf_gpio_pin_set
    main.o(i.APP_HardwareConfig) refers to nrf_drv_twi.o(i.nrf_drv_twi_init) for nrf_drv_twi_init
    main.o(i.APP_HardwareConfig) refers to app_error.o(i.app_error_handler_bare) for app_error_handler_bare
    main.o(i.APP_HardwareConfig) refers to nrf_drv_twi.o(i.nrf_drv_twi_enable) for nrf_drv_twi_enable
    main.o(i.APP_HardwareConfig) refers to nrf_drv_gpiote.o(i.nrf_drv_gpiote_is_init) for nrf_drv_gpiote_is_init
    main.o(i.APP_HardwareConfig) refers to nrf_drv_gpiote.o(i.nrf_drv_gpiote_init) for nrf_drv_gpiote_init
    main.o(i.APP_HardwareConfig) refers to nrf_drv_gpiote.o(i.nrf_drv_gpiote_in_init) for nrf_drv_gpiote_in_init
    main.o(i.APP_HardwareConfig) refers to nrf_drv_saadc.o(i.nrf_drv_saadc_init) for nrf_drv_saadc_init
    main.o(i.APP_HardwareConfig) refers to nrf_drv_saadc.o(i.nrf_drv_saadc_channel_init) for nrf_drv_saadc_channel_init
    main.o(i.APP_HardwareConfig) refers to main.o(.constdata) for .constdata
    main.o(i.APP_HardwareConfig) refers to mpa.o(i.WAC_PEN_IRQHandler) for WAC_PEN_IRQHandler
    main.o(i.APP_HardwareConfig) refers to mpa.o(i.WAC_IRQ_IRQHandler) for WAC_IRQ_IRQHandler
    main.o(i.APP_HardwareConfig) refers to mpa.o(i.WAC_SAADC_IRQHandler) for WAC_SAADC_IRQHandler
    main.o(i.APP_PowerOff) refers to main.o(i.nrf_gpio_pin_set) for nrf_gpio_pin_set
    main.o(i.APP_PowerOff) refers to main.o(i.nrf_delay_ms) for nrf_delay_ms
    main.o(i.APP_PowerOff) refers to main.o(i.nrf_gpio_pin_clear) for nrf_gpio_pin_clear
    main.o(i.APP_PowerOff) refers to main.o(i.nrf_gpio_pin_read) for nrf_gpio_pin_read
    main.o(i.APP_PowerOff) refers to main.o(i.NVIC_SystemReset) for NVIC_SystemReset
    main.o(i.APP_PowerOn) refers to mpa.o(i.WAC_ReadBattery) for WAC_ReadBattery
    main.o(i.APP_PowerOn) refers to main.o(i.nrf_gpio_pin_clear) for nrf_gpio_pin_clear
    main.o(i.APP_PowerOn) refers to main.o(i.nrf_gpio_pin_read) for nrf_gpio_pin_read
    main.o(i.APP_PowerOn) refers to main.o(i.nrf_delay_ms) for nrf_delay_ms
    main.o(i.APP_PowerOn) refers to main.o(i.NVIC_SystemReset) for NVIC_SystemReset
    main.o(i.APP_PowerOn) refers to main.o(i.nrf_gpio_pin_set) for nrf_gpio_pin_set
    main.o(i.APP_PowerOn) refers to mpa.o(.bss) for WACData
    main.o(i.advertising_init) refers to memseta.o(.text) for __aeabi_memclr4
    main.o(i.advertising_init) refers to ble_advertising.o(i.ble_advertising_init) for ble_advertising_init
    main.o(i.advertising_init) refers to app_error.o(i.app_error_handler_bare) for app_error_handler_bare
    main.o(i.advertising_init) refers to ble_mpa.o(.bss) for WACPeripheral
    main.o(i.advertising_init) refers to main.o(.data) for keepAlive
    main.o(i.advertising_init) refers to main.o(i.on_adv_evt) for on_adv_evt
    main.o(i.advertising_start) refers to ble_advertising.o(i.ble_advertising_start) for ble_advertising_start
    main.o(i.advertising_start) refers to app_error.o(i.app_error_handler_bare) for app_error_handler_bare
    main.o(i.assert_nrf_callback) refers to app_error.o(i.app_error_handler) for app_error_handler
    main.o(i.ble_evt_dispatch) refers to ble_conn_state.o(i.ble_conn_state_on_ble_evt) for ble_conn_state_on_ble_evt
    main.o(i.ble_evt_dispatch) refers to peer_manager.o(i.pm_on_ble_evt) for pm_on_ble_evt
    main.o(i.ble_evt_dispatch) refers to ble_bas.o(i.ble_bas_on_ble_evt) for ble_bas_on_ble_evt
    main.o(i.ble_evt_dispatch) refers to ble_mpa.o(i.WAC_BLE_OnDispatch) for WAC_BLE_OnDispatch
    main.o(i.ble_evt_dispatch) refers to ble_conn_params.o(i.ble_conn_params_on_ble_evt) for ble_conn_params_on_ble_evt
    main.o(i.ble_evt_dispatch) refers to bsp_btn_ble.o(i.bsp_btn_ble_on_ble_evt) for bsp_btn_ble_on_ble_evt
    main.o(i.ble_evt_dispatch) refers to main.o(i.on_ble_evt) for on_ble_evt
    main.o(i.ble_evt_dispatch) refers to ble_advertising.o(i.ble_advertising_on_ble_evt) for ble_advertising_on_ble_evt
    main.o(i.ble_evt_dispatch) refers to nrf_ble_gatt.o(i.nrf_ble_gatt_on_ble_evt) for nrf_ble_gatt_on_ble_evt
    main.o(i.ble_evt_dispatch) refers to main.o(.bss) for m_bas
    main.o(i.ble_stack_init) refers to softdevice_handler.o(i.softdevice_handler_init) for softdevice_handler_init
[...]
    nrf_drv_clock_init                       0x0002590d   Thumb Code    94  nrf_drv_clock.o(i.nrf_drv_clock_init)
    nrf_drv_clock_on_sd_enable               0x00025975   Thumb Code    46  nrf_drv_clock.o(i.nrf_drv_clock_on_sd_enable)
    nrf_drv_clock_on_soc_event               0x000259a9   Thumb Code    14  nrf_drv_clock.o(i.nrf_drv_clock_on_soc_event)
    nrf_drv_common_irq_enable                0x000259b9   Thumb Code    84  nrf_drv_common.o(i.nrf_drv_common_irq_enable)
    nrf_drv_gpiote_in_event_enable           0x00025a25   Thumb Code   164  nrf_drv_gpiote.o(i.nrf_drv_gpiote_in_event_enable)
    nrf_drv_gpiote_in_init                   0x00025ad1   Thumb Code   206  nrf_drv_gpiote.o(i.nrf_drv_gpiote_in_init)
    nrf_drv_gpiote_init                      0x00025bad   Thumb Code    90  nrf_drv_gpiote.o(i.nrf_drv_gpiote_init)
    nrf_drv_gpiote_is_init                   0x00025c0d   Thumb Code    16  nrf_drv_gpiote.o(i.nrf_drv_gpiote_is_init)
    nrf_drv_saadc_channel_init               0x00025c35   Thumb Code    86  nrf_drv_saadc.o(i.nrf_drv_saadc_channel_init)
    nrf_drv_saadc_init                       0x00025c91   Thumb Code   144  nrf_drv_saadc.o(i.nrf_drv_saadc_init)
    nrf_drv_saadc_sample_convert             0x00025d2d   Thumb Code   226  nrf_drv_saadc.o(i.nrf_drv_saadc_sample_convert)
    nrf_drv_twi_enable                       0x00025e15   Thumb Code    32  nrf_drv_twi.o(i.nrf_drv_twi_enable)
    nrf_drv_twi_init                         0x00025e39   Thumb Code   146  nrf_drv_twi.o(i.nrf_drv_twi_init)
    nrf_drv_twi_rx                           0x00025ed5   Thumb Code    40  nrf_drv_twi.o(i.nrf_drv_twi_rx)
    nrf_drv_twi_tx                           0x00025f01   Thumb Code    60  nrf_drv_twi.o(i.nrf_drv_twi_tx)
    nrf_drv_twi_xfer                         0x00025f3d   Thumb Code    44  nrf_drv_twi.o(i.nrf_drv_twi_xfer)
    nrf_saadc_channel_init                   0x000261a5   Thumb Code   108  nrf_saadc.o(i.nrf_saadc_channel_init)
    on_connected_evt                         0x00026559   Thumb Code   100  nrf_ble_gatt.o(i.on_connected_evt)
    on_data_length_changed_evt               0x000265bd   Thumb Code     6  nrf_ble_gatt.o(i.on_data_length_changed_evt)
    on_exchange_mtu_request_evt              0x00026649   Thumb Code   154  nrf_ble_gatt.o(i.on_exchange_mtu_request_evt)
    on_exchange_mtu_rsp_evt                  0x000266e3   Thumb Code   130  nrf_ble_gatt.o(i.on_exchange_mtu_rsp_evt)
    pdb_init                                 0x00026d01   Thumb Code    52  peer_database.o(i.pdb_init)
    pdb_next_deleted_peer_id_get             0x00026d45   Thumb Code    12  peer_database.o(i.pdb_next_deleted_peer_id_get)
    pdb_next_peer_id_get                     0x00026d51   Thumb Code    12  peer_database.o(i.pdb_next_peer_id_get)
    pdb_pds_evt_handler                      0x00026d5d   Thumb Code   436  peer_database.o(i.pdb_pds_evt_handler)
    pdb_peer_allocate                        0x00026f19   Thumb Code     8  peer_database.o(i.pdb_peer_allocate)
    pdb_peer_data_ptr_get                    0x00026f21   Thumb Code    22  peer_database.o(i.pdb_peer_data_ptr_get)
    pdb_peer_free                            0x00026f37   Thumb Code    88  peer_database.o(i.pdb_peer_free)
    pdb_raw_store                            0x00026f8f   Thumb Code    22  peer_database.o(i.pdb_raw_store)
    pdb_write_buf_get                        0x00026fa5   Thumb Code   302  peer_database.o(i.pdb_write_buf_get)
    pdb_write_buf_release                    0x000270d9   Thumb Code    54  peer_database.o(i.pdb_write_buf_release)
    pdb_write_buf_store                      0x00027111   Thumb Code   252  peer_database.o(i.pdb_write_buf_store)
    pdb_write_buf_store_prepare              0x00027215   Thumb Code   116  peer_database.o(i.pdb_write_buf_store_prepare)
    pds_init                                 0x000272ad   Thumb Code    46  peer_data_storage.o(i.pds_init)
    pds_next_deleted_peer_id_get             0x000272e5   Thumb Code    12  peer_data_storage.o(i.pds_next_deleted_peer_id_get)
    pds_next_peer_id_get                     0x000272f1   Thumb Code    12  peer_data_storage.o(i.pds_next_peer_id_get)
    pds_peer_data_iterate                    0x000272fd   Thumb Code    88  peer_data_storage.o(i.pds_peer_data_iterate)
    pds_peer_data_iterate_prepare            0x00027359   Thumb Code    10  peer_data_storage.o(i.pds_peer_data_iterate_prepare)
    pds_peer_data_read                       0x00027369   Thumb Code   136  peer_data_storage.o(i.pds_peer_data_read)
    pds_peer_data_store                      0x000273f1   Thumb Code   186  peer_data_storage.o(i.pds_peer_data_store)
    pds_peer_id_allocate                     0x000274ab   Thumb Code    12  peer_data_storage.o(i.pds_peer_id_allocate)
    pds_peer_id_free                         0x000274b7   Thumb Code    30  peer_data_storage.o(i.pds_peer_id_free)
    pds_peer_id_is_allocated                 0x000274d5   Thumb Code    12  peer_data_storage.o(i.pds_peer_id_is_allocated)
    pds_space_reserve                        0x000274e1   Thumb Code    60  peer_data_storage.o(i.pds_space_reserve)
    pds_space_reserve_cancel                 0x0002751d   Thumb Code    20  peer_data_storage.o(i.pds_space_reserve_cancel)
    peer_id_allocate                         0x00027679   Thumb Code    14  peer_id.o(i.peer_id_allocate)
    peer_id_delete                           0x0002768d   Thumb Code    38  peer_id.o(i.peer_id_delete)
    peer_id_free                             0x000276b9   Thumb Code    24  peer_id.o(i.peer_id_free)
    peer_id_get_next_deleted                 0x000276d5   Thumb Code    14  peer_id.o(i.peer_id_get_next_deleted)
    peer_id_get_next_used                    0x000276e9   Thumb Code    50  peer_id.o(i.peer_id_get_next_used)
    peer_id_init                             0x00027721   Thumb Code    32  peer_id.o(i.peer_id_init)
    peer_id_is_allocated                     0x00027745   Thumb Code    22  peer_id.o(i.peer_id_is_allocated)
    peer_id_is_deleted                       0x00027761   Thumb Code    22  peer_id.o(i.peer_id_is_deleted)
    pm_buffer_block_acquire                  0x0002795d   Thumb Code    98  pm_buffer.o(i.pm_buffer_block_acquire)
    pm_buffer_init                           0x000279bf   Thumb Code    78  pm_buffer.o(i.pm_buffer_init)
    pm_buffer_ptr_get                        0x00027a0d   Thumb Code    48  pm_buffer.o(i.pm_buffer_ptr_get)
    pm_buffer_release                        0x00027a3d   Thumb Code    40  pm_buffer.o(i.pm_buffer_release)
    pm_conn_sec_config_reply                 0x00027a65   Thumb Code    16  peer_manager.o(i.pm_conn_sec_config_reply)
    pm_gcm_evt_handler                       0x00027b39   Thumb Code   190  peer_manager.o(i.pm_gcm_evt_handler)
    pm_im_evt_handler                        0x00027bf9   Thumb Code    82  peer_manager.o(i.pm_im_evt_handler)
    pm_init                                  0x00027c51   Thumb Code   146  peer_manager.o(i.pm_init)
    pm_local_database_has_changed            0x00027cf5   Thumb Code    22  peer_manager.o(i.pm_local_database_has_changed)
    pm_mutex_init                            0x00027d11   Thumb Code    20  pm_mutex.o(i.pm_mutex_init)
    pm_mutex_lock                            0x00027d25   Thumb Code    32  pm_mutex.o(i.pm_mutex_lock)
    pm_mutex_lock_first_available            0x00027d45   Thumb Code    48  pm_mutex.o(i.pm_mutex_lock_first_available)
    pm_mutex_lock_status_get                 0x00027d75   Thumb Code    36  pm_mutex.o(i.pm_mutex_lock_status_get)
    pm_mutex_unlock                          0x00027d99   Thumb Code    56  pm_mutex.o(i.pm_mutex_unlock)
    pm_on_ble_evt                            0x00027dd1   Thumb Code    38  peer_manager.o(i.pm_on_ble_evt)
    pm_pdb_evt_handler                       0x00027dfd   Thumb Code   440  peer_manager.o(i.pm_pdb_evt_handler)
    pm_peer_delete                           0x00027fc5   Thumb Code    26  peer_manager.o(i.pm_peer_delete)
    pm_peers_delete                          0x00027fe5   Thumb Code    70  peer_manager.o(i.pm_peers_delete)
    pm_register                              0x00028035   Thumb Code    52  peer_manager.o(i.pm_register)
    pm_sec_params_set                        0x00028075   Thumb Code    30  peer_manager.o(i.pm_sec_params_set)
    pm_sm_evt_handler                        0x00028099   Thumb Code   424  peer_manager.o(i.pm_sm_evt_handler)
    sdk_mapped_flags_bulk_update_by_key      0x00028b21   Thumb Code   118  sdk_mapped_flags.o(i.sdk_mapped_flags_bulk_update_by_key)
    sdk_mapped_flags_first_key_index_get     0x00028b97   Thumb Code    36  sdk_mapped_flags.o(i.sdk_mapped_flags_first_key_index_get)
    sdk_mapped_flags_get_by_key              0x00028bcd   Thumb Code    46  sdk_mapped_flags.o(i.sdk_mapped_flags_get_by_key)
    sdk_mapped_flags_key_list_get            0x00028bfb   Thumb Code    66  sdk_mapped_flags.o(i.sdk_mapped_flags_key_list_get)
    sdk_mapped_flags_update_by_key           0x00028c3d   Thumb Code    26  sdk_mapped_flags.o(i.sdk_mapped_flags_update_by_key)
    sm_ble_evt_handler                       0x0002942d   Thumb Code    20  security_manager.o(i.sm_ble_evt_handler)
    sm_conn_sec_config_reply                 0x00029445   Thumb Code    30  security_manager.o(i.sm_conn_sec_config_reply)
    sm_init                                  0x00029469   Thumb Code    66  security_manager.o(i.sm_init)
    sm_pdb_evt_handler                       0x000294cd   Thumb Code    80  security_manager.o(i.sm_pdb_evt_handler)
    sm_sec_params_set                        0x0002952d   Thumb Code    46  security_manager.o(i.sm_sec_params_set)
    sm_smd_evt_handler                       0x00029565   Thumb Code   156  security_manager.o(i.sm_smd_evt_handler)
    smd_ble_evt_handler                      0x00029609   Thumb Code    88  security_dispatcher.o(i.smd_ble_evt_handler)
    smd_init                                 0x00029661   Thumb Code    58  security_dispatcher.o(i.smd_init)
    smd_link_secure                          0x000296ad   Thumb Code    56  security_dispatcher.o(i.smd_link_secure)
    smd_params_reply                         0x000296e5   Thumb Code   284  security_dispatcher.o(i.smd_params_reply)
    smd_pdb_evt_handler                      0x00029895   Thumb Code    48  security_dispatcher.o(i.smd_pdb_evt_handler)
    softdevice_ble_evt_handler_set           0x000298c9   Thumb Code    20  softdevice_handler.o(i.softdevice_ble_evt_handler_set)
    softdevice_enable                        0x000298e1   Thumb Code    66  softdevice_handler.o(i.softdevice_enable)
    softdevice_enable_get_default_config     0x0002992d   Thumb Code    44  softdevice_handler.o(i.softdevice_enable_get_default_config)
    softdevice_fault_handler                 0x00029959   Thumb Code    20  softdevice_handler.o(i.softdevice_fault_handler)
    softdevice_handler_init                  0x0002996d   Thumb Code   134  softdevice_handler.o(i.softdevice_handler_init)
    softdevice_handler_is_enabled            0x00029a09   Thumb Code     6  softdevice_handler.o(i.softdevice_handler_is_enabled)
    softdevice_sys_evt_handler_set           0x00029a15   Thumb Code    20  softdevice_handler.o(i.softdevice_sys_evt_handler_set)
    timer_start                              0x00029c81   Thumb Code    38  main.o(i.timer_start)
    m_twi                                    0x0002aa98   Data           8  main.o(.constdata)
    Region$$Table$$Base                      0x0002acf0   Number         0  anon$$obj.o(Region$$Table)
    Region$$Table$$Limit                     0x0002ad10   Number         0  anon$$obj.o(Region$$Table)
    Image$$RW_IRAM1$$Base                    0x20002c48   Number         0  anon$$obj.o ABSOLUTE
    m_conn_handle                            0x20002c48   Data           2  main.o(.data)
    keepAlive                                0x20002c4a   Data           1  main.o(.data)
    counter                                  0x20002c4c   Data           1  mpa.o(.data)
    currentPenStatus                         0x20002c4d   Data           1  mpa.o(.data)
    previousPenStatus                        0x20002c4e   Data           1  mpa.o(.data)
    penTracking                              0x20002c4f   Data           1  mpa.o(.data)
    xyDatasetIndex                           0x20002c50   Data           1  mpa.o(.data)
    packetsCreated                           0x20002c54   Data           4  mpa.o(.data)
    QueueIn                                  0x20002d5c   Data           2  ble_mpa.o(.data)
    QueueOut                                 0x20002d5e   Data           2  ble_mpa.o(.data)
    packetsTransmitted                       0x20002d60   Data           4  ble_mpa.o(.data)
    SystemCoreClock                          0x20002dbc   Data           4  system_nrf52.o(.data)
    fs_data$$Base                            0x20002dc0   Number         0  fds.o(fs_data)
    fs_data$$Limit                           0x20002dd0   Number         0  fds.o(fs_data)
    m_bas                                    0x20002dd0   Data          24  main.o(.bss)
    m_gatt                                   0x20002de8   Data          16  main.o(.bss)
    WACData                                  0x20002f68   Data          16  mpa.o(.bss)
    WACInputReport                           0x20002f78   Data          10  mpa.o(.bss)
    WacomDescriptorReport                    0x20002f82   Data          30  mpa.o(.bss)
    WacomInputReport                         0x20002fa0   Data          10  mpa.o(.bss)
    xyDataset                                0x20002faa   Data          20  mpa.o(.bss)
    tmp                                      0x20002fbe   Data         100  mpa.o(.bss)
    WACPeripheral                            0x200035e0   Data          24  ble_mpa.o(.bss)
    dataQueue                                0x200035f8   Data       16020  ble_mpa.o(.bss)
    nrf_nvic_state                           0x20007570   Data          12  app_util_platform.o(.bss)
    __initial_sp                             0x20009700   Data           0  arm_startup_nrf52.o(STACK)



==============================================================================

Memory Map of the image

  Image Entry point : 0x0001f401

  Load Region LR_IROM1 (Base: 0x0001f000, Size: 0x0000be98, Max: 0x00061000, ABSOLUTE, COMPRESSED[0x0000bd34])

    Execution Region ER_IROM1 (Exec base: 0x0001f000, Load base: 0x0001f000, Size: 0x0000bd10, Max: 0x00061000, ABSOLUTE)

    Exec Addr    Load Addr    Size         Type   Attr      Idx    E Section Name        Object

    0x0001f000   0x0001f000   0x00000400   Data   RO         6232    RESET               arm_startup_nrf52.o
    0x0001f400   0x0001f400   0x00000000   Code   RO         6318  * .ARM.Collect$$$$00000000  mc_w.l(entry.o)
    0x0001f400   0x0001f400   0x00000004   Code   RO         6598    .ARM.Collect$$$$00000001  mc_w.l(entry2.o)
    0x0001f404   0x0001f404   0x00000004   Code   RO         6601    .ARM.Collect$$$$00000004  mc_w.l(entry5.o)
    0x0001f408   0x0001f408   0x00000000   Code   RO         6603    .ARM.Collect$$$$00000008  mc_w.l(entry7b.o)
    0x0001f408   0x0001f408   0x00000000   Code   RO         6605    .ARM.Collect$$$$0000000A  mc_w.l(entry8b.o)
    0x0001f408   0x0001f408   0x00000008   Code   RO         6606    .ARM.Collect$$$$0000000B  mc_w.l(entry9a.o)
    0x0001f410   0x0001f410   0x00000000   Code   RO         6608    .ARM.Collect$$$$0000000D  mc_w.l(entry10a.o)
    0x0001f410   0x0001f410   0x00000000   Code   RO         6610    .ARM.Collect$$$$0000000F  mc_w.l(entry11a.o)
    0x0001f410   0x0001f410   0x00000004   Code   RO         6599    .ARM.Collect$$$$00002712  mc_w.l(entry2.o)
    0x0001f414   0x0001f414   0x00000024   Code   RO         6233    .text               arm_startup_nrf52.o
    0x0001f438   0x0001f438   0x00000040   Code   RO         6323    .text               mc_w.l(memmovea.o)
    0x0001f478   0x0001f478   0x00000024   Code   RO         6325    .text               mc_w.l(memseta.o)
    0x0001f49c   0x0001f49c   0x0000000e   Code   RO         6327    .text               mc_w.l(strlen.o)
    0x0001f4aa   0x0001f4aa   0x0000001a   Code   RO         6329    .text               mc_w.l(memcmp.o)
    0x0001f4c4   0x0001f4c4   0x00000062   Code   RO         6617    .text               mc_w.l(uldiv.o)
    0x0001f526   0x0001f526   0x00000002   PAD
    0x0001f528   0x0001f528   0x00000024   Code   RO         6630    .text               mc_w.l(init.o)
    0x0001f54c   0x0001f54c   0x0000001e   Code   RO         6633    .text               mc_w.l(llshl.o)
    0x0001f56a   0x0001f56a   0x00000020   Code   RO         6635    .text               mc_w.l(llushr.o)
    0x0001f58a   0x0001f58a   0x00000056   Code   RO         6650    .text               mc_w.l(__dczerorl2.o)
    0x0001f5e0   0x0001f5e0   0x00000010   Code   RO            4    i.APP_ButtonEventHandler  main.o
    0x0001f5f0   0x0001f5f0   0x0000012c   Code   RO            6    i.APP_HardwareConfig  main.o
    0x0001f71c   0x0001f71c   0x00000032   Code   RO            7    i.APP_PowerOff      main.o
    0x0001f74e   0x0001f74e   0x00000002   PAD
    0x0001f750   0x0001f750   0x0000006c   Code   RO            8    i.APP_PowerOn       main.o
    0x0001f7bc   0x0001f7bc   0x00000238   Code   RO         3797    i.GPIOTE_IRQHandler  nrf_drv_gpiote.o
    0x0001f9f4   0x0001f9f4   0x00000018   Code   RO         4888    i.NVIC_ClearPendingIRQ  app_timer.o
    0x0001fa0c   0x0001fa0c   0x00000018   Code   RO         6085    i.NVIC_DisableIRQ   softdevice_handler.o
    0x0001fa24   0x0001fa24   0x00000016   Code   RO         4889    i.NVIC_EnableIRQ    app_timer.o
    0x0001fa3a   0x0001fa3a   0x00000016   Code   RO         6086    i.NVIC_EnableIRQ    softdevice_handler.o
    0x0001fa50   0x0001fa50   0x00000018   Code   RO         4890    i.NVIC_SetPendingIRQ  app_timer.o
    0x0001fa68   0x0001fa68   0x00000028   Code   RO         4891    i.NVIC_SetPriority  app_timer.o
    0x0001fa90   0x0001fa90   0x00000040   Code   RO            9    i.NVIC_SystemReset  main.o
    0x0001fad0   0x0001fad0   0x00000040   Code   RO         6240    i.NVIC_SystemReset  system_nrf52.o
    0x0001fb10   0x0001fb10   0x00000050   Code   RO         3551    i.POWER_CLOCK_IRQHandler  nrf_drv_clock.o
    0x0001fb60   0x0001fb60   0x00000034   Code   RO         4892    i.RTC1_IRQHandler   app_timer.o
    0x0001fb94   0x0001fb94   0x00000200   Code   RO         4616    i.SAADC_IRQHandler  nrf_drv_saadc.o
    0x0001fd94   0x0001fd94   0x00000014   Code   RO         4390    i.SPIM0_SPIS0_TWIM0_TWIS0_SPI0_TWI0_IRQHandler  nrf_drv_twi.o
    0x0001fda8   0x0001fda8   0x00000008   Code   RO         4893    i.SWI0_EGU0_IRQHandler  app_timer.o
    0x0001fdb0   0x0001fdb0   0x00000030   Code   RO         6087    i.SWI2_EGU2_IRQHandler  softdevice_handler.o
    0x0001fde0   0x0001fde0   0x00000010   Code   RO         6241    i.SystemCoreClockUpdate  system_nrf52.o
    0x0001fdf0   0x0001fdf0   0x00000258   Code   RO         6242    i.SystemInit        system_nrf52.o
    0x00020048   0x00020048   0x00000024   Code   RO         4084    i.UARTE0_UART0_IRQHandler  nrf_drv_uart.o
    0x0002006c   0x0002006c   0x00000074   Code   RO          623    i.WACOM_GetHidInputReport  wacom.o
    0x000200e0   0x000200e0   0x00000070   Code   RO          625    i.WACOM_Reset       wacom.o
    0x00020150   0x00020150   0x0000018c   Code   RO         3429    i.WAC_BLE_AddChar   ble_mpa.o
    0x000202dc   0x000202dc   0x00000018   Code   RO         3430    i.WAC_BLE_BatteryUpdate  ble_mpa.o
    0x000202f4   0x000202f4   0x00000028   Code   RO         3431    i.WAC_BLE_OnConnect  ble_mpa.o
    0x0002031c   0x0002031c   0x00000014   Code   RO         3432    i.WAC_BLE_OnDisconnect  ble_mpa.o
    0x00020330   0x00020330   0x00000048   Code   RO         3433    i.WAC_BLE_OnDispatch  ble_mpa.o
    0x00020378   0x00020378   0x00000068   Code   RO         3434    i.WAC_BLE_OnWrite   ble_mpa.o
    0x000203e0   0x000203e0   0x000000b0   Code   RO         3435    i.WAC_BLE_ServiceInit  ble_mpa.o
    0x00020490   0x00020490   0x00000064   Code   RO         3437    i.WAC_BLE_WriteNotify  ble_mpa.o
    0x000204f4   0x000204f4   0x00000020   Code   RO         3438    i.WAC_BLE_onTxComplete  ble_mpa.o
    0x00020514   0x00020514   0x0000001c   Code   RO         3439    i.WAC_BLE_queueEmpty  ble_mpa.o
    0x00020530   0x00020530   0x00000058   Code   RO         3440    i.WAC_BLE_queueFlush  ble_mpa.o
    0x00020588   0x00020588   0x00000050   Code   RO         3441    i.WAC_BLE_queueGet  ble_mpa.o
    0x000205d8   0x000205d8   0x00000060   Code   RO         3443    i.WAC_BLE_queuePut  ble_mpa.o
    0x00020638   0x00020638   0x0000000a   Code   RO          528    i.WAC_BatteryUpdate  mpa.o
    0x00020642   0x00020642   0x00000002   PAD
    0x00020644   0x00020644   0x00000190   Code   RO          529    i.WAC_IRQ_IRQHandler  mpa.o
    0x000207d4   0x000207d4   0x00000018   Code   RO          530    i.WAC_Init          mpa.o
    0x000207ec   0x000207ec   0x00000002   Code   RO          531    i.WAC_PEN_IRQHandler  mpa.o
    0x000207ee   0x000207ee   0x00000002   PAD
    0x000207f0   0x000207f0   0x000000d0   Code   RO          532    i.WAC_ReadBattery   mpa.o
    0x000208c0   0x000208c0   0x00000002   Code   RO          533    i.WAC_SAADC_IRQHandler  mpa.o
    0x000208c2   0x000208c2   0x00000096   Code   RO          534    i.WAC_voltageToPercentage  mpa.o
    0x00020958   0x00020958   0x00000010   Code   RO         3444    i.WAV_BLE_StreamXYData  ble_mpa.o
    0x00020968   0x00020968   0x00000028   Code   RO         6546    i.__0sprintf$8      mc_w.l(printf8.o)
    0x00020990   0x00020990   0x0000000e   Code   RO         6644    i.__scatterload_copy  mc_w.l(handlers.o)
    0x0002099e   0x0002099e   0x00000002   Code   RO         6645    i.__scatterload_null  mc_w.l(handlers.o)
    0x000209a0   0x000209a0   0x0000000e   Code   RO         6646    i.__scatterload_zeroinit  mc_w.l(handlers.o)
    0x000209ae   0x000209ae   0x00000002   PAD
    0x000209b0   0x000209b0   0x00000038   Code   RO         6088    i.__sd_nvic_app_accessible_irq  softdevice_handler.o
    0x000209e8   0x000209e8   0x0000000c   Code   RO         5105    i.__sd_nvic_irq_disable  app_util_platform.o
    0x000209f4   0x000209f4   0x00000410   Code   RO         6551    i._printf_core      mc_w.l(printf8.o)
    0x00020e04   0x00020e04   0x00000024   Code   RO         6552    i._printf_post_padding  mc_w.l(printf8.o)
    0x00020e28   0x00020e28   0x0000002e   Code   RO         6553    i._printf_pre_padding  mc_w.l(printf8.o)
    0x00020e56   0x00020e56   0x0000000a   Code   RO         6555    i._sputc            mc_w.l(printf8.o)
    0x00020e60   0x00020e60   0x00000032   Code   RO         1799    i.addr_compare      id_manager.o
    0x00020e92   0x00020e92   0x00000018   Code   RO         1136    i.addr_is_valid     ble_advertising.o
    0x00020eaa   0x00020eaa   0x00000002   PAD
    0x00020eac   0x00020eac   0x0000002c   Code   RO         5194    i.address_is_valid  fds.o
    0x00020ed8   0x00020ed8   0x0000016c   Code   RO         1026    i.adv_data_encode   ble_advdata.o
    0x00021044   0x00021044   0x00000060   Code   RO         1137    i.adv_mode_next_avail_get  ble_advertising.o
    0x000210a4   0x000210a4   0x00000012   Code   RO         1138    i.adv_mode_next_get  ble_advertising.o
    0x000210b6   0x000210b6   0x00000012   Code   RO         1027    i.advdata_check     ble_advdata.o
    0x000210c8   0x000210c8   0x00000054   Code   RO          928    i.advertising_buttons_configure  bsp_btn_ble.o
    0x0002111c   0x0002111c   0x00000090   Code   RO           10    i.advertising_init  main.o
    0x000211ac   0x000211ac   0x0000001e   Code   RO           11    i.advertising_start  main.o
    0x000211ca   0x000211ca   0x00000056   Code   RO         1800    i.ah                id_manager.o
    0x00021220   0x00021220   0x00000044   Code   RO         4860    i.app_error_fault_handler  app_error_weak.o
    0x00021264   0x00021264   0x0000001c   Code   RO         4818    i.app_error_handler_bare  app_error.o
    0x00021280   0x00021280   0x0000003c   Code   RO         4896    i.app_timer_create  app_timer.o
    0x000212bc   0x000212bc   0x0000008c   Code   RO         4897    i.app_timer_init    app_timer.o
    0x00021348   0x00021348   0x00000054   Code   RO         4898    i.app_timer_start   app_timer.o
    0x0002139c   0x0002139c   0x00000030   Code   RO         4899    i.app_timer_stop    app_timer.o
    0x000213cc   0x000213cc   0x0000000c   Code   RO         5106    i.app_util_critical_region_enter  app_util_platform.o
    0x000213d8   0x000213d8   0x00000048   Code   RO         5107    i.app_util_critical_region_exit  app_util_platform.o
    0x00021420   0x00021420   0x00000052   Code   RO         1028    i.appearance_encode  ble_advdata.o
    0x00021472   0x00021472   0x00000002   PAD
    0x00021474   0x00021474   0x00000058   Code   RO         1576    i.apply_pending_flags_check  gatt_cache_manager.o
    0x000214cc   0x000214cc   0x00000014   Code   RO         2919    i.auth_status_failure_process  security_dispatcher.o
    0x000214e0   0x000214e0   0x0000001c   Code   RO         2920    i.auth_status_process  security_dispatcher.o
    0x000214fc   0x000214fc   0x000000bc   Code   RO         2921    i.auth_status_success_process  security_dispatcher.o
    0x000215b8   0x000215b8   0x000001d4   Code   RO         3205    i.battery_level_char_add  ble_bas.o
    0x0002178c   0x0002178c   0x00000094   Code   RO         1029    i.ble_advdata_set   ble_advdata.o
    0x00021820   0x00021820   0x00000174   Code   RO         1139    i.ble_advertising_init  ble_advertising.o
    0x00021994   0x00021994   0x00000032   Code   RO         1140    i.ble_advertising_on_ble_evt  ble_advertising.o
    0x000219c6   0x000219c6   0x00000002   PAD
    0x000219c8   0x000219c8   0x0000004c   Code   RO         1141    i.ble_advertising_on_sys_evt  ble_advertising.o
    0x00021a14   0x00021a14   0x00000168   Code   RO         1144    i.ble_advertising_start  ble_advertising.o
    0x00021b7c   0x00021b7c   0x0000009c   Code   RO         3206    i.ble_bas_battery_level_update  ble_bas.o
    0x00021c18   0x00021c18   0x0000004c   Code   RO         3207    i.ble_bas_init      ble_bas.o
    0x00021c64   0x00021c64   0x00000042   Code   RO         3208    i.ble_bas_on_ble_evt  ble_bas.o
    0x00021ca6   0x00021ca6   0x00000002   PAD
    0x00021ca8   0x00021ca8   0x00000070   Code   RO         1263    i.ble_conn_params_init  ble_conn_params.o
    0x00021d18   0x00021d18   0x0000003e   Code   RO         1264    i.ble_conn_params_on_ble_evt  ble_conn_params.o
    0x00021d56   0x00021d56   0x00000002   PAD
    0x00021d58   0x00021d58   0x00000018   Code   RO         1352    i.ble_conn_state_conn_handles  ble_conn_state.o
    0x00021d70   0x00021d70   0x00000018   Code   RO         1353    i.ble_conn_state_encrypted  ble_conn_state.o
    0x00021d88   0x00021d88   0x00000018   Code   RO         1355    i.ble_conn_state_mitm_protected  ble_conn_state.o
    0x00021da0   0x00021da0   0x0000009c   Code   RO         1359    i.ble_conn_state_on_ble_evt  ble_conn_state.o
    0x00021e3c   0x00021e3c   0x00000038   Code   RO         1361    i.ble_conn_state_role  ble_conn_state.o
    0x00021e74   0x00021e74   0x00000024   Code   RO         1363    i.ble_conn_state_user_flag_acquire  ble_conn_state.o
    0x00021e98   0x00021e98   0x0000001c   Code   RO         1364    i.ble_conn_state_user_flag_collection  ble_conn_state.o
    0x00021eb4   0x00021eb4   0x00000024   Code   RO         1365    i.ble_conn_state_user_flag_get  ble_conn_state.o
    0x00021ed8   0x00021ed8   0x00000024   Code   RO         1366    i.ble_conn_state_user_flag_set  ble_conn_state.o
    0x00021efc   0x00021efc   0x00000076   Code   RO         1030    i.ble_device_addr_encode  ble_advdata.o
    0x00021f72   0x00021f72   0x00000002   PAD
    0x00021f74   0x00021f74   0x00000198   Code   RO         3271    i.ble_dis_init      ble_dis.o
    0x0002210c   0x0002210c   0x00000048   Code   RO           13    i.ble_evt_dispatch  main.o
    0x00022154   0x00022154   0x00000012   Code   RO         1508    i.ble_srv_ascii_to_utf8  ble_srv_common.o
    0x00022166   0x00022166   0x00000012   Code   RO         1510    i.ble_srv_is_notification_enabled  ble_srv_common.o
    0x00022178   0x00022178   0x0000003c   Code   RO         1511    i.ble_srv_report_ref_encode  ble_srv_common.o
    0x000221b4   0x000221b4   0x000000bc   Code   RO           14    i.ble_stack_init    main.o
    0x00022270   0x00022270   0x00000030   Code   RO          702    i.bsp_board_led_invert  boards.o
    0x000222a0   0x000222a0   0x00000014   Code   RO          703    i.bsp_board_led_off  boards.o
    0x000222b4   0x000222b4   0x00000014   Code   RO          704    i.bsp_board_led_on  boards.o
    0x000222c8   0x000222c8   0x00000030   Code   RO          705    i.bsp_board_led_state_get  boards.o
    0x000222f8   0x000222f8   0x00000014   Code   RO          707    i.bsp_board_leds_off  boards.o
    0x0002230c   0x0002230c   0x00000014   Code   RO          708    i.bsp_board_leds_on  boards.o
    0x00022320   0x00022320   0x00000024   Code   RO          709    i.bsp_board_pin_to_button_idx  boards.o
    0x00022344   0x00022344   0x00000078   Code   RO          930    i.bsp_btn_ble_on_ble_evt  bsp_btn_ble.o
    0x000223bc   0x000223bc   0x000000d0   Code   RO          817    i.bsp_button_event_handler  bsp.o
    0x0002248c   0x0002248c   0x0000005c   Code   RO          821    i.bsp_event_to_button_action_assign  bsp.o
    0x000224e8   0x000224e8   0x00000020   Code   RO          822    i.bsp_indication_set  bsp.o
    0x00022508   0x00022508   0x00000320   Code   RO          824    i.bsp_led_indication  bsp.o
    0x00022828   0x00022828   0x00000020   Code   RO         1577    i.cccd_written      gatt_cache_manager.o
    0x00022848   0x00022848   0x00000020   Code   RO         3798    i.channel_free      nrf_drv_gpiote.o
    0x00022868   0x00022868   0x00000010   Code   RO         3799    i.channel_handler_get  nrf_drv_gpiote.o
    0x00022878   0x00022878   0x00000080   Code   RO         3800    i.channel_port_alloc  nrf_drv_gpiote.o
    0x000228f8   0x000228f8   0x0000000c   Code   RO         3801    i.channel_port_get  nrf_drv_gpiote.o
    0x00022904   0x00022904   0x000000f8   Code   RO         3272    i.char_add          ble_dis.o
    0x000229fc   0x000229fc   0x00000020   Code   RO         5620    i.check_config      fstorage.o
    0x00022a1c   0x00022a1c   0x00000022   Code   RO         5195    i.chunk_is_aligned  fds.o
    0x00022a3e   0x00022a3e   0x00000002   PAD
    0x00022a40   0x00022a40   0x00000030   Code   RO         5196    i.chunk_queue_get_and_advance  fds.o
    0x00022a70   0x00022a70   0x00000020   Code   RO         5197    i.chunk_queue_next  fds.o
    0x00022a90   0x00022a90   0x0000002c   Code   RO         5198    i.chunk_queue_skip  fds.o
    0x00022abc   0x00022abc   0x0000004a   Code   RO         2452    i.claim             peer_id.o
    0x00022b06   0x00022b06   0x00000002   PAD
    0x00022b08   0x00022b08   0x00000030   Code   RO         3552    i.clock_clk_started_notify  nrf_drv_clock.o
    0x00022b38   0x00022b38   0x00000090   Code   RO         4901    i.compare_reg_update  app_timer.o
    0x00022bc8   0x00022bc8   0x0000005a   Code   RO         1031    i.conn_int_check    ble_advdata.o
    0x00022c22   0x00022c22   0x00000068   Code   RO         1032    i.conn_int_encode   ble_advdata.o
    0x00022c8a   0x00022c8a   0x00000010   Code   RO           16    i.conn_params_error_handler  main.o
    0x00022c9a   0x00022c9a   0x00000002   PAD
    0x00022c9c   0x00022c9c   0x00000064   Code   RO           17    i.conn_params_init  main.o
    0x00022d00   0x00022d00   0x00000084   Code   RO         1266    i.conn_params_negotiation  ble_conn_params.o
    0x00022d84   0x00022d84   0x00000058   Code   RO         2922    i.conn_sec_update_process  security_dispatcher.o
    0x00022ddc   0x00022ddc   0x00000054   Code   RO          932    i.connection_buttons_configure  bsp_btn_ble.o
    0x00022e30   0x00022e30   0x0000004a   Code   RO         5199    i.delete_execute    fds.o
    0x00022e7a   0x00022e7a   0x00000022   Code   RO         2923    i.disconnect_process  security_dispatcher.o
    0x00022e9c   0x00022e9c   0x00000064   Code   RO         4902    i.elapsed_ticks_acquire  app_timer.o
    0x00022f00   0x00022f00   0x00000038   Code   RO         2924    i.encryption_failure  security_dispatcher.o
    0x00022f38   0x00022f38   0x0000000a   Code   RO         5621    i.erase_execute     fstorage.o
    0x00022f42   0x00022f42   0x00000002   PAD
    0x00022f44   0x00022f44   0x00000054   Code   RO         6243    i.errata_108        system_nrf52.o
    0x00022f98   0x00022f98   0x00000030   Code   RO         6244    i.errata_16         system_nrf52.o
    0x00022fc8   0x00022fc8   0x00000054   Code   RO         6245    i.errata_31         system_nrf52.o
    0x0002301c   0x0002301c   0x00000030   Code   RO         6246    i.errata_32         system_nrf52.o
    0x0002304c   0x0002304c   0x00000054   Code   RO         6247    i.errata_36         system_nrf52.o
    0x000230a0   0x000230a0   0x00000030   Code   RO         6248    i.errata_37         system_nrf52.o
    0x000230d0   0x000230d0   0x00000030   Code   RO         6249    i.errata_57         system_nrf52.o
    0x00023100   0x00023100   0x00000030   Code   RO         6250    i.errata_66         system_nrf52.o
    0x00023130   0x00023130   0x00000076   Code   RO         5201    i.event_prepare     fds.o
    0x000231a6   0x000231a6   0x00000002   PAD
    0x000231a8   0x000231a8   0x00000028   Code   RO         5202    i.event_send        fds.o
    0x000231d0   0x000231d0   0x00000042   Code   RO         3069    i.events_send_from_err_code  security_manager.o
    0x00023212   0x00023212   0x00000002   PAD
    0x00023214   0x00023214   0x00000020   Code   RO         1578    i.evt_send          gatt_cache_manager.o
    0x00023234   0x00023234   0x00000020   Code   RO         1709    i.evt_send          gatts_cache_manager.o
    0x00023254   0x00023254   0x00000020   Code   RO         1801    i.evt_send          id_manager.o
    0x00023274   0x00023274   0x00000028   Code   RO         2547    i.evt_send          peer_manager.o
    0x0002329c   0x0002329c   0x00000020   Code   RO         2925    i.evt_send          security_dispatcher.o
    0x000232bc   0x000232bc   0x00000020   Code   RO         3070    i.evt_send          security_manager.o
    0x000232dc   0x000232dc   0x00000058   Code   RO         4903    i.expired_timers_handler  app_timer.o
    0x00023334   0x00023334   0x00000002   Code   RO           18    i.fds_evt_handler   main.o
    0x00023336   0x00023336   0x00000002   PAD
    0x00023338   0x00023338   0x0000013c   Code   RO         2105    i.fds_evt_handler   peer_data_storage.o
    0x00023474   0x00023474   0x00000048   Code   RO         5204    i.fds_file_delete   fds.o
    0x000234bc   0x000234bc   0x00000040   Code   RO         5205    i.fds_gc            fds.o
    0x000234fc   0x000234fc   0x000000b2   Code   RO         5206    i.fds_init          fds.o
    0x000235ae   0x000235ae   0x00000002   PAD
    0x000235b0   0x000235b0   0x00000058   Code   RO         5207    i.fds_record_close  fds.o
    0x00023608   0x00023608   0x00000016   Code   RO         5209    i.fds_record_find   fds.o
    0x0002361e   0x0002361e   0x00000014   Code   RO         5210    i.fds_record_find_by_key  fds.o
    0x00023632   0x00023632   0x00000014   Code   RO         5211    i.fds_record_find_in_file  fds.o
    0x00023646   0x00023646   0x00000012   Code   RO         5212    i.fds_record_id_from_desc  fds.o
    0x00023658   0x00023658   0x0000004c   Code   RO         5214    i.fds_record_open   fds.o
    0x000236a4   0x000236a4   0x0000001a   Code   RO         5215    i.fds_record_update  fds.o
    0x000236be   0x000236be   0x00000014   Code   RO         5216    i.fds_record_write  fds.o
    0x000236d2   0x000236d2   0x0000001c   Code   RO         5217    i.fds_record_write_reserved  fds.o
    0x000236ee   0x000236ee   0x00000002   PAD
    0x000236f0   0x000236f0   0x00000030   Code   RO         5218    i.fds_register      fds.o
    0x00023720   0x00023720   0x00000030   Code   RO         5219    i.fds_reserve       fds.o
    0x00023750   0x00023750   0x00000050   Code   RO         5220    i.fds_reserve_cancel  fds.o
    0x000237a0   0x000237a0   0x00000040   Code   RO         5222    i.file_find_and_delete  fds.o
    0x000237e0   0x000237e0   0x0000000a   Code   RO         2106    i.file_id_to_peer_id  peer_data_storage.o
    0x000237ea   0x000237ea   0x00000018   Code   RO         2107    i.file_id_within_pm_range  peer_data_storage.o
    0x00023802   0x00023802   0x00000002   PAD
    0x00023804   0x00023804   0x00000010   Code   RO         5223    i.flag_clear        fds.o
    0x00023814   0x00023814   0x00000012   Code   RO         2926    i.flag_id_init      security_dispatcher.o
    0x00023826   0x00023826   0x00000012   Code   RO         3071    i.flag_id_init      security_manager.o
    0x00023838   0x00023838   0x00000018   Code   RO         5224    i.flag_is_set       fds.o
    0x00023850   0x00023850   0x00000010   Code   RO         5225    i.flag_set          fds.o
    0x00023860   0x00023860   0x00000036   Code   RO         1033    i.flags_encode      ble_advdata.o
    0x00023896   0x00023896   0x00000002   PAD
    0x00023898   0x00023898   0x0000009c   Code   RO         3072    i.flags_set_from_err_code  security_manager.o
    0x00023934   0x00023934   0x00000014   Code   RO         1146    i.flash_access_in_progress  ble_advertising.o
    0x00023948   0x00023948   0x00000080   Code   RO         5622    i.fs_erase          fstorage.o
    0x000239c8   0x000239c8   0x0000000e   Code   RO         5226    i.fs_event_handler  fds.o
    0x000239d6   0x000239d6   0x00000018   Code   RO         5624    i.fs_flash_page_end_addr  fstorage.o
    0x000239ee   0x000239ee   0x00000002   PAD
    0x000239f0   0x000239f0   0x000000c0   Code   RO         5625    i.fs_init           fstorage.o
    0x00023ab0   0x00023ab0   0x00000018   Code   RO         5628    i.fs_queued_op_count_get  fstorage.o
    0x00023ac8   0x00023ac8   0x00000094   Code   RO         5629    i.fs_store          fstorage.o
    0x00023b5c   0x00023b5c   0x0000006c   Code   RO         5630    i.fs_sys_event_handler  fstorage.o
    0x00023bc8   0x00023bc8   0x000000bc   Code   RO           19    i.gap_params_init   main.o
    0x00023c84   0x00023c84   0x00000002   Code   RO           20    i.gatt_evt_handler  main.o
    0x00023c86   0x00023c86   0x00000002   PAD
    0x00023c88   0x00023c88   0x00000028   Code   RO           21    i.gatt_init         main.o
    0x00023cb0   0x00023cb0   0x00000070   Code   RO         5227    i.gc_execute        fds.o
    0x00023d20   0x00023d20   0x0000003c   Code   RO         5228    i.gc_init           fds.o
    0x00023d5c   0x00023d5c   0x00000028   Code   RO         5229    i.gc_next_page      fds.o
    0x00023d84   0x00023d84   0x00000044   Code   RO         5230    i.gc_page_erase     fds.o
    0x00023dc8   0x00023dc8   0x00000048   Code   RO         5231    i.gc_page_next      fds.o
    0x00023e10   0x00023e10   0x00000040   Code   RO         5232    i.gc_record_copy    fds.o
    0x00023e50   0x00023e50   0x00000024   Code   RO         5233    i.gc_record_find_next  fds.o
    0x00023e74   0x00023e74   0x00000058   Code   RO         5234    i.gc_state_advance  fds.o
    0x00023ecc   0x00023ecc   0x0000002c   Code   RO         5235    i.gc_swap_erase     fds.o
    0x00023ef8   0x00023ef8   0x00000044   Code   RO         5236    i.gc_swap_pages     fds.o
    0x00023f3c   0x00023f3c   0x00000020   Code   RO         5237    i.gc_swap_promote   fds.o
    0x00023f5c   0x00023f5c   0x00000018   Code   RO         5238    i.gc_tag_new_swap   fds.o
    0x00023f74   0x00023f74   0x00000020   Code   RO         5239    i.gc_update_swap_offset  fds.o
    0x00023f94   0x00023f94   0x00000074   Code   RO         1579    i.gcm_ble_evt_handler  gatt_cache_manager.o
    0x00024008   0x00024008   0x00000078   Code   RO         1580    i.gcm_gscm_evt_handler  gatt_cache_manager.o
    0x00024080   0x00024080   0x00000030   Code   RO         1581    i.gcm_im_evt_handler  gatt_cache_manager.o
    0x000240b0   0x000240b0   0x00000068   Code   RO         1582    i.gcm_init          gatt_cache_manager.o
    0x00024118   0x00024118   0x0000004c   Code   RO         1583    i.gcm_local_database_has_changed  gatt_cache_manager.o
    0x00024164   0x00024164   0x00000018   Code   RO         1586    i.gcm_smd_evt_handler  gatt_cache_manager.o
    0x0002417c   0x0002417c   0x0000003c   Code   RO         1802    i.get_connection_by_conn_handle  id_manager.o
    0x000241b8   0x000241b8   0x00000034   Code   RO         1803    i.get_free_connection  id_manager.o
    0x000241ec   0x000241ec   0x0000001c   Code   RO         1710    i.gscm_db_change_notification_done  gatts_cache_manager.o
    0x00024208   0x00024208   0x00000014   Code   RO         1711    i.gscm_init         gatts_cache_manager.o
    0x0002421c   0x0002421c   0x00000018   Code   RO         1712    i.gscm_local_database_has_changed  gatts_cache_manager.o
    0x00024234   0x00024234   0x00000090   Code   RO         1713    i.gscm_local_db_cache_apply  gatts_cache_manager.o
    0x000242c4   0x000242c4   0x00000096   Code   RO         1715    i.gscm_local_db_cache_update  gatts_cache_manager.o
    0x0002435a   0x0002435a   0x00000002   PAD
    0x0002435c   0x0002435c   0x00000058   Code   RO         1716    i.gscm_pdb_evt_handler  gatts_cache_manager.o
    0x000243b4   0x000243b4   0x00000024   Code   RO         1717    i.gscm_service_changed_ind_needed  gatts_cache_manager.o
    0x000243d8   0x000243d8   0x0000003c   Code   RO         1718    i.gscm_service_changed_ind_send  gatts_cache_manager.o
    0x00024414   0x00024414   0x00000018   Code   RO         5240    i.header_is_valid   fds.o
    0x0002442c   0x0002442c   0x0000004c   Code   RO         1804    i.im_address_resolve  id_manager.o
    0x00024478   0x00024478   0x00000034   Code   RO         1805    i.im_ble_addr_get   id_manager.o
    0x000244ac   0x000244ac   0x000000ce   Code   RO         1806    i.im_ble_evt_handler  id_manager.o
    0x0002457a   0x0002457a   0x00000002   PAD
    0x0002457c   0x0002457c   0x00000030   Code   RO         1807    i.im_conn_handle_get  id_manager.o
    0x000245ac   0x000245ac   0x0000002c   Code   RO         1811    i.im_init           id_manager.o
    0x000245d8   0x000245d8   0x00000044   Code   RO         1812    i.im_is_duplicate_bonding_data  id_manager.o
    0x0002461c   0x0002461c   0x00000022   Code   RO         1813    i.im_master_id_is_valid  id_manager.o
    0x0002463e   0x0002463e   0x00000032   Code   RO         1814    i.im_master_ids_compare  id_manager.o
    0x00024670   0x00024670   0x00000010   Code   RO         1815    i.im_new_peer_id    id_manager.o
    0x00024680   0x00024680   0x0000007c   Code   RO         1816    i.im_pdb_evt_handler  id_manager.o
    0x000246fc   0x000246fc   0x0000002a   Code   RO         1817    i.im_peer_free      id_manager.o
    0x00024726   0x00024726   0x00000002   PAD
    0x00024728   0x00024728   0x00000028   Code   RO         1818    i.im_peer_id_get_by_conn_handle  id_manager.o
    0x00024750   0x00024750   0x00000040   Code   RO         1819    i.im_peer_id_get_by_master_id  id_manager.o
    0x00024790   0x00024790   0x00000118   Code   RO         5241    i.init_execute      fds.o
    0x000248a8   0x000248a8   0x000000b8   Code   RO         6089    i.intern_softdevice_events_execute  softdevice_handler.o
    0x00024960   0x00024960   0x0000000c   Code   RO         1587    i.internal_state_reset  gatt_cache_manager.o
    0x0002496c   0x0002496c   0x00000018   Code   RO         1719    i.internal_state_reset  gatts_cache_manager.o
    0x00024984   0x00024984   0x0000002c   Code   RO         1824    i.internal_state_reset  id_manager.o
    0x000249b0   0x000249b0   0x00000020   Code   RO         2273    i.internal_state_reset  peer_database.o
    0x000249d0   0x000249d0   0x0000000e   Code   RO         2453    i.internal_state_reset  peer_id.o
    0x000249de   0x000249de   0x00000002   PAD
    0x000249e0   0x000249e0   0x0000002c   Code   RO         2548    i.internal_state_reset  peer_manager.o
    0x00024a0c   0x00024a0c   0x00000190   Code   RO         4391    i.irq_handler_twim  nrf_drv_twi.o
    0x00024b9c   0x00024b9c   0x00000024   Code   RO         1267    i.is_conn_params_ok  ble_conn_params.o
    0x00024bc0   0x00024bc0   0x00000018   Code   RO         1825    i.is_valid_irk      id_manager.o
    0x00024bd8   0x00024bd8   0x00000010   Code   RO         5242    i.is_word_aligned   fds.o
    0x00024be8   0x00024be8   0x0000000c   Code   RO         3555    i.item_dequeue      nrf_drv_clock.o
    0x00024bf4   0x00024bf4   0x000000c4   Code   RO         3073    i.link_secure       security_manager.o
    0x00024cb8   0x00024cb8   0x0000008e   Code   RO         2927    i.link_secure_central  security_dispatcher.o
    0x00024d46   0x00024d46   0x000000e8   Code   RO         2928    i.link_secure_central_existing_peer  security_dispatcher.o
    0x00024e2e   0x00024e2e   0x0000007c   Code   RO         2929    i.link_secure_central_new_peer  security_dispatcher.o
    0x00024eaa   0x00024eaa   0x00000002   PAD
    0x00024eac   0x00024eac   0x00000058   Code   RO         2930    i.link_secure_failure  security_dispatcher.o
    0x00024f04   0x00024f04   0x00000080   Code   RO         3074    i.link_secure_pending_process  security_manager.o
    0x00024f84   0x00024f84   0x00000012   Code   RO         2931    i.link_secure_peripheral  security_dispatcher.o
    0x00024f96   0x00024f96   0x00000002   PAD
    0x00024f98   0x00024f98   0x0000007c   Code   RO         4904    i.list_deletions_handler  app_timer.o
    0x00025014   0x00025014   0x000000f8   Code   RO         4905    i.list_insertions_handler  app_timer.o
    0x0002510c   0x0002510c   0x000000a0   Code   RO         1588    i.local_db_apply_in_evt  gatt_cache_manager.o
    0x000251ac   0x000251ac   0x000000b8   Code   RO         1589    i.local_db_update_in_evt  gatt_cache_manager.o
    0x00025264   0x00025264   0x00000034   Code   RO         2866    i.lock_by_mask      pm_mutex.o
    0x00025298   0x00025298   0x00000052   Code   RO           22    i.main              main.o
    0x000252ea   0x000252ea   0x00000076   Code   RO         1034    i.manuf_specific_data_encode  ble_advdata.o
    0x00025360   0x00025360   0x000000c2   Code   RO         1035    i.name_encode       ble_advdata.o
    0x00025422   0x00025422   0x00000002   PAD
    0x00025424   0x00025424   0x00000070   Code   RO         1826    i.new_connection    id_manager.o
    0x00025494   0x00025494   0x00000034   Code   RO         2454    i.next_id_get       peer_id.o
    0x000254c8   0x000254c8   0x00000016   Code   RO         3802    i.nrf_bitmask_bit_is_set  nrf_drv_gpiote.o
    0x000254de   0x000254de   0x0000004c   Code   RO         2003    i.nrf_ble_gatt_init  nrf_ble_gatt.o
    0x0002552a   0x0002552a   0x00000096   Code   RO         2004    i.nrf_ble_gatt_on_ble_evt  nrf_ble_gatt.o
    0x000255c0   0x000255c0   0x00000012   Code   RO         3559    i.nrf_clock_event_check  nrf_drv_clock.o
    0x000255d2   0x000255d2   0x00000012   Code   RO         3560    i.nrf_clock_event_clear  nrf_drv_clock.o
    0x000255e4   0x000255e4   0x0000000c   Code   RO         3562    i.nrf_clock_int_disable  nrf_drv_clock.o
    0x000255f0   0x000255f0   0x00000012   Code   RO           23    i.nrf_delay_ms      main.o
    0x00025602   0x00025602   0x00000012   Code   RO          627    i.nrf_delay_ms      wacom.o
    0x00025614   0x00025614   0x00000098   Code   RO           24    i.nrf_delay_us      main.o
    0x000256ac   0x000256ac   0x00000098   Code   RO          535    i.nrf_delay_us      mpa.o
    0x00025744   0x00025744   0x00000098   Code   RO          628    i.nrf_delay_us      wacom.o
    0x000257dc   0x000257dc   0x00000098   Code   RO         4392    i.nrf_delay_us      nrf_drv_twi.o
    0x00025874   0x00025874   0x00000098   Code   RO         4906    i.nrf_delay_us      app_timer.o
    0x0002590c   0x0002590c   0x00000068   Code   RO         3571    i.nrf_drv_clock_init  nrf_drv_clock.o
    0x00025974   0x00025974   0x00000034   Code   RO         3578    i.nrf_drv_clock_on_sd_enable  nrf_drv_clock.o
    0x000259a8   0x000259a8   0x0000000e   Code   RO         3579    i.nrf_drv_clock_on_soc_event  nrf_drv_clock.o
    0x000259b6   0x000259b6   0x00000002   PAD
    0x000259b8   0x000259b8   0x00000060   Code   RO         3751    i.nrf_drv_common_irq_enable  nrf_drv_common.o
    0x00025a18   0x00025a18   0x0000000a   Code   RO         4393    i.nrf_drv_get_IRQn  nrf_drv_twi.o
    0x00025a22   0x00025a22   0x00000002   PAD
    0x00025a24   0x00025a24   0x000000ac   Code   RO         3807    i.nrf_drv_gpiote_in_event_enable  nrf_drv_gpiote.o
    0x00025ad0   0x00025ad0   0x000000dc   Code   RO         3808    i.nrf_drv_gpiote_in_init  nrf_drv_gpiote.o
    0x00025bac   0x00025bac   0x00000060   Code   RO         3811    i.nrf_drv_gpiote_init  nrf_drv_gpiote.o
    0x00025c0c   0x00025c0c   0x00000014   Code   RO         3812    i.nrf_drv_gpiote_is_init  nrf_drv_gpiote.o
    0x00025c20   0x00025c20   0x00000014   Code   RO         4394    i.nrf_drv_is_in_RAM  nrf_drv_twi.o
    0x00025c34   0x00025c34   0x0000005c   Code   RO         4620    i.nrf_drv_saadc_channel_init  nrf_drv_saadc.o
    0x00025c90   0x00025c90   0x0000009c   Code   RO         4622    i.nrf_drv_saadc_init  nrf_drv_saadc.o
    0x00025d2c   0x00025d2c   0x000000e8   Code   RO         4626    i.nrf_drv_saadc_sample_convert  nrf_drv_saadc.o
    0x00025e14   0x00025e14   0x00000024   Code   RO         4397    i.nrf_drv_twi_enable  nrf_drv_twi.o
    0x00025e38   0x00025e38   0x0000009c   Code   RO         4398    i.nrf_drv_twi_init  nrf_drv_twi.o
    0x00025ed4   0x00025ed4   0x0000002c   Code   RO         4399    i.nrf_drv_twi_rx    nrf_drv_twi.o
    0x00025f00   0x00025f00   0x0000003c   Code   RO         4402    i.nrf_drv_twi_tx    nrf_drv_twi.o
    0x00025f3c   0x00025f3c   0x00000030   Code   RO         4404    i.nrf_drv_twi_xfer  nrf_drv_twi.o
    0x00025f6c   0x00025f6c   0x00000028   Code   RO           25    i.nrf_gpio_cfg      main.o
    0x00025f94   0x00025f94   0x00000028   Code   RO          536    i.nrf_gpio_cfg      mpa.o
    0x00025fbc   0x00025fbc   0x00000028   Code   RO         3826    i.nrf_gpio_cfg      nrf_drv_gpiote.o
    0x00025fe4   0x00025fe4   0x0000001a   Code   RO           26    i.nrf_gpio_cfg_input  main.o
    0x00025ffe   0x00025ffe   0x00000018   Code   RO           27    i.nrf_gpio_cfg_output  main.o
    0x00026016   0x00026016   0x00000032   Code   RO         3828    i.nrf_gpio_cfg_sense_set  nrf_drv_gpiote.o
    0x00026048   0x00026048   0x00000016   Code   RO           28    i.nrf_gpio_pin_clear  main.o
    0x0002605e   0x0002605e   0x00000016   Code   RO         4405    i.nrf_gpio_pin_clear  nrf_drv_twi.o
    0x00026074   0x00026074   0x00000018   Code   RO           29    i.nrf_gpio_pin_read  main.o
    0x0002608c   0x0002608c   0x00000018   Code   RO         3830    i.nrf_gpio_pin_read  nrf_drv_gpiote.o
    0x000260a4   0x000260a4   0x00000016   Code   RO           30    i.nrf_gpio_pin_set  main.o
    0x000260ba   0x000260ba   0x00000016   Code   RO          629    i.nrf_gpio_pin_set  wacom.o
    0x000260d0   0x000260d0   0x00000016   Code   RO         4406    i.nrf_gpio_pin_set  nrf_drv_twi.o
    0x000260e6   0x000260e6   0x0000003a   Code   RO          712    i.nrf_gpio_pin_write  boards.o
    0x00026120   0x00026120   0x00000028   Code   RO         3832    i.nrf_gpio_ports_read  nrf_drv_gpiote.o
    0x00026148   0x00026148   0x0000000c   Code   RO         3833    i.nrf_gpiote_event_addr_get  nrf_drv_gpiote.o
    0x00026154   0x00026154   0x0000001c   Code   RO         3834    i.nrf_gpiote_event_clear  nrf_drv_gpiote.o
    0x00026170   0x00026170   0x00000016   Code   RO         3835    i.nrf_gpiote_event_is_set  nrf_drv_gpiote.o
    0x00026186   0x00026186   0x00000002   PAD
    0x00026188   0x00026188   0x0000000c   Code   RO         3836    i.nrf_gpiote_int_enable  nrf_drv_gpiote.o
    0x00026194   0x00026194   0x00000010   Code   RO         4629    i.nrf_saadc_buffer_init  nrf_drv_saadc.o
    0x000261a4   0x000261a4   0x00000070   Code   RO         4589    i.nrf_saadc_channel_init  nrf_saadc.o
    0x00026214   0x00026214   0x00000018   Code   RO         4630    i.nrf_saadc_channel_input_set  nrf_drv_saadc.o
    0x0002622c   0x0002622c   0x00000014   Code   RO         4631    i.nrf_saadc_event_check  nrf_drv_saadc.o
    0x00026240   0x00026240   0x00000018   Code   RO         4632    i.nrf_saadc_event_clear  nrf_drv_saadc.o
    0x00026258   0x00026258   0x0000000c   Code   RO         4633    i.nrf_saadc_int_disable  nrf_drv_saadc.o
    0x00026264   0x00026264   0x0000000c   Code   RO         4634    i.nrf_saadc_int_enable  nrf_drv_saadc.o
    0x00026270   0x00026270   0x0000000c   Code   RO         4636    i.nrf_saadc_task_trigger  nrf_drv_saadc.o
    0x0002627c   0x0002627c   0x0000000c   Code   RO         4407    i.nrf_twim_errorsrc_get_and_clear  nrf_drv_twi.o
    0x00026288   0x00026288   0x0000000e   Code   RO         4408    i.nrf_twim_event_check  nrf_drv_twi.o
    0x00026296   0x00026296   0x0000000e   Code   RO         4409    i.nrf_twim_event_clear  nrf_drv_twi.o
    0x000262a4   0x000262a4   0x00000006   Code   RO         4410    i.nrf_twim_int_disable  nrf_drv_twi.o
    0x000262aa   0x000262aa   0x00000006   Code   RO         4411    i.nrf_twim_int_enable  nrf_drv_twi.o
    0x000262b0   0x000262b0   0x0000000c   Code   RO         4412    i.nrf_twim_rx_buffer_set  nrf_drv_twi.o
    0x000262bc   0x000262bc   0x0000000a   Code   RO         4413    i.nrf_twim_rxd_amount_get  nrf_drv_twi.o
    0x000262c6   0x000262c6   0x00000006   Code   RO         4414    i.nrf_twim_shorts_set  nrf_drv_twi.o
    0x000262cc   0x000262cc   0x00000006   Code   RO         4415    i.nrf_twim_task_trigger  nrf_drv_twi.o
    0x000262d2   0x000262d2   0x0000000c   Code   RO         4416    i.nrf_twim_tx_buffer_set  nrf_drv_twi.o
    0x000262de   0x000262de   0x0000000a   Code   RO         4417    i.nrf_twim_txd_amount_get  nrf_drv_twi.o
    0x000262e8   0x000262e8   0x0000000c   Code   RO         4109    i.nrf_uart_errorsrc_get_and_clear  nrf_drv_uart.o
    0x000262f4   0x000262f4   0x0000000e   Code   RO         4110    i.nrf_uart_event_check  nrf_drv_uart.o
    0x00026302   0x00026302   0x0000000e   Code   RO         4111    i.nrf_uart_event_clear  nrf_drv_uart.o
    0x00026310   0x00026310   0x00000006   Code   RO         4113    i.nrf_uart_int_disable  nrf_drv_uart.o
    0x00026316   0x00026316   0x00000012   Code   RO         4115    i.nrf_uart_int_enable_check  nrf_drv_uart.o
    0x00026328   0x00026328   0x00000006   Code   RO         4116    i.nrf_uart_task_trigger  nrf_drv_uart.o
    0x0002632e   0x0002632e   0x0000000c   Code   RO         4118    i.nrf_uarte_errorsrc_get_and_clear  nrf_drv_uart.o
    0x0002633a   0x0002633a   0x0000000e   Code   RO         4119    i.nrf_uarte_event_check  nrf_drv_uart.o
    0x00026348   0x00026348   0x0000000e   Code   RO         4120    i.nrf_uarte_event_clear  nrf_drv_uart.o
    0x00026356   0x00026356   0x0000000a   Code   RO         4124    i.nrf_uarte_rx_amount_get  nrf_drv_uart.o
    0x00026360   0x00026360   0x0000003c   Code   RO           31    i.on_adv_evt        main.o
    0x0002639c   0x0002639c   0x00000124   Code   RO           32    i.on_ble_evt        main.o
    0x000264c0   0x000264c0   0x0000002c   Code   RO           33    i.on_conn_params_evt  main.o
    0x000264ec   0x000264ec   0x00000018   Code   RO         1268    i.on_conn_params_update  ble_conn_params.o
    0x00026504   0x00026504   0x00000038   Code   RO         1269    i.on_connect        ble_conn_params.o
    0x0002653c   0x0002653c   0x00000006   Code   RO         3209    i.on_connect        ble_bas.o
    0x00026542   0x00026542   0x00000002   PAD
    0x00026544   0x00026544   0x00000014   Code   RO         1147    i.on_connected      ble_advertising.o
    0x00026558   0x00026558   0x00000064   Code   RO         2005    i.on_connected_evt  nrf_ble_gatt.o
    0x000265bc   0x000265bc   0x00000006   Code   RO         2006    i.on_data_length_changed_evt  nrf_ble_gatt.o
    0x000265c2   0x000265c2   0x00000002   PAD
    0x000265c4   0x000265c4   0x00000040   Code   RO         1270    i.on_disconnect     ble_conn_params.o
    0x00026604   0x00026604   0x00000008   Code   RO         3210    i.on_disconnect     ble_bas.o
    0x0002660c   0x0002660c   0x0000003c   Code   RO         1148    i.on_disconnected   ble_advertising.o
    0x00026648   0x00026648   0x0000009a   Code   RO         2007    i.on_exchange_mtu_request_evt  nrf_ble_gatt.o
    0x000266e2   0x000266e2   0x00000082   Code   RO         2008    i.on_exchange_mtu_rsp_evt  nrf_ble_gatt.o
    0x00026764   0x00026764   0x0000002c   Code   RO         5631    i.on_operation_failure  fstorage.o
    0x00026790   0x00026790   0x00000078   Code   RO         5632    i.on_operation_success  fstorage.o
    0x00026808   0x00026808   0x00000038   Code   RO         1149    i.on_timeout        ble_advertising.o
    0x00026840   0x00026840   0x0000004c   Code   RO         1271    i.on_write          ble_conn_params.o
    0x0002688c   0x0002688c   0x00000040   Code   RO         3211    i.on_write          ble_bas.o
    0x000268cc   0x000268cc   0x000000a4   Code   RO         5243    i.op_enqueue        fds.o
    0x00026970   0x00026970   0x00000040   Code   RO         5244    i.page_from_record  fds.o
    0x000269b0   0x000269b0   0x0000002c   Code   RO         5245    i.page_has_space    fds.o
    0x000269dc   0x000269dc   0x0000002c   Code   RO         5246    i.page_identify     fds.o
    0x00026a08   0x00026a08   0x0000001e   Code   RO         5247    i.page_is_erased    fds.o
    0x00026a26   0x00026a26   0x00000012   Code   RO         5248    i.page_offsets_update  fds.o
    0x00026a38   0x00026a38   0x00000068   Code   RO         5249    i.page_scan         fds.o
    0x00026aa0   0x00026aa0   0x00000020   Code   RO         5250    i.page_tag_write_data  fds.o
    0x00026ac0   0x00026ac0   0x00000024   Code   RO         5251    i.page_tag_write_swap  fds.o
    0x00026ae4   0x00026ae4   0x00000130   Code   RO         5252    i.pages_init        fds.o
    0x00026c14   0x00026c14   0x00000084   Code   RO         2932    i.pairing_failure   security_dispatcher.o
    0x00026c98   0x00026c98   0x00000048   Code   RO         3075    i.params_reply_pending_process  security_manager.o
    0x00026ce0   0x00026ce0   0x00000020   Code   RO         2275    i.pdb_evt_send      peer_database.o
    0x00026d00   0x00026d00   0x00000044   Code   RO         2276    i.pdb_init          peer_database.o
    0x00026d44   0x00026d44   0x0000000c   Code   RO         2278    i.pdb_next_deleted_peer_id_get  peer_database.o
    0x00026d50   0x00026d50   0x0000000c   Code   RO         2279    i.pdb_next_peer_id_get  peer_database.o
    0x00026d5c   0x00026d5c   0x000001bc   Code   RO         2280    i.pdb_pds_evt_handler  peer_database.o
    0x00026f18   0x00026f18   0x00000008   Code   RO         2281    i.pdb_peer_allocate  peer_database.o
    0x00026f20   0x00026f20   0x00000016   Code   RO         2283    i.pdb_peer_data_ptr_get  peer_database.o
    0x00026f36   0x00026f36   0x00000058   Code   RO         2284    i.pdb_peer_free     peer_database.o
    0x00026f8e   0x00026f8e   0x00000016   Code   RO         2285    i.pdb_raw_store     peer_database.o
    0x00026fa4   0x00026fa4   0x00000134   Code   RO         2286    i.pdb_write_buf_get  peer_database.o
    0x000270d8   0x000270d8   0x00000036   Code   RO         2287    i.pdb_write_buf_release  peer_database.o
    0x0002710e   0x0002710e   0x00000002   PAD
    0x00027110   0x00027110   0x00000104   Code   RO         2288    i.pdb_write_buf_store  peer_database.o
    0x00027214   0x00027214   0x00000078   Code   RO         2289    i.pdb_write_buf_store_prepare  peer_database.o
    0x0002728c   0x0002728c   0x00000020   Code   RO         2108    i.pds_evt_send      peer_data_storage.o
    0x000272ac   0x000272ac   0x00000038   Code   RO         2109    i.pds_init          peer_data_storage.o
    0x000272e4   0x000272e4   0x0000000c   Code   RO         2110    i.pds_next_deleted_peer_id_get  peer_data_storage.o
    0x000272f0   0x000272f0   0x0000000c   Code   RO         2111    i.pds_next_peer_id_get  peer_data_storage.o
    0x000272fc   0x000272fc   0x0000005c   Code   RO         2114    i.pds_peer_data_iterate  peer_data_storage.o
    0x00027358   0x00027358   0x00000010   Code   RO         2115    i.pds_peer_data_iterate_prepare  peer_data_storage.o
    0x00027368   0x00027368   0x00000088   Code   RO         2116    i.pds_peer_data_read  peer_data_storage.o
    0x000273f0   0x000273f0   0x000000ba   Code   RO         2117    i.pds_peer_data_store  peer_data_storage.o
    0x000274aa   0x000274aa   0x0000000c   Code   RO         2118    i.pds_peer_id_allocate  peer_data_storage.o
    0x000274b6   0x000274b6   0x0000001e   Code   RO         2119    i.pds_peer_id_free  peer_data_storage.o
    0x000274d4   0x000274d4   0x0000000c   Code   RO         2120    i.pds_peer_id_is_allocated  peer_data_storage.o
    0x000274e0   0x000274e0   0x0000003c   Code   RO         2121    i.pds_space_reserve  peer_data_storage.o
    0x0002751c   0x0002751c   0x00000014   Code   RO         2122    i.pds_space_reserve_cancel  peer_data_storage.o
    0x00027530   0x00027530   0x0000001c   Code   RO         2290    i.peer_data_const_point_to_buffer  peer_database.o
    0x0002754c   0x0002754c   0x000000a4   Code   RO         2123    i.peer_data_delete  peer_data_storage.o
    0x000275f0   0x000275f0   0x00000040   Code   RO         2124    i.peer_data_find    peer_data_storage.o
    0x00027630   0x00027630   0x00000022   Code   RO         2125    i.peer_data_id_is_valid  peer_data_storage.o
    0x00027652   0x00027652   0x0000000a   Code   RO         2126    i.peer_data_id_to_record_key  peer_data_storage.o
    0x0002765c   0x0002765c   0x0000001a   Code   RO         2291    i.peer_data_point_to_buffer  peer_database.o
    0x00027676   0x00027676   0x00000002   PAD
    0x00027678   0x00027678   0x00000014   Code   RO         2455    i.peer_id_allocate  peer_id.o
    0x0002768c   0x0002768c   0x0000002c   Code   RO         2456    i.peer_id_delete    peer_id.o
    0x000276b8   0x000276b8   0x0000001c   Code   RO         2457    i.peer_id_free      peer_id.o
    0x000276d4   0x000276d4   0x00000014   Code   RO         2458    i.peer_id_get_next_deleted  peer_id.o
    0x000276e8   0x000276e8   0x00000038   Code   RO         2459    i.peer_id_get_next_used  peer_id.o
    0x00027720   0x00027720   0x00000024   Code   RO         2460    i.peer_id_init      peer_id.o
    0x00027744   0x00027744   0x0000001c   Code   RO         2461    i.peer_id_is_allocated  peer_id.o
    0x00027760   0x00027760   0x0000001c   Code   RO         2462    i.peer_id_is_deleted  peer_id.o
    0x0002777c   0x0002777c   0x00000024   Code   RO         1827    i.peer_id_set       id_manager.o
    0x000277a0   0x000277a0   0x0000000a   Code   RO         2127    i.peer_id_to_file_id  peer_data_storage.o
    0x000277aa   0x000277aa   0x00000046   Code   RO         2128    i.peer_ids_load     peer_data_storage.o
    0x000277f0   0x000277f0   0x0000010c   Code   RO           34    i.peer_manager_init  main.o
    0x000278fc   0x000278fc   0x0000001c   Code   RO         3839    i.pin_in_use_by_gpiote  nrf_drv_gpiote.o
    0x00027918   0x00027918   0x00000018   Code   RO         3840    i.pin_in_use_by_port  nrf_drv_gpiote.o
    0x00027930   0x00027930   0x00000020   Code   RO         3841    i.pin_in_use_by_te  nrf_drv_gpiote.o
    0x00027950   0x00027950   0x0000000c   Code   RO         3842    i.pin_in_use_clear  nrf_drv_gpiote.o
    0x0002795c   0x0002795c   0x00000062   Code   RO         2824    i.pm_buffer_block_acquire  pm_buffer.o
    0x000279be   0x000279be   0x0000004e   Code   RO         2825    i.pm_buffer_init    pm_buffer.o
    0x00027a0c   0x00027a0c   0x00000030   Code   RO         2826    i.pm_buffer_ptr_get  pm_buffer.o
    0x00027a3c   0x00027a3c   0x00000028   Code   RO         2827    i.pm_buffer_release  pm_buffer.o
    0x00027a64   0x00027a64   0x00000010   Code   RO         2550    i.pm_conn_sec_config_reply  peer_manager.o
    0x00027a74   0x00027a74   0x000000c4   Code   RO           35    i.pm_evt_handler    main.o
    0x00027b38   0x00027b38   0x000000be   Code   RO         2554    i.pm_gcm_evt_handler  peer_manager.o
    0x00027bf6   0x00027bf6   0x00000002   PAD
    0x00027bf8   0x00027bf8   0x00000058   Code   RO         2557    i.pm_im_evt_handler  peer_manager.o
    0x00027c50   0x00027c50   0x000000a4   Code   RO         2558    i.pm_init           peer_manager.o
    0x00027cf4   0x00027cf4   0x0000001c   Code   RO         2560    i.pm_local_database_has_changed  peer_manager.o
    0x00027d10   0x00027d10   0x00000014   Code   RO         2867    i.pm_mutex_init     pm_mutex.o
    0x00027d24   0x00027d24   0x00000020   Code   RO         2868    i.pm_mutex_lock     pm_mutex.o
    0x00027d44   0x00027d44   0x00000030   Code   RO         2869    i.pm_mutex_lock_first_available  pm_mutex.o
    0x00027d74   0x00027d74   0x00000024   Code   RO         2870    i.pm_mutex_lock_status_get  pm_mutex.o
    0x00027d98   0x00027d98   0x00000038   Code   RO         2871    i.pm_mutex_unlock   pm_mutex.o
    0x00027dd0   0x00027dd0   0x0000002c   Code   RO         2562    i.pm_on_ble_evt     peer_manager.o
    0x00027dfc   0x00027dfc   0x000001c8   Code   RO         2563    i.pm_pdb_evt_handler  peer_manager.o
    0x00027fc4   0x00027fc4   0x00000020   Code   RO         2574    i.pm_peer_delete    peer_manager.o
    0x00027fe4   0x00027fe4   0x00000050   Code   RO         2579    i.pm_peers_delete   peer_manager.o
    0x00028034   0x00028034   0x00000040   Code   RO         2582    i.pm_register       peer_manager.o
    0x00028074   0x00028074   0x00000024   Code   RO         2584    i.pm_sec_params_set  peer_manager.o
    0x00028098   0x00028098   0x000001b0   Code   RO         2585    i.pm_sm_evt_handler  peer_manager.o
    0x00028248   0x00028248   0x0000008c   Code   RO         3273    i.pnp_id_encode     ble_dis.o
    0x000282d4   0x000282d4   0x0000001a   Code   RO           36    i.power_manage      main.o
    0x000282ee   0x000282ee   0x00000002   PAD
    0x000282f0   0x000282f0   0x00000048   Code   RO         5253    i.queue_advance     fds.o
    0x00028338   0x00028338   0x00000034   Code   RO         5633    i.queue_advance     fstorage.o
    0x0002836c   0x0002836c   0x00000068   Code   RO         5634    i.queue_get_next_free  fstorage.o
    0x000283d4   0x000283d4   0x000000a4   Code   RO         5254    i.queue_process     fds.o
    0x00028478   0x00028478   0x0000006c   Code   RO         5635    i.queue_process     fstorage.o
    0x000284e4   0x000284e4   0x00000018   Code   RO         5255    i.queue_start       fds.o
    0x000284fc   0x000284fc   0x0000002c   Code   RO         5636    i.queue_start       fstorage.o
    0x00028528   0x00028528   0x0000004c   Code   RO         1368    i.record_activate   ble_conn_state.o
    0x00028574   0x00028574   0x00000088   Code   RO         5256    i.record_find       fds.o
    0x000285fc   0x000285fc   0x00000048   Code   RO         5257    i.record_find_and_delete  fds.o
    0x00028644   0x00028644   0x0000007c   Code   RO         5258    i.record_find_by_desc  fds.o
    0x000286c0   0x000286c0   0x00000060   Code   RO         5259    i.record_find_next  fds.o
    0x00028720   0x00028720   0x00000028   Code   RO         5260    i.record_header_flag_dirty  fds.o
    0x00028748   0x00028748   0x0000002c   Code   RO         5261    i.record_header_write_begin  fds.o
    0x00028774   0x00028774   0x00000038   Code   RO         5262    i.record_header_write_finalize  fds.o
    0x000287ac   0x000287ac   0x00000038   Code   RO         5263    i.record_header_write_id  fds.o
    0x000287e4   0x000287e4   0x00000014   Code   RO         5264    i.record_id_new     fds.o
    0x000287f8   0x000287f8   0x0000001c   Code   RO         1369    i.record_invalidate  ble_conn_state.o
    0x00028814   0x00028814   0x00000006   Code   RO         2129    i.record_key_to_peer_data_id  peer_data_storage.o
    0x0002881a   0x0002881a   0x00000018   Code   RO         2130    i.record_key_within_pm_range  peer_data_storage.o
    0x00028832   0x00028832   0x00000002   PAD
    0x00028834   0x00028834   0x00000044   Code   RO         1370    i.record_purge_disconnected  ble_conn_state.o
    0x00028878   0x00028878   0x00000018   Code   RO         1371    i.record_set_disconnected  ble_conn_state.o
    0x00028890   0x00028890   0x00000050   Code   RO         5265    i.record_write_chunk  fds.o
    0x000288e0   0x000288e0   0x00000014   Code   RO         2464    i.release           peer_id.o
    0x000288f4   0x000288f4   0x0000000c   Code   RO         4907    i.rtc1_compare0_set  app_timer.o
    0x00028900   0x00028900   0x0000000c   Code   RO         4908    i.rtc1_counter_get  app_timer.o
    0x0002890c   0x0002890c   0x00000018   Code   RO         4909    i.rtc1_init         app_timer.o
    0x00028924   0x00028924   0x0000003c   Code   RO         4910    i.rtc1_start        app_timer.o
    0x00028960   0x00028960   0x00000058   Code   RO         4911    i.rtc1_stop         app_timer.o
    0x000289b8   0x000289b8   0x0000003e   Code   RO         4128    i.rx_byte           nrf_drv_uart.o
    0x000289f6   0x000289f6   0x0000001e   Code   RO         4129    i.rx_done_event     nrf_drv_uart.o
    0x00028a14   0x00028a14   0x0000008c   Code   RO         6091    i.sd_nvic_EnableIRQ  softdevice_handler.o
    0x00028aa0   0x00028aa0   0x00000068   Code   RO         5110    i.sd_nvic_critical_region_enter  app_util_platform.o
    0x00028b08   0x00028b08   0x0000000c   Code   RO         1590    i.sdk_mapped_flags_any_set  gatt_cache_manager.o
    0x00028b14   0x00028b14   0x0000000c   Code   RO         3076    i.sdk_mapped_flags_any_set  security_manager.o
    0x00028b20   0x00028b20   0x00000076   Code   RO         5799    i.sdk_mapped_flags_bulk_update_by_key  sdk_mapped_flags.o
    0x00028b96   0x00028b96   0x00000024   Code   RO         5800    i.sdk_mapped_flags_first_key_index_get  sdk_mapped_flags.o
    0x00028bba   0x00028bba   0x00000012   Code   RO         5801    i.sdk_mapped_flags_get_by_index  sdk_mapped_flags.o
    0x00028bcc   0x00028bcc   0x0000002e   Code   RO         5802    i.sdk_mapped_flags_get_by_key  sdk_mapped_flags.o
    0x00028bfa   0x00028bfa   0x00000042   Code   RO         5803    i.sdk_mapped_flags_key_list_get  sdk_mapped_flags.o
    0x00028c3c   0x00028c3c   0x0000001a   Code   RO         5805    i.sdk_mapped_flags_update_by_key  sdk_mapped_flags.o
    0x00028c56   0x00028c56   0x000000d8   Code   RO         2933    i.sec_info_request_process  security_dispatcher.o
    0x00028d2e   0x00028d2e   0x0000001a   Code   RO         2934    i.sec_params_request_process  security_dispatcher.o
    0x00028d48   0x00028d48   0x000000e8   Code   RO         3077    i.sec_params_verify  security_manager.o
    0x00028e30   0x00028e30   0x0000005c   Code   RO         2935    i.sec_proc_start    security_dispatcher.o
    0x00028e8c   0x00028e8c   0x00000034   Code   RO         2936    i.sec_request_process  security_dispatcher.o
    0x00028ec0   0x00028ec0   0x00000024   Code   RO         2937    i.sec_start_send    security_dispatcher.o
    0x00028ee4   0x00028ee4   0x0000001e   Code   RO         3078    i.send_config_req   security_manager.o
    0x00028f02   0x00028f02   0x0000005c   Code   RO         5637    i.send_event        fstorage.o
    0x00028f5e   0x00028f5e   0x00000002   PAD
    0x00028f60   0x00028f60   0x0000006c   Code   RO         1591    i.service_changed_pending_flags_check  gatt_cache_manager.o
    0x00028fcc   0x00028fcc   0x00000050   Code   RO         1720    i.service_changed_pending_set  gatts_cache_manager.o
    0x0002901c   0x0002901c   0x000000b8   Code   RO         1592    i.service_changed_send_in_evt  gatt_cache_manager.o
    0x000290d4   0x000290d4   0x00000096   Code   RO         1036    i.service_data_encode  ble_advdata.o
    0x0002916a   0x0002916a   0x00000002   PAD
    0x0002916c   0x0002916c   0x000001b4   Code   RO           37    i.services_init     main.o
    0x00029320   0x00029320   0x00000020   Code   RO         1150    i.set_adv_mode_directed  ble_advertising.o
    0x00029340   0x00029340   0x0000002c   Code   RO         1151    i.set_adv_mode_directed_slow  ble_advertising.o
    0x0002936c   0x0002936c   0x00000060   Code   RO         1152    i.set_adv_mode_fast  ble_advertising.o
    0x000293cc   0x000293cc   0x00000060   Code   RO         1153    i.set_adv_mode_slow  ble_advertising.o
    0x0002942c   0x0002942c   0x00000018   Code   RO         3079    i.sm_ble_evt_handler  security_manager.o
    0x00029444   0x00029444   0x00000024   Code   RO         3080    i.sm_conn_sec_config_reply  security_manager.o
    0x00029468   0x00029468   0x00000064   Code   RO         3081    i.sm_init           security_manager.o
    0x000294cc   0x000294cc   0x00000060   Code   RO         3084    i.sm_pdb_evt_handler  security_manager.o
    0x0002952c   0x0002952c   0x00000038   Code   RO         3086    i.sm_sec_params_set  security_manager.o
    0x00029564   0x00029564   0x000000a4   Code   RO         3087    i.sm_smd_evt_handler  security_manager.o
    0x00029608   0x00029608   0x00000058   Code   RO         2938    i.smd_ble_evt_handler  security_dispatcher.o
    0x00029660   0x00029660   0x0000004c   Code   RO         2939    i.smd_init          security_dispatcher.o
    0x000296ac   0x000296ac   0x00000038   Code   RO         2940    i.smd_link_secure   security_dispatcher.o
    0x000296e4   0x000296e4   0x00000120   Code   RO         2941    i.smd_params_reply  security_dispatcher.o
    0x00029804   0x00029804   0x00000090   Code   RO         3088    i.smd_params_reply_perform  security_manager.o
    0x00029894   0x00029894   0x00000034   Code   RO         2942    i.smd_pdb_evt_handler  security_dispatcher.o
    0x000298c8   0x000298c8   0x00000018   Code   RO         6092    i.softdevice_ble_evt_handler_set  softdevice_handler.o
    0x000298e0   0x000298e0   0x0000004c   Code   RO         6093    i.softdevice_enable  softdevice_handler.o
    0x0002992c   0x0002992c   0x0000002c   Code   RO         6094    i.softdevice_enable_get_default_config  softdevice_handler.o
    0x00029958   0x00029958   0x00000014   Code   RO         6095    i.softdevice_fault_handler  softdevice_handler.o
    0x0002996c   0x0002996c   0x0000009c   Code   RO         6096    i.softdevice_handler_init  softdevice_handler.o
    0x00029a08   0x00029a08   0x0000000c   Code   RO         6097    i.softdevice_handler_is_enabled  softdevice_handler.o
    0x00029a14   0x00029a14   0x00000018   Code   RO         6102    i.softdevice_sys_evt_handler_set  softdevice_handler.o
    0x00029a2c   0x00029a2c   0x0000000e   Code   RO         1037    i.srdata_check      ble_advdata.o
    0x00029a3a   0x00029a3a   0x00000032   Code   RO         5638    i.store_execute     fstorage.o
    0x00029a6c   0x00029a6c   0x00000012   Code   RO           39    i.sys_evt_dispatch  main.o
    0x00029a7e   0x00029a7e   0x0000008c   Code   RO         3274    i.sys_id_encode     ble_dis.o
    0x00029b0a   0x00029b0a   0x0000000a   Code   RO         4912    i.ticks_diff_get    app_timer.o
    0x00029b14   0x00029b14   0x00000038   Code   RO         4913    i.timeout_handler_exec  app_timer.o
    0x00029b4c   0x00029b4c   0x00000054   Code   RO         4914    i.timer_list_handler  app_timer.o
    0x00029ba0   0x00029ba0   0x0000000a   Code   RO         4915    i.timer_list_handler_sched  app_timer.o
    0x00029baa   0x00029baa   0x00000002   PAD
    0x00029bac   0x00029bac   0x00000068   Code   RO         4916    i.timer_list_insert  app_timer.o
    0x00029c14   0x00029c14   0x0000006c   Code   RO         4917    i.timer_list_remove  app_timer.o
    0x00029c80   0x00029c80   0x0000002c   Code   RO           40    i.timer_start       main.o
    0x00029cac   0x00029cac   0x0000005e   Code   RO         4918    i.timer_start_op_schedule  app_timer.o
    0x00029d0a   0x00029d0a   0x00000042   Code   RO         4919    i.timer_stop_op_schedule  app_timer.o
    0x00029d4c   0x00029d4c   0x00000098   Code   RO         4920    i.timer_timeouts_check  app_timer.o
    0x00029de4   0x00029de4   0x0000000a   Code   RO         4921    i.timer_timeouts_check_sched  app_timer.o
    0x00029dee   0x00029dee   0x00000002   PAD
    0x00029df0   0x00029df0   0x00000054   Code   RO           41    i.timers_init       main.o
    0x00029e44   0x00029e44   0x00000098   Code   RO         4418    i.twi_clear_bus     nrf_drv_twi.o
    0x00029edc   0x00029edc   0x00000024   Code   RO         4419    i.twi_process_error  nrf_drv_twi.o
    0x00029f00   0x00029f00   0x000002a4   Code   RO         4420    i.twim_xfer         nrf_drv_twi.o
    0x0002a1a4   0x0002a1a4   0x00000026   Code   RO         4131    i.tx_byte           nrf_drv_uart.o
    0x0002a1ca   0x0002a1ca   0x00000022   Code   RO         4132    i.tx_done_event     nrf_drv_uart.o
    0x0002a1ec   0x0002a1ec   0x00000036   Code   RO         1038    i.tx_power_level_encode  ble_advdata.o
    0x0002a222   0x0002a222   0x00000142   Code   RO         4133    i.uart_irq_handler  nrf_drv_uart.o
    0x0002a364   0x0002a364   0x0000010c   Code   RO         4134    i.uarte_irq_handler  nrf_drv_uart.o
    0x0002a470   0x0002a470   0x0000000c   Code   RO         1515    i.uint16_decode     ble_srv_common.o
    0x0002a47c   0x0002a47c   0x0000000c   Code   RO         1039    i.uint16_encode     ble_advdata.o
    0x0002a488   0x0002a488   0x0000000c   Code   RO         3275    i.uint16_encode     ble_dis.o
    0x0002a494   0x0002a494   0x00000058   Code   RO         1593    i.update_pending_flags_check  gatt_cache_manager.o
    0x0002a4ec   0x0002a4ec   0x00000090   Code   RO         1272    i.update_timeout_handler  ble_conn_params.o
    0x0002a57c   0x0002a57c   0x00000014   Code   RO         1372    i.user_flag_acquire  ble_conn_state.o
    0x0002a590   0x0002a590   0x0000001c   Code   RO         1373    i.user_flag_is_acquired  ble_conn_state.o
    0x0002a5ac   0x0002a5ac   0x0000003c   Code   RO         4922    i.user_op_alloc     app_timer.o
    0x0002a5e8   0x0002a5e8   0x0000000c   Code   RO         4923    i.user_op_enque     app_timer.o
    0x0002a5f4   0x0002a5f4   0x0000004e   Code   RO         1040    i.uuid_list_encode  ble_advdata.o
    0x0002a642   0x0002a642   0x000000dc   Code   RO         1041    i.uuid_list_sized_encode  ble_advdata.o
    0x0002a71e   0x0002a71e   0x00000002   PAD
    0x0002a720   0x0002a720   0x0000000c   Code   RO         1154    i.whitelist_has_entries  ble_advertising.o
    0x0002a72c   0x0002a72c   0x00000038   Code   RO         2292    i.write_buf_length_words_set  peer_database.o
    0x0002a764   0x0002a764   0x00000032   Code   RO         2293    i.write_buffer_record_find  peer_database.o
    0x0002a796   0x0002a796   0x00000002   PAD
    0x0002a798   0x0002a798   0x00000030   Code   RO         2294    i.write_buffer_record_find_next  peer_database.o
    0x0002a7c8   0x0002a7c8   0x0000000e   Code   RO         2295    i.write_buffer_record_find_unused  peer_database.o
    0x0002a7d6   0x0002a7d6   0x00000024   Code   RO         2296    i.write_buffer_record_get  peer_database.o
    0x0002a7fa   0x0002a7fa   0x0000002e   Code   RO         2297    i.write_buffer_record_invalidate  peer_database.o
    0x0002a828   0x0002a828   0x00000028   Code   RO         2298    i.write_buffer_record_release  peer_database.o
    0x0002a850   0x0002a850   0x00000104   Code   RO         5266    i.write_enqueue     fds.o
    0x0002a954   0x0002a954   0x000000b8   Code   RO         5267    i.write_execute     fds.o
    0x0002aa0c   0x0002aa0c   0x0000001c   Code   RO         5268    i.write_space_free  fds.o
    0x0002aa28   0x0002aa28   0x0000006c   Code   RO         5269    i.write_space_reserve  fds.o
    0x0002aa94   0x0002aa94   0x00000040   Data   RO           43    .constdata          main.o
    0x0002aad4   0x0002aad4   0x00000008   Data   RO          713    .constdata          boards.o
    0x0002aadc   0x0002aadc   0x0000002c   Data   RO          831    .constdata          bsp.o
    0x0002ab08   0x0002ab08   0x00000004   Data   RO         1274    .constdata          ble_conn_params.o
    0x0002ab0c   0x0002ab0c   0x00000018   Data   RO         1721    .constdata          gatts_cache_manager.o
    0x0002ab24   0x0002ab24   0x00000008   Data   RO         1830    .constdata          id_manager.o
    0x0002ab2c   0x0002ab2c   0x00000004   Data   RO         2131    .constdata          peer_data_storage.o
    0x0002ab30   0x0002ab30   0x00000014   Data   RO         2300    .constdata          peer_database.o
    0x0002ab44   0x0002ab44   0x00000044   Data   RO         2944    .constdata          security_dispatcher.o
    0x0002ab88   0x0002ab88   0x00000004   Data   RO         3089    .constdata          security_manager.o
    0x0002ab8c   0x0002ab8c   0x00000010   Data   RO         3446    .constdata          ble_mpa.o
    0x0002ab9c   0x0002ab9c   0x00000047   Data   RO         3844    .constdata          nrf_drv_gpiote.o
    0x0002abe3   0x0002abe3   0x00000001   PAD
    0x0002abe4   0x0002abe4   0x00000038   Data   RO         4422    .constdata          nrf_drv_twi.o
    0x0002ac1c   0x0002ac1c   0x000000bd   Data   RO         4638    .constdata          nrf_drv_saadc.o
    0x0002acd9   0x0002acd9   0x00000003   PAD
    0x0002acdc   0x0002acdc   0x00000014   Data   RO         5271    .constdata          fds.o
    0x0002acf0   0x0002acf0   0x00000020   Data   RO         6642    Region$$Table       anon$$obj.o


    Execution Region RW_IRAM1 (Exec base: 0x20002c48, Load base: 0x0002ad10, Size: 0x00006ab8, Max: 0x0000d3b8, ABSOLUTE, COMPRESSED[0x00000024])

    Exec Addr    Load Addr    Size         Type   Attr      Idx    E Section Name        Object

    0x20002c48   COMPRESSED   0x00000003   Data   RW           44    .data               main.o
    0x20002c4b   COMPRESSED   0x00000001   PAD
    0x20002c4c   COMPRESSED   0x0000000c   Data   RW          538    .data               mpa.o
    0x20002c58   COMPRESSED   0x00000015   Data   RW          832    .data               bsp.o
    0x20002c6d   COMPRESSED   0x00000003   PAD
    0x20002c70   COMPRESSED   0x00000008   Data   RW          934    .data               bsp_btn_ble.o
    0x20002c78   COMPRESSED   0x0000001f   Data   RW         1156    .data               ble_advertising.o
    0x20002c97   COMPRESSED   0x00000001   PAD
    0x20002c98   COMPRESSED   0x00000015   Data   RW         1275    .data               ble_conn_params.o
    0x20002cad   COMPRESSED   0x00000003   PAD
    0x20002cb0   COMPRESSED   0x00000009   Data   RW         1594    .data               gatt_cache_manager.o
    0x20002cb9   COMPRESSED   0x00000003   PAD
    0x20002cbc   COMPRESSED   0x0000000a   Data   RW         1722    .data               gatts_cache_manager.o
    0x20002cc6   COMPRESSED   0x00000003   Data   RW         1831    .data               id_manager.o
    0x20002cc9   COMPRESSED   0x00000003   PAD
    0x20002ccc   COMPRESSED   0x0000000c   Data   RW         2132    .data               peer_data_storage.o
    0x20002cd8   COMPRESSED   0x00000009   Data   RW         2301    .data               peer_database.o
    0x20002ce1   COMPRESSED   0x00000003   PAD
    0x20002ce4   COMPRESSED   0x00000011   Data   RW         2591    .data               peer_manager.o
    0x20002cf5   COMPRESSED   0x00000004   Data   RW         2945    .data               security_dispatcher.o
    0x20002cf9   COMPRESSED   0x00000003   PAD
    0x20002cfc   COMPRESSED   0x00000013   Data   RW         3090    .data               security_manager.o
    0x20002d0f   COMPRESSED   0x00000001   PAD
    0x20002d10   COMPRESSED   0x0000004a   Data   RW         3276    .data               ble_dis.o
    0x20002d5a   COMPRESSED   0x00000002   PAD
    0x20002d5c   COMPRESSED   0x00000008   Data   RW         3447    .data               ble_mpa.o
    0x20002d64   COMPRESSED   0x00000022   Data   RW         4924    .data               app_timer.o
    0x20002d86   COMPRESSED   0x00000002   PAD
    0x20002d88   COMPRESSED   0x00000018   Data   RW         5272    .data               fds.o
    0x20002da0   COMPRESSED   0x00000002   Data   RW         5640    .data               fstorage.o
    0x20002da2   COMPRESSED   0x00000002   PAD
    0x20002da4   COMPRESSED   0x00000018   Data   RW         6103    .data               softdevice_handler.o
    0x20002dbc   COMPRESSED   0x00000004   Data   RW         6251    .data               system_nrf52.o
    0x20002dc0   COMPRESSED   0x00000010   Data   RW         5273    fs_data             fds.o
    0x20002dd0        -       0x00000198   Zero   RW           42    .bss                main.o
    0x20002f68        -       0x000000ba   Zero   RW          537    .bss                mpa.o
    0x20003022   COMPRESSED   0x00000002   PAD
    0x20003024        -       0x0000006c   Zero   RW          830    .bss                bsp.o
    0x20003090        -       0x000000b3   Zero   RW         1155    .bss                ble_advertising.o
    0x20003143   COMPRESSED   0x00000001   PAD
    0x20003144        -       0x0000003c   Zero   RW         1273    .bss                ble_conn_params.o
    0x20003180        -       0x00000034   Zero   RW         1374    .bss                ble_conn_state.o
    0x200031b4        -       0x00000070   Zero   RW         1829    .bss                id_manager.o
    0x20003224        -       0x00000330   Zero   RW         2299    .bss                peer_database.o
    0x20003554        -       0x00000040   Zero   RW         2465    .bss                peer_id.o
    0x20003594        -       0x0000000c   Zero   RW         2589    .bss                peer_manager.o
    0x200035a0        -       0x00000040   Zero   RW         2943    .bss                security_dispatcher.o
    0x200035e0        -       0x00003eac   Zero   RW         3445    .bss                ble_mpa.o
    0x2000748c        -       0x00000014   Zero   RW         3581    .bss                nrf_drv_clock.o
    0x200074a0        -       0x00000058   Zero   RW         3843    .bss                nrf_drv_gpiote.o
    0x200074f8        -       0x00000020   Zero   RW         4135    .bss                nrf_drv_uart.o
    0x20007518        -       0x00000028   Zero   RW         4421    .bss                nrf_drv_twi.o
    0x20007540        -       0x00000030   Zero   RW         4637    .bss                nrf_drv_saadc.o
    0x20007570        -       0x0000000c   Zero   RW         5111    .bss                app_util_platform.o
    0x2000757c        -       0x0000011c   Zero   RW         5270    .bss                fds.o
    0x20007698        -       0x00000068   Zero   RW         5639    .bss                fstorage.o
    0x20007700        -       0x00002000   Zero   RW         6230    STACK               arm_startup_nrf52.o


==============================================================================

Image component sizes


      Code (inc. data)   RO Data    RW Data    ZI Data      Debug   Object Name

        28          0          0          0          0       2105   app_error.o
        68          8          0          0          0      27377   app_error_weak.o
      2320        264          0         34          0      67555   app_timer.o
       200         24          0          0         12       9858   app_util_platform.o
        36          8       1024          0       8192        860   arm_startup_nrf52.o
      1818          0          0          0          0      32700   ble_advdata.o
      1432        222          0         31        179      12841   ble_advertising.o
       844          4          0          0          0       6183   ble_bas.o
       706        120          4         21         60       7176   ble_conn_params.o
       664         72          0          0         52      11162   ble_conn_state.o
       948         46          0         74          0       5623   ble_dis.o
      1272        108         16          8      16044      10912   ble_mpa.o
       108          0          0          0          0      19150   ble_srv_common.o
       270         20          8          0          0       9543   boards.o
      1132         80         44         21        108       9229   bsp.o
       288         10          0          8          0       3573   bsp_btn_ble.o
      4840        434         20         40        284      51906   fds.o
      1280         82          0          2        104      13663   fstorage.o
      1388         96          0          9          0      18000   gatt_cache_manager.o
       686         46         24         10          0       9459   gatts_cache_manager.o
      1360         72          8          3        112      19119   id_manager.o
      3198        252         64          3        408     178717   main.o
       988         48          0         12        186      16311   mpa.o
       616          0          0          0          0       5406   nrf_ble_gatt.o
       358         34          0          0         20      12484   nrf_drv_clock.o
        96         12          0          0          0      29243   nrf_drv_common.o
      1610        104         71          0         88      30227   nrf_drv_gpiote.o
      1112         66        189          0         48      19890   nrf_drv_saadc.o
      1962         50         56          0         40      31204   nrf_drv_twi.o
       910          8          0          0         32      24346   nrf_drv_uart.o
       112          4          0          0          0       6457   nrf_saadc.o
      1408         50          4         12          0      18648   peer_data_storage.o
      1826         70         20          9        816      23131   peer_database.o
       420         44          0          0         64       8679   peer_id.o
      1714        156          0         17         12      12824   peer_manager.o
       264          0          0          0          0       3995   pm_buffer.o
       244          0          0          0          0       4973   pm_mutex.o
       310          0          0          0          0       5880   sdk_mapped_flags.o
      2182        100         68          4         64      21984   security_dispatcher.o
      1562        168          4         19          0      16660   security_manager.o
       830        102          0         24          0      42860   softdevice_handler.o
      1172        118          0          4          0       6387   system_nrf52.o
       420         14          0          0          0       7376   wacom.o

    ----------------------------------------------------------------------
     45092       3116       1660        392      26928     875676   Object Totals
         0          0         32          0          0          0   (incl. Generated)
        90          0          4         27          3          0   (incl. Padding)

    ----------------------------------------------------------------------

      Code (inc. data)   RO Data    RW Data    ZI Data      Debug   Library Member Name

        86          0          0          0          0          0   __dczerorl2.o
         0          0          0          0          0          0   entry.o
         0          0          0          0          0          0   entry10a.o
         0          0          0          0          0          0   entry11a.o
         8          4          0          0          0          0   entry2.o
         4          0          0          0          0          0   entry5.o
         0          0          0          0          0          0   entry7b.o
         0          0          0          0          0          0   entry8b.o
         8          4          0          0          0          0   entry9a.o
        30          0          0          0          0          0   handlers.o
        36          8          0          0          0         68   init.o
        30          0          0          0          0         68   llshl.o
        32          0          0          0          0         68   llushr.o
        26          0          0          0          0         80   memcmp.o
        64          0          0          0          0         76   memmovea.o
        36          0          0          0          0        108   memseta.o
      1172         50          0          0          0        420   printf8.o
        14          0          0          0          0         68   strlen.o
        98          0          0          0          0         92   uldiv.o

    ----------------------------------------------------------------------
      1648         66          0          0          0       1048   Library Totals
         4          0          0          0          0          0   (incl. Padding)

    ----------------------------------------------------------------------

      Code (inc. data)   RO Data    RW Data    ZI Data      Debug   Library Name

      1644         66          0          0          0       1048   mc_w.l

    ----------------------------------------------------------------------
      1648         66          0          0          0       1048   Library Totals

    ----------------------------------------------------------------------

==============================================================================


      Code (inc. data)   RO Data    RW Data    ZI Data      Debug   

     46740       3182       1660        392      26928     819940   Grand Totals
     46740       3182       1660         36      26928     819940   ELF Image Totals (compressed)
     46740       3182       1660         36          0          0   ROM Totals

==============================================================================

    Total RO  Size (Code + RO Data)                48400 (  47.27kB)
    Total RW  Size (RW Data + ZI Data)             27320 (  26.68kB)
    Total ROM Size (Code + RO Data + RW Data)      48436 (  47.30kB)

==============================================================================

