Component: ARM Compiler 5.06 update 6 (build 750) Tool: armlink [4d35ed]

==============================================================================

Section Cross References

    main.o(i.app_ble_evt) refers to bsp.o(i.bsp_indication_set) for bsp_indication_set
    main.o(i.app_ble_evt) refers to app_error.o(i.app_error_handler_bare) for app_error_handler_bare
    main.o(i.app_ble_evt) refers to memcpya.o(.text) for __aeabi_memcpy
    main.o(i.app_ble_evt) refers to main.o(.data) for m_conn_handle
    main.o(i.app_ble_evt_dispatch) refers to ble_conn_state.o(i.ble_conn_state_on_ble_evt) for ble_conn_state_on_ble_evt
    main.o(i.app_ble_evt_dispatch) refers to peer_manager.o(i.pm_on_ble_evt) for pm_on_ble_evt
    main.o(i.app_ble_evt_dispatch) refers to ble_bas.o(i.ble_bas_on_ble_evt) for ble_bas_on_ble_evt
    main.o(i.app_ble_evt_dispatch) refers to ble_xpr.o(i.xpr_bluetooth_on_dispatch) for xpr_bluetooth_on_dispatch
    main.o(i.app_ble_evt_dispatch) refers to ble_conn_params.o(i.ble_conn_params_on_ble_evt) for ble_conn_params_on_ble_evt
    main.o(i.app_ble_evt_dispatch) refers to bsp_btn_ble.o(i.bsp_btn_ble_on_ble_evt) for bsp_btn_ble_on_ble_evt
    main.o(i.app_ble_evt_dispatch) refers to main.o(i.app_ble_evt) for app_ble_evt
    main.o(i.app_ble_evt_dispatch) refers to ble_advertising.o(i.ble_advertising_on_ble_evt) for ble_advertising_on_ble_evt
    main.o(i.app_ble_evt_dispatch) refers to nrf_ble_gatt.o(i.nrf_ble_gatt_on_ble_evt) for nrf_ble_gatt_on_ble_evt
    main.o(i.app_ble_evt_dispatch) refers to main.o(.bss) for m_bas
    main.o(i.app_ble_stack_init) refers to softdevice_handler.o(i.softdevice_handler_init) for softdevice_handler_init
    main.o(i.app_ble_stack_init) refers to app_error.o(i.app_error_handler_bare) for app_error_handler_bare
    main.o(i.app_ble_stack_init) refers to softdevice_handler.o(i.softdevice_enable_get_default_config) for softdevice_enable_get_default_config
    main.o(i.app_ble_stack_init) refers to softdevice_handler.o(i.softdevice_enable) for softdevice_enable
    main.o(i.app_ble_stack_init) refers to softdevice_handler.o(i.softdevice_ble_evt_handler_set) for softdevice_ble_evt_handler_set
    main.o(i.app_ble_stack_init) refers to softdevice_handler.o(i.softdevice_sys_evt_handler_set) for softdevice_sys_evt_handler_set
    main.o(i.app_ble_stack_init) refers to main.o(.constdata) for .constdata
    main.o(i.app_ble_stack_init) refers to main.o(.bss) for BLE_EVT_BUFFER
    main.o(i.app_ble_stack_init) refers to main.o(i.app_ble_evt_dispatch) for app_ble_evt_dispatch
    main.o(i.app_ble_stack_init) refers to main.o(i.app_sys_evt_dispatch) for app_sys_evt_dispatch
    main.o(i.app_bluetooth_init) refers to peer_manager.o(i.pm_init) for pm_init
    main.o(i.app_bluetooth_init) refers to app_error.o(i.app_error_handler_bare) for app_error_handler_bare
    main.o(i.app_bluetooth_init) refers to peer_manager.o(i.pm_peers_delete) for pm_peers_delete
    main.o(i.app_bluetooth_init) refers to peer_manager.o(i.pm_sec_params_set) for pm_sec_params_set
    main.o(i.app_bluetooth_init) refers to peer_manager.o(i.pm_register) for pm_register
    main.o(i.app_bluetooth_init) refers to fds.o(i.fds_register) for fds_register
    main.o(i.app_bluetooth_init) refers to printf8.o(i.__0sprintf$8) for __2sprintf
    main.o(i.app_bluetooth_init) refers to strlen.o(.text) for strlen
    main.o(i.app_bluetooth_init) refers to nrf_ble_gatt.o(i.nrf_ble_gatt_init) for nrf_ble_gatt_init
    main.o(i.app_bluetooth_init) refers to memseta.o(.text) for __aeabi_memclr4
    main.o(i.app_bluetooth_init) refers to ble_bas.o(i.ble_bas_init) for ble_bas_init
    main.o(i.app_bluetooth_init) refers to ble_srv_common.o(i.ble_srv_ascii_to_utf8) for ble_srv_ascii_to_utf8
    main.o(i.app_bluetooth_init) refers to ble_dis.o(i.ble_dis_init) for ble_dis_init
    main.o(i.app_bluetooth_init) refers to ble_xpr.o(i.xpr_bluetooth_init) for xpr_bluetooth_init
    main.o(i.app_bluetooth_init) refers to ble_advertising.o(i.ble_advertising_init) for ble_advertising_init
    main.o(i.app_bluetooth_init) refers to ble_conn_params.o(i.ble_conn_params_init) for ble_conn_params_init
    main.o(i.app_bluetooth_init) refers to main.o(i.app_pm_evt_handler) for app_pm_evt_handler
    main.o(i.app_bluetooth_init) refers to main.o(i.app_fds_evt_handler) for app_fds_evt_handler
    main.o(i.app_bluetooth_init) refers to main.o(i.app_gatt_evt_handler) for app_gatt_evt_handler
    main.o(i.app_bluetooth_init) refers to main.o(.bss) for m_gatt
    main.o(i.app_bluetooth_init) refers to ble_xpr.o(.bss) for xpr_peripheral
    main.o(i.app_bluetooth_init) refers to main.o(i.app_adv_evt_handler) for app_adv_evt_handler
    main.o(i.app_bluetooth_init) refers to main.o(i.app_conn_params_evt_handler) for app_conn_params_evt_handler
    main.o(i.app_bluetooth_init) refers to main.o(i.app_conn_params_error_handler) for app_conn_params_error_handler
[...]
    SPIM1_SPIS1_TWIM1_TWIS1_SPI1_TWI1_IRQHandler 0x00020085   Thumb Code    16  nrf_drv_spi.o(i.SPIM1_SPIS1_TWIM1_TWIS1_SPI1_TWI1_IRQHandler)
    SWI0_EGU0_IRQHandler                     0x00020099   Thumb Code     8  app_timer.o(i.SWI0_EGU0_IRQHandler)
    SWI2_EGU2_IRQHandler                     0x000200a1   Thumb Code    42  softdevice_handler.o(i.SWI2_EGU2_IRQHandler)
    SystemCoreClockUpdate                    0x000200d1   Thumb Code     8  system_nrf52.o(i.SystemCoreClockUpdate)
    SystemInit                               0x000200e1   Thumb Code   546  system_nrf52.o(i.SystemInit)
    TIMER1_IRQHandler                        0x00020339   Thumb Code    14  nrf_drv_timer.o(i.TIMER1_IRQHandler)
    TIMER2_IRQHandler                        0x00020351   Thumb Code    14  nrf_drv_timer.o(i.TIMER2_IRQHandler)
    UARTE0_UART0_IRQHandler                  0x00020369   Thumb Code    28  nrf_drv_uart.o(i.UARTE0_UART0_IRQHandler)
    __scatterload_copy                       0x0002038d   Thumb Code    14  handlers.o(i.__scatterload_copy)
    __scatterload_null                       0x0002039b   Thumb Code     2  handlers.o(i.__scatterload_null)
    __scatterload_zeroinit                   0x0002039d   Thumb Code    14  handlers.o(i.__scatterload_zeroinit)
    addr_compare                             0x000203f1   Thumb Code    50  id_manager.o(i.addr_compare)
    ads1118_conversion_complete              0x00020469   Thumb Code    28  ads1118.o(i.ads1118_conversion_complete)
    ads1118_hal_cs_assert                    0x00020485   Thumb Code    26  ads1118_hal.o(i.ads1118_hal_cs_assert)
    ads1118_hal_cs_deassert                  0x0002049f   Thumb Code    38  ads1118_hal.o(i.ads1118_hal_cs_deassert)
    ads1118_hal_drdy                         0x000204c5   Thumb Code    26  ads1118_hal.o(i.ads1118_hal_drdy)
    ads1118_hal_transfer                     0x000204e1   Thumb Code    24  ads1118_hal.o(i.ads1118_hal_transfer)
    ads1118_transfer                         0x000204fd   Thumb Code   120  ads1118.o(i.ads1118_transfer)
    adv_data_encode                          0x00020575   Thumb Code   364  ble_advdata.o(i.adv_data_encode)
    ah                                       0x000207b9   Thumb Code    86  id_manager.o(i.ah)
    app_button_event_handler                 0x00020a2d   Thumb Code    20  main.o(i.app_button_event_handler)
    app_error_fault_handler                  0x00020a41   Thumb Code    60  app_error_weak.o(i.app_error_fault_handler)
    app_error_handler_bare                   0x00020a85   Thumb Code    28  app_error.o(i.app_error_handler_bare)
    app_get_tip_temp                         0x00020aa1   Thumb Code   310  main.o(i.app_get_tip_temp)
    app_hardware_init                        0x00020c01   Thumb Code   388  main.o(i.app_hardware_init)
    app_led_timer_handler                    0x00020da1   Thumb Code    44  main.o(i.app_led_timer_handler)
    app_lookup_mV                            0x00020dcd   Thumb Code   272  main.o(i.app_lookup_mV)
    app_lookup_temp                          0x00020ee5   Thumb Code   272  main.o(i.app_lookup_temp)
    app_set_heater_duty                      0x00020ffd   Thumb Code   112  main.o(i.app_set_heater_duty)
    app_timer_handler                        0x00021095   Thumb Code   426  main.o(i.app_timer_handler)
    app_timer_init                           0x00021279   Thumb Code   114  app_timer.o(i.app_timer_init)
    app_timer_start                          0x00021305   Thumb Code    78  app_timer.o(i.app_timer_start)
    app_timer_stop                           0x00021359   Thumb Code    44  app_timer.o(i.app_timer_stop)
    app_util_critical_region_enter           0x000213b5   Thumb Code    12  app_util_platform.o(i.app_util_critical_region_enter)
    app_util_critical_region_exit            0x000213c1   Thumb Code    62  app_util_platform.o(i.app_util_critical_region_exit)
    ble_advdata_set                          0x000215a1   Thumb Code   148  ble_advdata.o(i.ble_advdata_set)
    ble_advertising_on_ble_evt               0x00021635   Thumb Code    50  ble_advertising.o(i.ble_advertising_on_ble_evt)
    ble_advertising_on_sys_evt               0x00021669   Thumb Code    62  ble_advertising.o(i.ble_advertising_on_sys_evt)
    ble_advertising_start                    0x000216b5   Thumb Code   314  ble_advertising.o(i.ble_advertising_start)
    ble_bas_on_ble_evt                       0x0002181d   Thumb Code    66  ble_bas.o(i.ble_bas_on_ble_evt)
    ble_conn_params_on_ble_evt               0x0002185f   Thumb Code    62  ble_conn_params.o(i.ble_conn_params_on_ble_evt)
    ble_conn_state_conn_handles              0x0002189d   Thumb Code    18  ble_conn_state.o(i.ble_conn_state_conn_handles)
    ble_conn_state_encrypted                 0x000218b5   Thumb Code    18  ble_conn_state.o(i.ble_conn_state_encrypted)
    ble_conn_state_mitm_protected            0x000218cd   Thumb Code    18  ble_conn_state.o(i.ble_conn_state_mitm_protected)
    ble_conn_state_on_ble_evt                0x000218e5   Thumb Code   152  ble_conn_state.o(i.ble_conn_state_on_ble_evt)
    ble_conn_state_role                      0x00021981   Thumb Code    50  ble_conn_state.o(i.ble_conn_state_role)
    ble_conn_state_user_flag_collection      0x000219b9   Thumb Code    22  ble_conn_state.o(i.ble_conn_state_user_flag_collection)
    ble_conn_state_user_flag_get             0x000219d5   Thumb Code    32  ble_conn_state.o(i.ble_conn_state_user_flag_get)
    ble_conn_state_user_flag_set             0x000219f9   Thumb Code    32  ble_conn_state.o(i.ble_conn_state_user_flag_set)
    ble_srv_is_notification_enabled          0x00021a93   Thumb Code    18  ble_srv_common.o(i.ble_srv_is_notification_enabled)
    bsp_board_led_invert                     0x00021aa5   Thumb Code    44  boards.o(i.bsp_board_led_invert)
    bsp_board_led_off                        0x00021ad5   Thumb Code    16  boards.o(i.bsp_board_led_off)
    bsp_board_led_on                         0x00021ae9   Thumb Code    16  boards.o(i.bsp_board_led_on)
    bsp_board_led_state_get                  0x00021afd   Thumb Code    44  boards.o(i.bsp_board_led_state_get)
    bsp_board_leds_off                       0x00021b2d   Thumb Code    20  boards.o(i.bsp_board_leds_off)
    bsp_board_leds_on                        0x00021b41   Thumb Code    20  boards.o(i.bsp_board_leds_on)
    bsp_board_pin_to_button_idx              0x00021b55   Thumb Code    32  boards.o(i.bsp_board_pin_to_button_idx)
    bsp_btn_ble_on_ble_evt                   0x00021b79   Thumb Code   110  bsp_btn_ble.o(i.bsp_btn_ble_on_ble_evt)
    bsp_event_to_button_action_assign        0x00021cc1   Thumb Code    86  bsp.o(i.bsp_event_to_button_action_assign)
    bsp_indication_set                       0x00021d1d   Thumb Code    28  bsp.o(i.bsp_indication_set)
    chunk_queue_next                         0x0002210d   Thumb Code    26  fds.o(i.chunk_queue_next)
    fds_file_delete                          0x0002295d   Thumb Code    72  fds.o(i.fds_file_delete)
    fds_record_close                         0x000229a5   Thumb Code    84  fds.o(i.fds_record_close)
    fds_record_find                          0x000229fd   Thumb Code    22  fds.o(i.fds_record_find)
    fds_record_find_by_key                   0x00022a13   Thumb Code    20  fds.o(i.fds_record_find_by_key)
    fds_record_find_in_file                  0x00022a27   Thumb Code    20  fds.o(i.fds_record_find_in_file)
    fds_record_id_from_desc                  0x00022a3b   Thumb Code    18  fds.o(i.fds_record_id_from_desc)
    fds_record_open                          0x00022a4d   Thumb Code    72  fds.o(i.fds_record_open)
    fds_record_update                        0x00022a99   Thumb Code    26  fds.o(i.fds_record_update)
    fds_record_write                         0x00022ab3   Thumb Code    20  fds.o(i.fds_record_write)
    fds_record_write_reserved                0x00022ac7   Thumb Code    28  fds.o(i.fds_record_write_reserved)
    fds_reserve                              0x00022ae3   Thumb Code    48  fds.o(i.fds_reserve)
    fds_reserve_cancel                       0x00022b15   Thumb Code    74  fds.o(i.fds_reserve_cancel)
    fs_erase                                 0x00022ced   Thumb Code   124  fstorage.o(i.fs_erase)
    fs_queued_op_count_get                   0x00022d7d   Thumb Code    18  fstorage.o(i.fs_queued_op_count_get)
    fs_store                                 0x00022d95   Thumb Code   142  fstorage.o(i.fs_store)
    fs_sys_event_handler                     0x00022e29   Thumb Code   100  fstorage.o(i.fs_sys_event_handler)
    gcm_ble_evt_handler                      0x00023179   Thumb Code   110  gatt_cache_manager.o(i.gcm_ble_evt_handler)
    gcm_gscm_evt_handler                     0x000231ed   Thumb Code   114  gatt_cache_manager.o(i.gcm_gscm_evt_handler)
    gcm_im_evt_handler                       0x00023265   Thumb Code    44  gatt_cache_manager.o(i.gcm_im_evt_handler)
    gcm_smd_evt_handler                      0x00023295   Thumb Code    24  gatt_cache_manager.o(i.gcm_smd_evt_handler)
    get_connection_by_conn_handle            0x000232ad   Thumb Code    50  id_manager.o(i.get_connection_by_conn_handle)
    get_free_connection                      0x000232e9   Thumb Code    42  id_manager.o(i.get_free_connection)
    gscm_db_change_notification_done         0x0002331d   Thumb Code    24  gatts_cache_manager.o(i.gscm_db_change_notification_done)
    gscm_local_db_cache_apply                0x00023339   Thumb Code   144  gatts_cache_manager.o(i.gscm_local_db_cache_apply)
    gscm_local_db_cache_update               0x000233c9   Thumb Code   150  gatts_cache_manager.o(i.gscm_local_db_cache_update)
    gscm_pdb_evt_handler                     0x00023461   Thumb Code    84  gatts_cache_manager.o(i.gscm_pdb_evt_handler)
    gscm_service_changed_ind_needed          0x000234b9   Thumb Code    36  gatts_cache_manager.o(i.gscm_service_changed_ind_needed)
    gscm_service_changed_ind_send            0x000234dd   Thumb Code    54  gatts_cache_manager.o(i.gscm_service_changed_ind_send)
    im_address_resolve                       0x00023531   Thumb Code    76  id_manager.o(i.im_address_resolve)
    im_ble_addr_get                          0x0002357d   Thumb Code    48  id_manager.o(i.im_ble_addr_get)
    im_ble_evt_handler                       0x000235b1   Thumb Code   206  id_manager.o(i.im_ble_evt_handler)
    im_conn_handle_get                       0x00023681   Thumb Code    44  id_manager.o(i.im_conn_handle_get)
    im_is_duplicate_bonding_data             0x000236b1   Thumb Code    68  id_manager.o(i.im_is_duplicate_bonding_data)
    im_master_id_is_valid                    0x000236f5   Thumb Code    34  id_manager.o(i.im_master_id_is_valid)
    im_master_ids_compare                    0x00023717   Thumb Code    50  id_manager.o(i.im_master_ids_compare)
    im_new_peer_id                           0x00023749   Thumb Code    16  id_manager.o(i.im_new_peer_id)
    im_pdb_evt_handler                       0x00023759   Thumb Code   124  id_manager.o(i.im_pdb_evt_handler)
    im_peer_free                             0x000237d5   Thumb Code    42  id_manager.o(i.im_peer_free)
    im_peer_id_get_by_conn_handle            0x00023801   Thumb Code    34  id_manager.o(i.im_peer_id_get_by_conn_handle)
    im_peer_id_get_by_master_id              0x00023829   Thumb Code    64  id_manager.o(i.im_peer_id_get_by_master_id)
    intern_softdevice_events_execute         0x00023981   Thumb Code   158  softdevice_handler.o(i.intern_softdevice_events_execute)
    is_valid_irk                             0x00023add   Thumb Code    24  id_manager.o(i.is_valid_irk)
    main                                     0x000241b5   Thumb Code    60  main.o(i.main)
    new_connection                           0x00024339   Thumb Code   104  id_manager.o(i.new_connection)
    next_id_get                              0x000243a9   Thumb Code    52  peer_id.o(i.next_id_get)
    nrf_ble_gatt_on_ble_evt                  0x000243f3   Thumb Code   150  nrf_ble_gatt.o(i.nrf_ble_gatt_on_ble_evt)
    nrf_drv_clock_init                       0x000245e9   Thumb Code    94  nrf_drv_clock.o(i.nrf_drv_clock_init)
    nrf_drv_clock_on_sd_enable               0x00024651   Thumb Code    46  nrf_drv_clock.o(i.nrf_drv_clock_on_sd_enable)
    nrf_drv_clock_on_soc_event               0x00024685   Thumb Code    14  nrf_drv_clock.o(i.nrf_drv_clock_on_soc_event)
    nrf_drv_common_irq_enable                0x00024695   Thumb Code    84  nrf_drv_common.o(i.nrf_drv_common_irq_enable)
    nrf_drv_spi_init                         0x00024715   Thumb Code   316  nrf_drv_spi.o(i.nrf_drv_spi_init)
    nrf_drv_spi_transfer                     0x00024859   Thumb Code    44  nrf_drv_spi.o(i.nrf_drv_spi_transfer)
    nrf_drv_spi_xfer                         0x00024885   Thumb Code   104  nrf_drv_spi.o(i.nrf_drv_spi_xfer)
    nrf_drv_timer_compare                    0x000248f1   Thumb Code    56  nrf_drv_timer.o(i.nrf_drv_timer_compare)
    nrf_drv_timer_enable                     0x00024929   Thumb Code    30  nrf_drv_timer.o(i.nrf_drv_timer_enable)
    nrf_drv_timer_extended_compare           0x0002494d   Thumb Code    66  nrf_drv_timer.o(i.nrf_drv_timer_extended_compare)
    nrf_drv_timer_init                       0x00024991   Thumb Code   168  nrf_drv_timer.o(i.nrf_drv_timer_init)
    on_connected_evt                         0x00024dbd   Thumb Code   100  nrf_ble_gatt.o(i.on_connected_evt)
    on_data_length_changed_evt               0x00024e21   Thumb Code     6  nrf_ble_gatt.o(i.on_data_length_changed_evt)
    on_exchange_mtu_request_evt              0x00024ead   Thumb Code   154  nrf_ble_gatt.o(i.on_exchange_mtu_request_evt)
    on_exchange_mtu_rsp_evt                  0x00024f47   Thumb Code   130  nrf_ble_gatt.o(i.on_exchange_mtu_rsp_evt)
    pdb_next_deleted_peer_id_get             0x00025385   Thumb Code    12  peer_database.o(i.pdb_next_deleted_peer_id_get)
    pdb_next_peer_id_get                     0x00025391   Thumb Code    12  peer_database.o(i.pdb_next_peer_id_get)
    pdb_pds_evt_handler                      0x0002539d   Thumb Code   436  peer_database.o(i.pdb_pds_evt_handler)
    pdb_peer_allocate                        0x00025559   Thumb Code     8  peer_database.o(i.pdb_peer_allocate)
    pdb_peer_data_ptr_get                    0x00025561   Thumb Code    22  peer_database.o(i.pdb_peer_data_ptr_get)
    pdb_peer_free                            0x00025577   Thumb Code    88  peer_database.o(i.pdb_peer_free)
    pdb_raw_store                            0x000255cf   Thumb Code    22  peer_database.o(i.pdb_raw_store)
    pdb_write_buf_get                        0x000255e5   Thumb Code   302  peer_database.o(i.pdb_write_buf_get)
    pdb_write_buf_release                    0x00025719   Thumb Code    54  peer_database.o(i.pdb_write_buf_release)
    pdb_write_buf_store                      0x00025751   Thumb Code   252  peer_database.o(i.pdb_write_buf_store)
    pdb_write_buf_store_prepare              0x00025855   Thumb Code   116  peer_database.o(i.pdb_write_buf_store_prepare)
    pds_next_deleted_peer_id_get             0x000258ed   Thumb Code    12  peer_data_storage.o(i.pds_next_deleted_peer_id_get)
    pds_next_peer_id_get                     0x000258f9   Thumb Code    12  peer_data_storage.o(i.pds_next_peer_id_get)
    pds_peer_data_iterate                    0x00025905   Thumb Code    88  peer_data_storage.o(i.pds_peer_data_iterate)
    pds_peer_data_iterate_prepare            0x00025961   Thumb Code    10  peer_data_storage.o(i.pds_peer_data_iterate_prepare)
    pds_peer_data_read                       0x00025971   Thumb Code   136  peer_data_storage.o(i.pds_peer_data_read)
    pds_peer_data_store                      0x000259f9   Thumb Code   186  peer_data_storage.o(i.pds_peer_data_store)
    pds_peer_id_allocate                     0x00025ab3   Thumb Code    12  peer_data_storage.o(i.pds_peer_id_allocate)
    pds_peer_id_free                         0x00025abf   Thumb Code    30  peer_data_storage.o(i.pds_peer_id_free)
    pds_peer_id_is_allocated                 0x00025add   Thumb Code    12  peer_data_storage.o(i.pds_peer_id_is_allocated)
    pds_space_reserve                        0x00025ae9   Thumb Code    60  peer_data_storage.o(i.pds_space_reserve)
    pds_space_reserve_cancel                 0x00025b25   Thumb Code    20  peer_data_storage.o(i.pds_space_reserve_cancel)
    peer_id_allocate                         0x00025c81   Thumb Code    14  peer_id.o(i.peer_id_allocate)
    peer_id_delete                           0x00025c95   Thumb Code    38  peer_id.o(i.peer_id_delete)
    peer_id_free                             0x00025cc1   Thumb Code    24  peer_id.o(i.peer_id_free)
    peer_id_get_next_deleted                 0x00025cdd   Thumb Code    14  peer_id.o(i.peer_id_get_next_deleted)
    peer_id_get_next_used                    0x00025cf1   Thumb Code    50  peer_id.o(i.peer_id_get_next_used)
    peer_id_is_allocated                     0x00025d29   Thumb Code    22  peer_id.o(i.peer_id_is_allocated)
    peer_id_is_deleted                       0x00025d45   Thumb Code    22  peer_id.o(i.peer_id_is_deleted)
    pm_buffer_block_acquire                  0x00025d8f   Thumb Code    98  pm_buffer.o(i.pm_buffer_block_acquire)
    pm_buffer_ptr_get                        0x00025df1   Thumb Code    48  pm_buffer.o(i.pm_buffer_ptr_get)
    pm_buffer_release                        0x00025e21   Thumb Code    40  pm_buffer.o(i.pm_buffer_release)
    pm_gcm_evt_handler                       0x00025e49   Thumb Code   190  peer_manager.o(i.pm_gcm_evt_handler)
    pm_im_evt_handler                        0x00025f09   Thumb Code    82  peer_manager.o(i.pm_im_evt_handler)
    pm_mutex_lock                            0x00025f61   Thumb Code    32  pm_mutex.o(i.pm_mutex_lock)
    pm_mutex_lock_first_available            0x00025f81   Thumb Code    48  pm_mutex.o(i.pm_mutex_lock_first_available)
    pm_mutex_lock_status_get                 0x00025fb1   Thumb Code    36  pm_mutex.o(i.pm_mutex_lock_status_get)
    pm_mutex_unlock                          0x00025fd5   Thumb Code    56  pm_mutex.o(i.pm_mutex_unlock)
    pm_on_ble_evt                            0x0002600d   Thumb Code    38  peer_manager.o(i.pm_on_ble_evt)
    pm_pdb_evt_handler                       0x00026039   Thumb Code   440  peer_manager.o(i.pm_pdb_evt_handler)
    pm_peer_delete                           0x00026201   Thumb Code    26  peer_manager.o(i.pm_peer_delete)
    pm_sm_evt_handler                        0x00026221   Thumb Code   424  peer_manager.o(i.pm_sm_evt_handler)
    sdk_mapped_flags_bulk_update_by_key      0x00026be1   Thumb Code   118  sdk_mapped_flags.o(i.sdk_mapped_flags_bulk_update_by_key)
    sdk_mapped_flags_first_key_index_get     0x00026c57   Thumb Code    36  sdk_mapped_flags.o(i.sdk_mapped_flags_first_key_index_get)
    sdk_mapped_flags_get_by_key              0x00026c8d   Thumb Code    46  sdk_mapped_flags.o(i.sdk_mapped_flags_get_by_key)
    sdk_mapped_flags_key_list_get            0x00026cbb   Thumb Code    66  sdk_mapped_flags.o(i.sdk_mapped_flags_key_list_get)
    sdk_mapped_flags_update_by_key           0x00026cfd   Thumb Code    26  sdk_mapped_flags.o(i.sdk_mapped_flags_update_by_key)
    sm_ble_evt_handler                       0x00027251   Thumb Code    20  security_manager.o(i.sm_ble_evt_handler)
    sm_pdb_evt_handler                       0x00027269   Thumb Code    80  security_manager.o(i.sm_pdb_evt_handler)
    sm_smd_evt_handler                       0x000272c9   Thumb Code   156  security_manager.o(i.sm_smd_evt_handler)
    smd_ble_evt_handler                      0x0002736d   Thumb Code    88  security_dispatcher.o(i.smd_ble_evt_handler)
    smd_link_secure                          0x000273c5   Thumb Code    56  security_dispatcher.o(i.smd_link_secure)
    smd_params_reply                         0x000273fd   Thumb Code   284  security_dispatcher.o(i.smd_params_reply)
    smd_pdb_evt_handler                      0x000275ad   Thumb Code    48  security_dispatcher.o(i.smd_pdb_evt_handler)
    softdevice_ble_evt_handler_set           0x000275e1   Thumb Code    20  softdevice_handler.o(i.softdevice_ble_evt_handler_set)
    softdevice_enable                        0x000275f9   Thumb Code    66  softdevice_handler.o(i.softdevice_enable)
    softdevice_enable_get_default_config     0x00027645   Thumb Code    44  softdevice_handler.o(i.softdevice_enable_get_default_config)
    softdevice_fault_handler                 0x00027671   Thumb Code    20  softdevice_handler.o(i.softdevice_fault_handler)
    softdevice_handler_init                  0x00027685   Thumb Code   134  softdevice_handler.o(i.softdevice_handler_init)
    softdevice_handler_is_enabled            0x00027721   Thumb Code     6  softdevice_handler.o(i.softdevice_handler_is_enabled)
    softdevice_sys_evt_handler_set           0x0002772d   Thumb Code    20  softdevice_handler.o(i.softdevice_sys_evt_handler_set)
    xpr_bluetooth_on_connect                 0x00028381   Thumb Code     8  ble_xpr.o(i.xpr_bluetooth_on_connect)
    xpr_bluetooth_on_disconnect              0x0002838d   Thumb Code    10  ble_xpr.o(i.xpr_bluetooth_on_disconnect)
    xpr_bluetooth_on_dispatch                0x0002839d   Thumb Code    56  ble_xpr.o(i.xpr_bluetooth_on_dispatch)
    xpr_bluetooth_on_write                   0x000283d5   Thumb Code    28  ble_xpr.o(i.xpr_bluetooth_on_write)
    APP_SPI0                                 0x000283f0   Data           8  main.o(.constdata)
    APP_SPI1                                 0x000283f8   Data           8  main.o(.constdata)
    APP_TIMER1                               0x00028400   Data           8  main.o(.constdata)
    APP_TIMER2                               0x00028408   Data           8  main.o(.constdata)
    Region$$Table$$Base                      0x00028568   Number         0  anon$$obj.o(Region$$Table)
    Region$$Table$$Limit                     0x00028588   Number         0  anon$$obj.o(Region$$Table)
    Image$$RW_IRAM1$$Base                    0x20002c48   Number         0  anon$$obj.o ABSOLUTE
    m_conn_handle                            0x20002c48   Data           2  main.o(.data)
    test_ticks                               0x20002c4c   Data           4  main.o(.data)
    test_sample                              0x20002c50   Data           4  main.o(.data)
    n_type_lookup_mv                         0x20002c58   Data         408  main.o(.data)
    n_type_lookup_temp                       0x20002df0   Data         408  main.o(.data)
    thc_temperature                          0x20002f88   Data           8  main.o(.data)
    setpoint                                 0x20002f90   Data           8  main.o(.data)
    setpoint_prev                            0x20002f98   Data           8  main.o(.data)
    duty                                     0x20002fa0   Data           4  main.o(.data)
    tip_open_circuit                         0x20002fa4   Data           1  main.o(.data)
    raw_mV                                   0x20002fa8   Data           4  main.o(.data)
    cjc_mV                                   0x20002fac   Data           4  main.o(.data)
    SystemCoreClock                          0x200030c0   Data           4  system_nrf52.o(.data)
    fs_data$$Base                            0x200030c4   Number         0  fds.o(fs_data)
    fs_data$$Limit                           0x200030d4   Number         0  fds.o(fs_data)
    m_bas                                    0x200030d4   Data          24  main.o(.bss)
    m_gatt                                   0x200030ec   Data          16  main.o(.bss)
    pid                                      0x200030fc   Data          36  main.o(.bss)
    xpr_peripheral                           0x2000382c   Data          22  ble_xpr.o(.bss)
    nrf_nvic_state                           0x20003958   Data          12  app_util_platform.o(.bss)
    __initial_sp                             0x20005ae8   Data           0  arm_startup_nrf52.o(STACK)



==============================================================================

Memory Map of the image

  Image Entry point : 0x0001f401

  Load Region LR_IROM1 (Base: 0x0001f000, Size: 0x00009a14, Max: 0x00061000, ABSOLUTE, COMPRESSED[0x000097a4])

    Execution Region ER_IROM1 (Exec base: 0x0001f000, Load base: 0x0001f000, Size: 0x00009588, Max: 0x00061000, ABSOLUTE)

    Exec Addr    Load Addr    Size         Type   Attr      Idx    E Section Name        Object

    0x0001f000   0x0001f000   0x00000400   Data   RO         6268    RESET               arm_startup_nrf52.o
    0x0001f400   0x0001f400   0x00000000   Code   RO         6434  * .ARM.Collect$$$$00000000  mc_w.l(entry.o)
    0x0001f400   0x0001f400   0x00000004   Code   RO         6726    .ARM.Collect$$$$00000001  mc_w.l(entry2.o)
    0x0001f404   0x0001f404   0x00000004   Code   RO         6729    .ARM.Collect$$$$00000004  mc_w.l(entry5.o)
    0x0001f408   0x0001f408   0x00000000   Code   RO         6731    .ARM.Collect$$$$00000008  mc_w.l(entry7b.o)
    0x0001f408   0x0001f408   0x00000000   Code   RO         6733    .ARM.Collect$$$$0000000A  mc_w.l(entry8b.o)
    0x0001f408   0x0001f408   0x00000008   Code   RO         6734    .ARM.Collect$$$$0000000B  mc_w.l(entry9a.o)
    0x0001f410   0x0001f410   0x00000000   Code   RO         6736    .ARM.Collect$$$$0000000D  mc_w.l(entry10a.o)
    0x0001f410   0x0001f410   0x00000000   Code   RO         6738    .ARM.Collect$$$$0000000F  mc_w.l(entry11a.o)
    0x0001f410   0x0001f410   0x00000004   Code   RO         6727    .ARM.Collect$$$$00002712  mc_w.l(entry2.o)
    0x0001f414   0x0001f414   0x00000024   Code   RO         6269    .text               arm_startup_nrf52.o
    0x0001f438   0x0001f438   0x00000038   Code   RO         6361    .text               arm_cortexM4lf_math.lib(arm_pid_init_f32.o)
    0x0001f470   0x0001f470   0x0000000a   Code   RO         6413    .text               arm_cortexM4lf_math.lib(arm_pid_reset_f32.o)
    0x0001f47a   0x0001f47a   0x00000024   Code   RO         6437    .text               mc_w.l(memcpya.o)
    0x0001f49e   0x0001f49e   0x00000024   Code   RO         6439    .text               mc_w.l(memseta.o)
    0x0001f4c2   0x0001f4c2   0x0000001a   Code   RO         6443    .text               mc_w.l(memcmp.o)
    0x0001f4dc   0x0001f4dc   0x0000014e   Code   RO         6710    .text               mf_w.l(dadd.o)
    0x0001f62a   0x0001f62a   0x000000e4   Code   RO         6712    .text               mf_w.l(dmul.o)
    0x0001f70e   0x0001f70e   0x000000de   Code   RO         6714    .text               mf_w.l(ddiv.o)
    0x0001f7ec   0x0001f7ec   0x00000022   Code   RO         6716    .text               mf_w.l(dflti.o)
    0x0001f80e   0x0001f80e   0x00000026   Code   RO         6718    .text               mf_w.l(f2d.o)
    0x0001f834   0x0001f834   0x00000030   Code   RO         6720    .text               mf_w.l(cdcmple.o)
    0x0001f864   0x0001f864   0x00000030   Code   RO         6722    .text               mf_w.l(cdrcmple.o)
    0x0001f894   0x0001f894   0x00000038   Code   RO         6724    .text               mf_w.l(d2f.o)
    0x0001f8cc   0x0001f8cc   0x0000001e   Code   RO         6747    .text               mc_w.l(llshl.o)
    0x0001f8ea   0x0001f8ea   0x00000024   Code   RO         6749    .text               mc_w.l(llsshr.o)
    0x0001f90e   0x0001f90e   0x00000000   Code   RO         6751    .text               mc_w.l(iusefp.o)
    0x0001f90e   0x0001f90e   0x0000006e   Code   RO         6752    .text               mf_w.l(fepilogue.o)
    0x0001f97c   0x0001f97c   0x000000ba   Code   RO         6754    .text               mf_w.l(depilogue.o)
    0x0001fa36   0x0001fa36   0x00000002   PAD
    0x0001fa38   0x0001fa38   0x00000024   Code   RO         6758    .text               mc_w.l(init.o)
    0x0001fa5c   0x0001fa5c   0x00000020   Code   RO         6761    .text               mc_w.l(llushr.o)
    0x0001fa7c   0x0001fa7c   0x00000056   Code   RO         6772    .text               mc_w.l(__dczerorl2.o)
    0x0001fad2   0x0001fad2   0x00000002   PAD
    0x0001fad4   0x0001fad4   0x00000238   Code   RO         3549    i.GPIOTE_IRQHandler  nrf_drv_gpiote.o
    0x0001fd0c   0x0001fd0c   0x00000018   Code   RO         4770    i.NVIC_ClearPendingIRQ  app_timer.o
    0x0001fd24   0x0001fd24   0x00000018   Code   RO         6121    i.NVIC_DisableIRQ   softdevice_handler.o
    0x0001fd3c   0x0001fd3c   0x00000016   Code   RO         4771    i.NVIC_EnableIRQ    app_timer.o
    0x0001fd52   0x0001fd52   0x00000016   Code   RO         6122    i.NVIC_EnableIRQ    softdevice_handler.o
    0x0001fd68   0x0001fd68   0x00000018   Code   RO         4772    i.NVIC_SetPendingIRQ  app_timer.o
    0x0001fd80   0x0001fd80   0x00000028   Code   RO         4773    i.NVIC_SetPriority  app_timer.o
    0x0001fda8   0x0001fda8   0x00000040   Code   RO         6276    i.NVIC_SystemReset  system_nrf52.o
    0x0001fde8   0x0001fde8   0x00000050   Code   RO         3303    i.POWER_CLOCK_IRQHandler  nrf_drv_clock.o
    0x0001fe38   0x0001fe38   0x00000034   Code   RO         4774    i.RTC1_IRQHandler   app_timer.o
    0x0001fe6c   0x0001fe6c   0x00000200   Code   RO         4187    i.SAADC_IRQHandler  nrf_drv_saadc.o
    0x0002006c   0x0002006c   0x00000018   Code   RO         4332    i.SPIM0_SPIS0_TWIM0_TWIS0_SPI0_TWI0_IRQHandler  nrf_drv_spi.o
    0x00020084   0x00020084   0x00000014   Code   RO         4333    i.SPIM1_SPIS1_TWIM1_TWIS1_SPI1_TWI1_IRQHandler  nrf_drv_spi.o
    0x00020098   0x00020098   0x00000008   Code   RO         4775    i.SWI0_EGU0_IRQHandler  app_timer.o
    0x000200a0   0x000200a0   0x00000030   Code   RO         6123    i.SWI2_EGU2_IRQHandler  softdevice_handler.o
    0x000200d0   0x000200d0   0x00000010   Code   RO         6277    i.SystemCoreClockUpdate  system_nrf52.o
    0x000200e0   0x000200e0   0x00000258   Code   RO         6278    i.SystemInit        system_nrf52.o
    0x00020338   0x00020338   0x00000018   Code   RO         4475    i.TIMER1_IRQHandler  nrf_drv_timer.o
    0x00020350   0x00020350   0x00000018   Code   RO         4476    i.TIMER2_IRQHandler  nrf_drv_timer.o
    0x00020368   0x00020368   0x00000024   Code   RO         3836    i.UARTE0_UART0_IRQHandler  nrf_drv_uart.o
    0x0002038c   0x0002038c   0x0000000e   Code   RO         6766    i.__scatterload_copy  mc_w.l(handlers.o)
    0x0002039a   0x0002039a   0x00000002   Code   RO         6767    i.__scatterload_null  mc_w.l(handlers.o)
    0x0002039c   0x0002039c   0x0000000e   Code   RO         6768    i.__scatterload_zeroinit  mc_w.l(handlers.o)
    0x000203aa   0x000203aa   0x00000002   PAD
    0x000203ac   0x000203ac   0x00000038   Code   RO         6124    i.__sd_nvic_app_accessible_irq  softdevice_handler.o
    0x000203e4   0x000203e4   0x0000000c   Code   RO         4987    i.__sd_nvic_irq_disable  app_util_platform.o
    0x000203f0   0x000203f0   0x00000032   Code   RO         1718    i.addr_compare      id_manager.o
    0x00020422   0x00020422   0x00000018   Code   RO         1055    i.addr_is_valid     ble_advertising.o
    0x0002043a   0x0002043a   0x00000002   PAD
    0x0002043c   0x0002043c   0x0000002c   Code   RO         5076    i.address_is_valid  fds.o
    0x00020468   0x00020468   0x0000001c   Code   RO          533    i.ads1118_conversion_complete  ads1118.o
    0x00020484   0x00020484   0x0000001a   Code   RO          561    i.ads1118_hal_cs_assert  ads1118_hal.o
    0x0002049e   0x0002049e   0x00000026   Code   RO          562    i.ads1118_hal_cs_deassert  ads1118_hal.o
    0x000204c4   0x000204c4   0x0000001a   Code   RO          564    i.ads1118_hal_drdy  ads1118_hal.o
    0x000204de   0x000204de   0x00000002   PAD
    0x000204e0   0x000204e0   0x0000001c   Code   RO          565    i.ads1118_hal_transfer  ads1118_hal.o
    0x000204fc   0x000204fc   0x00000078   Code   RO          534    i.ads1118_transfer  ads1118.o
    0x00020574   0x00020574   0x0000016c   Code   RO          945    i.adv_data_encode   ble_advdata.o
    0x000206e0   0x000206e0   0x00000060   Code   RO         1056    i.adv_mode_next_avail_get  ble_advertising.o
    0x00020740   0x00020740   0x00000012   Code   RO         1057    i.adv_mode_next_get  ble_advertising.o
    0x00020752   0x00020752   0x00000012   Code   RO          946    i.advdata_check     ble_advdata.o
    0x00020764   0x00020764   0x00000054   Code   RO          847    i.advertising_buttons_configure  bsp_btn_ble.o
    0x000207b8   0x000207b8   0x00000056   Code   RO         1719    i.ah                id_manager.o
    0x0002080e   0x0002080e   0x00000002   PAD
    0x00020810   0x00020810   0x00000118   Code   RO            5    i.app_ble_evt       main.o
    0x00020928   0x00020928   0x00000048   Code   RO            6    i.app_ble_evt_dispatch  main.o
    0x00020970   0x00020970   0x000000bc   Code   RO            7    i.app_ble_stack_init  main.o
    0x00020a2c   0x00020a2c   0x00000014   Code   RO            9    i.app_button_event_handler  main.o
    0x00020a40   0x00020a40   0x00000044   Code   RO         4742    i.app_error_fault_handler  app_error_weak.o
    0x00020a84   0x00020a84   0x0000001c   Code   RO         4703    i.app_error_handler_bare  app_error.o
    0x00020aa0   0x00020aa0   0x00000160   Code   RO           15    i.app_get_tip_temp  main.o
    0x00020c00   0x00020c00   0x000001a0   Code   RO           16    i.app_hardware_init  main.o
    0x00020da0   0x00020da0   0x0000002c   Code   RO           17    i.app_led_timer_handler  main.o
    0x00020dcc   0x00020dcc   0x00000118   Code   RO           18    i.app_lookup_mV     main.o
    0x00020ee4   0x00020ee4   0x00000118   Code   RO           19    i.app_lookup_temp   main.o
    0x00020ffc   0x00020ffc   0x00000084   Code   RO           24    i.app_set_heater_duty  main.o
    0x00021080   0x00021080   0x00000012   Code   RO           28    i.app_sys_evt_dispatch  main.o
    0x00021092   0x00021092   0x00000002   PAD
    0x00021094   0x00021094   0x000001e4   Code   RO           29    i.app_timer_handler  main.o
    0x00021278   0x00021278   0x0000008c   Code   RO         4779    i.app_timer_init    app_timer.o
    0x00021304   0x00021304   0x00000054   Code   RO         4780    i.app_timer_start   app_timer.o
    0x00021358   0x00021358   0x00000030   Code   RO         4781    i.app_timer_stop    app_timer.o
    0x00021388   0x00021388   0x0000002c   Code   RO           30    i.app_timers_init   main.o
    0x000213b4   0x000213b4   0x0000000c   Code   RO         4988    i.app_util_critical_region_enter  app_util_platform.o
    0x000213c0   0x000213c0   0x00000048   Code   RO         4989    i.app_util_critical_region_exit  app_util_platform.o
    0x00021408   0x00021408   0x00000052   Code   RO          947    i.appearance_encode  ble_advdata.o
    0x0002145a   0x0002145a   0x00000002   PAD
    0x0002145c   0x0002145c   0x00000058   Code   RO         1495    i.apply_pending_flags_check  gatt_cache_manager.o
    0x000214b4   0x000214b4   0x00000014   Code   RO         2838    i.auth_status_failure_process  security_dispatcher.o
    0x000214c8   0x000214c8   0x0000001c   Code   RO         2839    i.auth_status_process  security_dispatcher.o
    0x000214e4   0x000214e4   0x000000bc   Code   RO         2840    i.auth_status_success_process  security_dispatcher.o
    0x000215a0   0x000215a0   0x00000094   Code   RO          948    i.ble_advdata_set   ble_advdata.o
    0x00021634   0x00021634   0x00000032   Code   RO         1059    i.ble_advertising_on_ble_evt  ble_advertising.o
    0x00021666   0x00021666   0x00000002   PAD
    0x00021668   0x00021668   0x0000004c   Code   RO         1060    i.ble_advertising_on_sys_evt  ble_advertising.o
    0x000216b4   0x000216b4   0x00000168   Code   RO         1063    i.ble_advertising_start  ble_advertising.o
    0x0002181c   0x0002181c   0x00000042   Code   RO         3127    i.ble_bas_on_ble_evt  ble_bas.o
    0x0002185e   0x0002185e   0x0000003e   Code   RO         1183    i.ble_conn_params_on_ble_evt  ble_conn_params.o
    0x0002189c   0x0002189c   0x00000018   Code   RO         1271    i.ble_conn_state_conn_handles  ble_conn_state.o
    0x000218b4   0x000218b4   0x00000018   Code   RO         1272    i.ble_conn_state_encrypted  ble_conn_state.o
    0x000218cc   0x000218cc   0x00000018   Code   RO         1274    i.ble_conn_state_mitm_protected  ble_conn_state.o
    0x000218e4   0x000218e4   0x0000009c   Code   RO         1278    i.ble_conn_state_on_ble_evt  ble_conn_state.o
    0x00021980   0x00021980   0x00000038   Code   RO         1280    i.ble_conn_state_role  ble_conn_state.o
    0x000219b8   0x000219b8   0x0000001c   Code   RO         1283    i.ble_conn_state_user_flag_collection  ble_conn_state.o
    0x000219d4   0x000219d4   0x00000024   Code   RO         1284    i.ble_conn_state_user_flag_get  ble_conn_state.o
    0x000219f8   0x000219f8   0x00000024   Code   RO         1285    i.ble_conn_state_user_flag_set  ble_conn_state.o
    0x00021a1c   0x00021a1c   0x00000076   Code   RO          949    i.ble_device_addr_encode  ble_advdata.o
    0x00021a92   0x00021a92   0x00000012   Code   RO         1429    i.ble_srv_is_notification_enabled  ble_srv_common.o
    0x00021aa4   0x00021aa4   0x00000030   Code   RO          631    i.bsp_board_led_invert  boards.o
    0x00021ad4   0x00021ad4   0x00000014   Code   RO          632    i.bsp_board_led_off  boards.o
    0x00021ae8   0x00021ae8   0x00000014   Code   RO          633    i.bsp_board_led_on  boards.o
    0x00021afc   0x00021afc   0x00000030   Code   RO          634    i.bsp_board_led_state_get  boards.o
    0x00021b2c   0x00021b2c   0x00000014   Code   RO          636    i.bsp_board_leds_off  boards.o
    0x00021b40   0x00021b40   0x00000014   Code   RO          637    i.bsp_board_leds_on  boards.o
    0x00021b54   0x00021b54   0x00000024   Code   RO          638    i.bsp_board_pin_to_button_idx  boards.o
    0x00021b78   0x00021b78   0x00000078   Code   RO          849    i.bsp_btn_ble_on_ble_evt  bsp_btn_ble.o
    0x00021bf0   0x00021bf0   0x000000d0   Code   RO          739    i.bsp_button_event_handler  bsp.o
    0x00021cc0   0x00021cc0   0x0000005c   Code   RO          743    i.bsp_event_to_button_action_assign  bsp.o
    0x00021d1c   0x00021d1c   0x00000020   Code   RO          744    i.bsp_indication_set  bsp.o
    0x00021d3c   0x00021d3c   0x00000320   Code   RO          746    i.bsp_led_indication  bsp.o
    0x0002205c   0x0002205c   0x00000020   Code   RO         1496    i.cccd_written      gatt_cache_manager.o
    0x0002207c   0x0002207c   0x00000010   Code   RO         3551    i.channel_handler_get  nrf_drv_gpiote.o
    0x0002208c   0x0002208c   0x0000000c   Code   RO         3553    i.channel_port_get  nrf_drv_gpiote.o
    0x00022098   0x00022098   0x00000020   Code   RO         5502    i.check_config      fstorage.o
    0x000220b8   0x000220b8   0x00000022   Code   RO         5077    i.chunk_is_aligned  fds.o
    0x000220da   0x000220da   0x00000002   PAD
    0x000220dc   0x000220dc   0x00000030   Code   RO         5078    i.chunk_queue_get_and_advance  fds.o
    0x0002210c   0x0002210c   0x00000020   Code   RO         5079    i.chunk_queue_next  fds.o
    0x0002212c   0x0002212c   0x0000002c   Code   RO         5080    i.chunk_queue_skip  fds.o
    0x00022158   0x00022158   0x0000004a   Code   RO         2371    i.claim             peer_id.o
    0x000221a2   0x000221a2   0x00000002   PAD
    0x000221a4   0x000221a4   0x00000030   Code   RO         3304    i.clock_clk_started_notify  nrf_drv_clock.o
    0x000221d4   0x000221d4   0x00000090   Code   RO         4783    i.compare_reg_update  app_timer.o
    0x00022264   0x00022264   0x0000005a   Code   RO          950    i.conn_int_check    ble_advdata.o
    0x000222be   0x000222be   0x00000068   Code   RO          951    i.conn_int_encode   ble_advdata.o
    0x00022326   0x00022326   0x00000002   PAD
    0x00022328   0x00022328   0x00000084   Code   RO         1185    i.conn_params_negotiation  ble_conn_params.o
    0x000223ac   0x000223ac   0x00000058   Code   RO         2841    i.conn_sec_update_process  security_dispatcher.o
    0x00022404   0x00022404   0x00000054   Code   RO          851    i.connection_buttons_configure  bsp_btn_ble.o
    0x00022458   0x00022458   0x0000004a   Code   RO         5081    i.delete_execute    fds.o
    0x000224a2   0x000224a2   0x00000022   Code   RO         2842    i.disconnect_process  security_dispatcher.o
    0x000224c4   0x000224c4   0x00000064   Code   RO         4784    i.elapsed_ticks_acquire  app_timer.o
    0x00022528   0x00022528   0x00000038   Code   RO         2843    i.encryption_failure  security_dispatcher.o
    0x00022560   0x00022560   0x0000000a   Code   RO         5503    i.erase_execute     fstorage.o
    0x0002256a   0x0002256a   0x00000002   PAD
    0x0002256c   0x0002256c   0x00000054   Code   RO         6279    i.errata_108        system_nrf52.o
    0x000225c0   0x000225c0   0x00000030   Code   RO         6280    i.errata_16         system_nrf52.o
    0x000225f0   0x000225f0   0x00000054   Code   RO         6281    i.errata_31         system_nrf52.o
    0x00022644   0x00022644   0x00000030   Code   RO         6282    i.errata_32         system_nrf52.o
    0x00022674   0x00022674   0x00000054   Code   RO         6283    i.errata_36         system_nrf52.o
    0x000226c8   0x000226c8   0x00000030   Code   RO         6284    i.errata_37         system_nrf52.o
    0x000226f8   0x000226f8   0x00000030   Code   RO         6285    i.errata_57         system_nrf52.o
    0x00022728   0x00022728   0x00000030   Code   RO         6286    i.errata_66         system_nrf52.o
    0x00022758   0x00022758   0x00000076   Code   RO         5083    i.event_prepare     fds.o
    0x000227ce   0x000227ce   0x00000002   PAD
    0x000227d0   0x000227d0   0x00000028   Code   RO         5084    i.event_send        fds.o
    0x000227f8   0x000227f8   0x00000042   Code   RO         2988    i.events_send_from_err_code  security_manager.o
    0x0002283a   0x0002283a   0x00000002   PAD
    0x0002283c   0x0002283c   0x00000020   Code   RO         1497    i.evt_send          gatt_cache_manager.o
    0x0002285c   0x0002285c   0x00000020   Code   RO         1628    i.evt_send          gatts_cache_manager.o
    0x0002287c   0x0002287c   0x00000020   Code   RO         1720    i.evt_send          id_manager.o
    0x0002289c   0x0002289c   0x00000028   Code   RO         2466    i.evt_send          peer_manager.o
    0x000228c4   0x000228c4   0x00000020   Code   RO         2844    i.evt_send          security_dispatcher.o
    0x000228e4   0x000228e4   0x00000020   Code   RO         2989    i.evt_send          security_manager.o
    0x00022904   0x00022904   0x00000058   Code   RO         4785    i.expired_timers_handler  app_timer.o
    0x0002295c   0x0002295c   0x00000048   Code   RO         5086    i.fds_file_delete   fds.o
    0x000229a4   0x000229a4   0x00000058   Code   RO         5089    i.fds_record_close  fds.o
    0x000229fc   0x000229fc   0x00000016   Code   RO         5091    i.fds_record_find   fds.o
    0x00022a12   0x00022a12   0x00000014   Code   RO         5092    i.fds_record_find_by_key  fds.o
    0x00022a26   0x00022a26   0x00000014   Code   RO         5093    i.fds_record_find_in_file  fds.o
    0x00022a3a   0x00022a3a   0x00000012   Code   RO         5094    i.fds_record_id_from_desc  fds.o
    0x00022a4c   0x00022a4c   0x0000004c   Code   RO         5096    i.fds_record_open   fds.o
    0x00022a98   0x00022a98   0x0000001a   Code   RO         5097    i.fds_record_update  fds.o
    0x00022ab2   0x00022ab2   0x00000014   Code   RO         5098    i.fds_record_write  fds.o
    0x00022ac6   0x00022ac6   0x0000001c   Code   RO         5099    i.fds_record_write_reserved  fds.o
    0x00022ae2   0x00022ae2   0x00000030   Code   RO         5101    i.fds_reserve       fds.o
    0x00022b12   0x00022b12   0x00000002   PAD
    0x00022b14   0x00022b14   0x00000050   Code   RO         5102    i.fds_reserve_cancel  fds.o
    0x00022b64   0x00022b64   0x00000040   Code   RO         5104    i.file_find_and_delete  fds.o
    0x00022ba4   0x00022ba4   0x0000000a   Code   RO         2025    i.file_id_to_peer_id  peer_data_storage.o
    0x00022bae   0x00022bae   0x0000001e   Code   RO         4334    i.finish_transfer   nrf_drv_spi.o
    0x00022bcc   0x00022bcc   0x00000010   Code   RO         5105    i.flag_clear        fds.o
    0x00022bdc   0x00022bdc   0x00000018   Code   RO         5106    i.flag_is_set       fds.o
    0x00022bf4   0x00022bf4   0x00000010   Code   RO         5107    i.flag_set          fds.o
    0x00022c04   0x00022c04   0x00000036   Code   RO          952    i.flags_encode      ble_advdata.o
    0x00022c3a   0x00022c3a   0x00000002   PAD
    0x00022c3c   0x00022c3c   0x0000009c   Code   RO         2991    i.flags_set_from_err_code  security_manager.o
    0x00022cd8   0x00022cd8   0x00000014   Code   RO         1065    i.flash_access_in_progress  ble_advertising.o
    0x00022cec   0x00022cec   0x00000080   Code   RO         5504    i.fs_erase          fstorage.o
    0x00022d6c   0x00022d6c   0x0000000e   Code   RO         5108    i.fs_event_handler  fds.o
    0x00022d7a   0x00022d7a   0x00000002   PAD
    0x00022d7c   0x00022d7c   0x00000018   Code   RO         5510    i.fs_queued_op_count_get  fstorage.o
    0x00022d94   0x00022d94   0x00000094   Code   RO         5511    i.fs_store          fstorage.o
    0x00022e28   0x00022e28   0x0000006c   Code   RO         5512    i.fs_sys_event_handler  fstorage.o
    0x00022e94   0x00022e94   0x00000070   Code   RO         5109    i.gc_execute        fds.o
    0x00022f04   0x00022f04   0x0000003c   Code   RO         5110    i.gc_init           fds.o
    0x00022f40   0x00022f40   0x00000028   Code   RO         5111    i.gc_next_page      fds.o
    0x00022f68   0x00022f68   0x00000044   Code   RO         5112    i.gc_page_erase     fds.o
    0x00022fac   0x00022fac   0x00000048   Code   RO         5113    i.gc_page_next      fds.o
    0x00022ff4   0x00022ff4   0x00000040   Code   RO         5114    i.gc_record_copy    fds.o
    0x00023034   0x00023034   0x00000024   Code   RO         5115    i.gc_record_find_next  fds.o
    0x00023058   0x00023058   0x00000058   Code   RO         5116    i.gc_state_advance  fds.o
    0x000230b0   0x000230b0   0x0000002c   Code   RO         5117    i.gc_swap_erase     fds.o
    0x000230dc   0x000230dc   0x00000044   Code   RO         5118    i.gc_swap_pages     fds.o
    0x00023120   0x00023120   0x00000020   Code   RO         5119    i.gc_swap_promote   fds.o
    0x00023140   0x00023140   0x00000018   Code   RO         5120    i.gc_tag_new_swap   fds.o
    0x00023158   0x00023158   0x00000020   Code   RO         5121    i.gc_update_swap_offset  fds.o
    0x00023178   0x00023178   0x00000074   Code   RO         1498    i.gcm_ble_evt_handler  gatt_cache_manager.o
    0x000231ec   0x000231ec   0x00000078   Code   RO         1499    i.gcm_gscm_evt_handler  gatt_cache_manager.o
    0x00023264   0x00023264   0x00000030   Code   RO         1500    i.gcm_im_evt_handler  gatt_cache_manager.o
    0x00023294   0x00023294   0x00000018   Code   RO         1505    i.gcm_smd_evt_handler  gatt_cache_manager.o
    0x000232ac   0x000232ac   0x0000003c   Code   RO         1721    i.get_connection_by_conn_handle  id_manager.o
    0x000232e8   0x000232e8   0x00000034   Code   RO         1722    i.get_free_connection  id_manager.o
    0x0002331c   0x0002331c   0x0000001c   Code   RO         1629    i.gscm_db_change_notification_done  gatts_cache_manager.o
    0x00023338   0x00023338   0x00000090   Code   RO         1632    i.gscm_local_db_cache_apply  gatts_cache_manager.o
    0x000233c8   0x000233c8   0x00000096   Code   RO         1634    i.gscm_local_db_cache_update  gatts_cache_manager.o
    0x0002345e   0x0002345e   0x00000002   PAD
    0x00023460   0x00023460   0x00000058   Code   RO         1635    i.gscm_pdb_evt_handler  gatts_cache_manager.o
    0x000234b8   0x000234b8   0x00000024   Code   RO         1636    i.gscm_service_changed_ind_needed  gatts_cache_manager.o
    0x000234dc   0x000234dc   0x0000003c   Code   RO         1637    i.gscm_service_changed_ind_send  gatts_cache_manager.o
    0x00023518   0x00023518   0x00000018   Code   RO         5122    i.header_is_valid   fds.o
    0x00023530   0x00023530   0x0000004c   Code   RO         1723    i.im_address_resolve  id_manager.o
    0x0002357c   0x0002357c   0x00000034   Code   RO         1724    i.im_ble_addr_get   id_manager.o
    0x000235b0   0x000235b0   0x000000ce   Code   RO         1725    i.im_ble_evt_handler  id_manager.o
    0x0002367e   0x0002367e   0x00000002   PAD
    0x00023680   0x00023680   0x00000030   Code   RO         1726    i.im_conn_handle_get  id_manager.o
    0x000236b0   0x000236b0   0x00000044   Code   RO         1731    i.im_is_duplicate_bonding_data  id_manager.o
    0x000236f4   0x000236f4   0x00000022   Code   RO         1732    i.im_master_id_is_valid  id_manager.o
    0x00023716   0x00023716   0x00000032   Code   RO         1733    i.im_master_ids_compare  id_manager.o
    0x00023748   0x00023748   0x00000010   Code   RO         1734    i.im_new_peer_id    id_manager.o
    0x00023758   0x00023758   0x0000007c   Code   RO         1735    i.im_pdb_evt_handler  id_manager.o
    0x000237d4   0x000237d4   0x0000002a   Code   RO         1736    i.im_peer_free      id_manager.o
    0x000237fe   0x000237fe   0x00000002   PAD
    0x00023800   0x00023800   0x00000028   Code   RO         1737    i.im_peer_id_get_by_conn_handle  id_manager.o
    0x00023828   0x00023828   0x00000040   Code   RO         1738    i.im_peer_id_get_by_master_id  id_manager.o
    0x00023868   0x00023868   0x00000118   Code   RO         5123    i.init_execute      fds.o
    0x00023980   0x00023980   0x000000b8   Code   RO         6125    i.intern_softdevice_events_execute  softdevice_handler.o
    0x00023a38   0x00023a38   0x0000005c   Code   RO         4477    i.irq_handler       nrf_drv_timer.o
    0x00023a94   0x00023a94   0x00000024   Code   RO         4335    i.irq_handler_spim  nrf_drv_spi.o
    0x00023ab8   0x00023ab8   0x00000024   Code   RO         1186    i.is_conn_params_ok  ble_conn_params.o
    0x00023adc   0x00023adc   0x00000018   Code   RO         1744    i.is_valid_irk      id_manager.o
    0x00023af4   0x00023af4   0x00000010   Code   RO         5124    i.is_word_aligned   fds.o
    0x00023b04   0x00023b04   0x0000000c   Code   RO         3307    i.item_dequeue      nrf_drv_clock.o
    0x00023b10   0x00023b10   0x000000c4   Code   RO         2992    i.link_secure       security_manager.o
    0x00023bd4   0x00023bd4   0x0000008e   Code   RO         2846    i.link_secure_central  security_dispatcher.o
    0x00023c62   0x00023c62   0x000000e8   Code   RO         2847    i.link_secure_central_existing_peer  security_dispatcher.o
    0x00023d4a   0x00023d4a   0x0000007c   Code   RO         2848    i.link_secure_central_new_peer  security_dispatcher.o
    0x00023dc6   0x00023dc6   0x00000002   PAD
    0x00023dc8   0x00023dc8   0x00000058   Code   RO         2849    i.link_secure_failure  security_dispatcher.o
    0x00023e20   0x00023e20   0x00000080   Code   RO         2993    i.link_secure_pending_process  security_manager.o
    0x00023ea0   0x00023ea0   0x00000012   Code   RO         2850    i.link_secure_peripheral  security_dispatcher.o
    0x00023eb2   0x00023eb2   0x00000002   PAD
    0x00023eb4   0x00023eb4   0x0000007c   Code   RO         4786    i.list_deletions_handler  app_timer.o
    0x00023f30   0x00023f30   0x000000f8   Code   RO         4787    i.list_insertions_handler  app_timer.o
    0x00024028   0x00024028   0x000000a0   Code   RO         1507    i.local_db_apply_in_evt  gatt_cache_manager.o
    0x000240c8   0x000240c8   0x000000b8   Code   RO         1508    i.local_db_update_in_evt  gatt_cache_manager.o
    0x00024180   0x00024180   0x00000034   Code   RO         2785    i.lock_by_mask      pm_mutex.o
    0x000241b4   0x000241b4   0x0000004c   Code   RO           32    i.main              main.o
    0x00024200   0x00024200   0x00000076   Code   RO          953    i.manuf_specific_data_encode  ble_advdata.o
    0x00024276   0x00024276   0x000000c2   Code   RO          954    i.name_encode       ble_advdata.o
    0x00024338   0x00024338   0x00000070   Code   RO         1745    i.new_connection    id_manager.o
    0x000243a8   0x000243a8   0x00000034   Code   RO         2373    i.next_id_get       peer_id.o
    0x000243dc   0x000243dc   0x00000016   Code   RO         3554    i.nrf_bitmask_bit_is_set  nrf_drv_gpiote.o
    0x000243f2   0x000243f2   0x00000096   Code   RO         1923    i.nrf_ble_gatt_on_ble_evt  nrf_ble_gatt.o
    0x00024488   0x00024488   0x00000012   Code   RO         3311    i.nrf_clock_event_check  nrf_drv_clock.o
    0x0002449a   0x0002449a   0x00000012   Code   RO         3312    i.nrf_clock_event_clear  nrf_drv_clock.o
    0x000244ac   0x000244ac   0x0000000c   Code   RO         3314    i.nrf_clock_int_disable  nrf_drv_clock.o
    0x000244b8   0x000244b8   0x00000098   Code   RO           33    i.nrf_delay_us      main.o
    0x00024550   0x00024550   0x00000098   Code   RO         4788    i.nrf_delay_us      app_timer.o
    0x000245e8   0x000245e8   0x00000068   Code   RO         3323    i.nrf_drv_clock_init  nrf_drv_clock.o
    0x00024650   0x00024650   0x00000034   Code   RO         3330    i.nrf_drv_clock_on_sd_enable  nrf_drv_clock.o
    0x00024684   0x00024684   0x0000000e   Code   RO         3331    i.nrf_drv_clock_on_soc_event  nrf_drv_clock.o
    0x00024692   0x00024692   0x00000002   PAD
    0x00024694   0x00024694   0x00000060   Code   RO         3503    i.nrf_drv_common_irq_enable  nrf_drv_common.o
    0x000246f4   0x000246f4   0x0000000a   Code   RO         4478    i.nrf_drv_get_IRQn  nrf_drv_timer.o
    0x000246fe   0x000246fe   0x00000014   Code   RO         4336    i.nrf_drv_is_in_RAM  nrf_drv_spi.o
    0x00024712   0x00024712   0x00000002   PAD
    0x00024714   0x00024714   0x00000144   Code   RO         4338    i.nrf_drv_spi_init  nrf_drv_spi.o
    0x00024858   0x00024858   0x0000002c   Code   RO         4340    i.nrf_drv_spi_transfer  nrf_drv_spi.o
    0x00024884   0x00024884   0x0000006c   Code   RO         4342    i.nrf_drv_spi_xfer  nrf_drv_spi.o
    0x000248f0   0x000248f0   0x00000038   Code   RO         4481    i.nrf_drv_timer_compare  nrf_drv_timer.o
    0x00024928   0x00024928   0x00000024   Code   RO         4485    i.nrf_drv_timer_enable  nrf_drv_timer.o
    0x0002494c   0x0002494c   0x00000042   Code   RO         4486    i.nrf_drv_timer_extended_compare  nrf_drv_timer.o
    0x0002498e   0x0002498e   0x00000002   PAD
    0x00024990   0x00024990   0x000000ac   Code   RO         4488    i.nrf_drv_timer_init  nrf_drv_timer.o
    0x00024a3c   0x00024a3c   0x0000001a   Code   RO           34    i.nrf_drv_timer_ms_to_ticks  main.o
    0x00024a56   0x00024a56   0x00000028   Code   RO           35    i.nrf_gpio_cfg      main.o
    0x00024a7e   0x00024a7e   0x00000028   Code   RO         4343    i.nrf_gpio_cfg      nrf_drv_spi.o
    0x00024aa6   0x00024aa6   0x0000001a   Code   RO           36    i.nrf_gpio_cfg_input  main.o
    0x00024ac0   0x00024ac0   0x00000018   Code   RO           37    i.nrf_gpio_cfg_output  main.o
    0x00024ad8   0x00024ad8   0x00000018   Code   RO         4344    i.nrf_gpio_cfg_output  nrf_drv_spi.o
    0x00024af0   0x00024af0   0x00000032   Code   RO         3580    i.nrf_gpio_cfg_sense_set  nrf_drv_gpiote.o
    0x00024b22   0x00024b22   0x00000016   Code   RO           38    i.nrf_gpio_pin_clear  main.o
    0x00024b38   0x00024b38   0x00000016   Code   RO         4345    i.nrf_gpio_pin_clear  nrf_drv_spi.o
    0x00024b4e   0x00024b4e   0x00000016   Code   RO           39    i.nrf_gpio_pin_set  main.o
    0x00024b64   0x00024b64   0x00000016   Code   RO         4346    i.nrf_gpio_pin_set  nrf_drv_spi.o
    0x00024b7a   0x00024b7a   0x0000003a   Code   RO          641    i.nrf_gpio_pin_write  boards.o
    0x00024bb4   0x00024bb4   0x00000028   Code   RO         3584    i.nrf_gpio_ports_read  nrf_drv_gpiote.o
    0x00024bdc   0x00024bdc   0x0000000c   Code   RO         3585    i.nrf_gpiote_event_addr_get  nrf_drv_gpiote.o
    0x00024be8   0x00024be8   0x0000001c   Code   RO         3586    i.nrf_gpiote_event_clear  nrf_drv_gpiote.o
    0x00024c04   0x00024c04   0x00000016   Code   RO         3587    i.nrf_gpiote_event_is_set  nrf_drv_gpiote.o
    0x00024c1a   0x00024c1a   0x00000002   PAD
    0x00024c1c   0x00024c1c   0x00000010   Code   RO         4200    i.nrf_saadc_buffer_init  nrf_drv_saadc.o
    0x00024c2c   0x00024c2c   0x00000014   Code   RO         4202    i.nrf_saadc_event_check  nrf_drv_saadc.o
    0x00024c40   0x00024c40   0x00000018   Code   RO         4203    i.nrf_saadc_event_clear  nrf_drv_saadc.o
    0x00024c58   0x00024c58   0x0000000c   Code   RO         4207    i.nrf_saadc_task_trigger  nrf_drv_saadc.o
    0x00024c64   0x00024c64   0x0000000e   Code   RO         4347    i.nrf_spim_event_check  nrf_drv_spi.o
    0x00024c72   0x00024c72   0x0000000e   Code   RO         4348    i.nrf_spim_event_clear  nrf_drv_spi.o
    0x00024c80   0x00024c80   0x00000006   Code   RO         4349    i.nrf_spim_int_disable  nrf_drv_spi.o
    0x00024c86   0x00024c86   0x00000006   Code   RO         4350    i.nrf_spim_int_enable  nrf_drv_spi.o
    0x00024c8c   0x00024c8c   0x00000006   Code   RO         4351    i.nrf_spim_task_trigger  nrf_drv_spi.o
    0x00024c92   0x00024c92   0x0000000e   Code   RO         4492    i.nrf_timer_compare_event_get  nrf_drv_timer.o
    0x00024ca0   0x00024ca0   0x0000000a   Code   RO         4493    i.nrf_timer_compare_int_get  nrf_drv_timer.o
    0x00024caa   0x00024caa   0x0000000e   Code   RO         4494    i.nrf_timer_event_clear  nrf_drv_timer.o
    0x00024cb8   0x00024cb8   0x00000006   Code   RO         4495    i.nrf_timer_int_disable  nrf_drv_timer.o
    0x00024cbe   0x00024cbe   0x00000006   Code   RO         4496    i.nrf_timer_int_enable  nrf_drv_timer.o
    0x00024cc4   0x00024cc4   0x0000000c   Code   RO         4497    i.nrf_timer_shorts_disable  nrf_drv_timer.o
    0x00024cd0   0x00024cd0   0x00000006   Code   RO         4498    i.nrf_timer_task_trigger  nrf_drv_timer.o
    0x00024cd6   0x00024cd6   0x0000000c   Code   RO         3861    i.nrf_uart_errorsrc_get_and_clear  nrf_drv_uart.o
    0x00024ce2   0x00024ce2   0x0000000e   Code   RO         3862    i.nrf_uart_event_check  nrf_drv_uart.o
    0x00024cf0   0x00024cf0   0x0000000e   Code   RO         3863    i.nrf_uart_event_clear  nrf_drv_uart.o
    0x00024cfe   0x00024cfe   0x00000006   Code   RO         3865    i.nrf_uart_int_disable  nrf_drv_uart.o
    0x00024d04   0x00024d04   0x00000012   Code   RO         3867    i.nrf_uart_int_enable_check  nrf_drv_uart.o
    0x00024d16   0x00024d16   0x00000006   Code   RO         3868    i.nrf_uart_task_trigger  nrf_drv_uart.o
    0x00024d1c   0x00024d1c   0x0000000c   Code   RO         3870    i.nrf_uarte_errorsrc_get_and_clear  nrf_drv_uart.o
    0x00024d28   0x00024d28   0x0000000e   Code   RO         3871    i.nrf_uarte_event_check  nrf_drv_uart.o
    0x00024d36   0x00024d36   0x0000000e   Code   RO         3872    i.nrf_uarte_event_clear  nrf_drv_uart.o
    0x00024d44   0x00024d44   0x0000000a   Code   RO         3876    i.nrf_uarte_rx_amount_get  nrf_drv_uart.o
    0x00024d4e   0x00024d4e   0x00000002   PAD
    0x00024d50   0x00024d50   0x00000018   Code   RO         1187    i.on_conn_params_update  ble_conn_params.o
    0x00024d68   0x00024d68   0x00000038   Code   RO         1188    i.on_connect        ble_conn_params.o
    0x00024da0   0x00024da0   0x00000006   Code   RO         3128    i.on_connect        ble_bas.o
    0x00024da6   0x00024da6   0x00000002   PAD
    0x00024da8   0x00024da8   0x00000014   Code   RO         1066    i.on_connected      ble_advertising.o
    0x00024dbc   0x00024dbc   0x00000064   Code   RO         1924    i.on_connected_evt  nrf_ble_gatt.o
    0x00024e20   0x00024e20   0x00000006   Code   RO         1925    i.on_data_length_changed_evt  nrf_ble_gatt.o
    0x00024e26   0x00024e26   0x00000002   PAD
    0x00024e28   0x00024e28   0x00000040   Code   RO         1189    i.on_disconnect     ble_conn_params.o
    0x00024e68   0x00024e68   0x00000008   Code   RO         3129    i.on_disconnect     ble_bas.o
    0x00024e70   0x00024e70   0x0000003c   Code   RO         1067    i.on_disconnected   ble_advertising.o
    0x00024eac   0x00024eac   0x0000009a   Code   RO         1926    i.on_exchange_mtu_request_evt  nrf_ble_gatt.o
    0x00024f46   0x00024f46   0x00000082   Code   RO         1927    i.on_exchange_mtu_rsp_evt  nrf_ble_gatt.o
    0x00024fc8   0x00024fc8   0x0000002c   Code   RO         5513    i.on_operation_failure  fstorage.o
    0x00024ff4   0x00024ff4   0x00000078   Code   RO         5514    i.on_operation_success  fstorage.o
    0x0002506c   0x0002506c   0x00000038   Code   RO         1068    i.on_timeout        ble_advertising.o
    0x000250a4   0x000250a4   0x0000004c   Code   RO         1190    i.on_write          ble_conn_params.o
    0x000250f0   0x000250f0   0x00000040   Code   RO         3130    i.on_write          ble_bas.o
    0x00025130   0x00025130   0x000000a4   Code   RO         5125    i.op_enqueue        fds.o
    0x000251d4   0x000251d4   0x00000040   Code   RO         5126    i.page_from_record  fds.o
    0x00025214   0x00025214   0x0000002c   Code   RO         5127    i.page_has_space    fds.o
    0x00025240   0x00025240   0x00000012   Code   RO         5130    i.page_offsets_update  fds.o
    0x00025252   0x00025252   0x00000002   PAD
    0x00025254   0x00025254   0x00000020   Code   RO         5132    i.page_tag_write_data  fds.o
    0x00025274   0x00025274   0x00000024   Code   RO         5133    i.page_tag_write_swap  fds.o
    0x00025298   0x00025298   0x00000084   Code   RO         2851    i.pairing_failure   security_dispatcher.o
    0x0002531c   0x0002531c   0x00000048   Code   RO         2994    i.params_reply_pending_process  security_manager.o
    0x00025364   0x00025364   0x00000020   Code   RO         2194    i.pdb_evt_send      peer_database.o
    0x00025384   0x00025384   0x0000000c   Code   RO         2197    i.pdb_next_deleted_peer_id_get  peer_database.o
    0x00025390   0x00025390   0x0000000c   Code   RO         2198    i.pdb_next_peer_id_get  peer_database.o
    0x0002539c   0x0002539c   0x000001bc   Code   RO         2199    i.pdb_pds_evt_handler  peer_database.o
    0x00025558   0x00025558   0x00000008   Code   RO         2200    i.pdb_peer_allocate  peer_database.o
    0x00025560   0x00025560   0x00000016   Code   RO         2202    i.pdb_peer_data_ptr_get  peer_database.o
    0x00025576   0x00025576   0x00000058   Code   RO         2203    i.pdb_peer_free     peer_database.o
    0x000255ce   0x000255ce   0x00000016   Code   RO         2204    i.pdb_raw_store     peer_database.o
    0x000255e4   0x000255e4   0x00000134   Code   RO         2205    i.pdb_write_buf_get  peer_database.o
    0x00025718   0x00025718   0x00000036   Code   RO         2206    i.pdb_write_buf_release  peer_database.o
    0x0002574e   0x0002574e   0x00000002   PAD
    0x00025750   0x00025750   0x00000104   Code   RO         2207    i.pdb_write_buf_store  peer_database.o
    0x00025854   0x00025854   0x00000078   Code   RO         2208    i.pdb_write_buf_store_prepare  peer_database.o
    0x000258cc   0x000258cc   0x00000020   Code   RO         2027    i.pds_evt_send      peer_data_storage.o
    0x000258ec   0x000258ec   0x0000000c   Code   RO         2029    i.pds_next_deleted_peer_id_get  peer_data_storage.o
    0x000258f8   0x000258f8   0x0000000c   Code   RO         2030    i.pds_next_peer_id_get  peer_data_storage.o
    0x00025904   0x00025904   0x0000005c   Code   RO         2033    i.pds_peer_data_iterate  peer_data_storage.o
    0x00025960   0x00025960   0x00000010   Code   RO         2034    i.pds_peer_data_iterate_prepare  peer_data_storage.o
    0x00025970   0x00025970   0x00000088   Code   RO         2035    i.pds_peer_data_read  peer_data_storage.o
    0x000259f8   0x000259f8   0x000000ba   Code   RO         2036    i.pds_peer_data_store  peer_data_storage.o
    0x00025ab2   0x00025ab2   0x0000000c   Code   RO         2037    i.pds_peer_id_allocate  peer_data_storage.o
    0x00025abe   0x00025abe   0x0000001e   Code   RO         2038    i.pds_peer_id_free  peer_data_storage.o
    0x00025adc   0x00025adc   0x0000000c   Code   RO         2039    i.pds_peer_id_is_allocated  peer_data_storage.o
    0x00025ae8   0x00025ae8   0x0000003c   Code   RO         2040    i.pds_space_reserve  peer_data_storage.o
    0x00025b24   0x00025b24   0x00000014   Code   RO         2041    i.pds_space_reserve_cancel  peer_data_storage.o
    0x00025b38   0x00025b38   0x0000001c   Code   RO         2209    i.peer_data_const_point_to_buffer  peer_database.o
    0x00025b54   0x00025b54   0x000000a4   Code   RO         2042    i.peer_data_delete  peer_data_storage.o
    0x00025bf8   0x00025bf8   0x00000040   Code   RO         2043    i.peer_data_find    peer_data_storage.o
    0x00025c38   0x00025c38   0x00000022   Code   RO         2044    i.peer_data_id_is_valid  peer_data_storage.o
    0x00025c5a   0x00025c5a   0x0000000a   Code   RO         2045    i.peer_data_id_to_record_key  peer_data_storage.o
    0x00025c64   0x00025c64   0x0000001a   Code   RO         2210    i.peer_data_point_to_buffer  peer_database.o
    0x00025c7e   0x00025c7e   0x00000002   PAD
    0x00025c80   0x00025c80   0x00000014   Code   RO         2374    i.peer_id_allocate  peer_id.o
    0x00025c94   0x00025c94   0x0000002c   Code   RO         2375    i.peer_id_delete    peer_id.o
    0x00025cc0   0x00025cc0   0x0000001c   Code   RO         2376    i.peer_id_free      peer_id.o
    0x00025cdc   0x00025cdc   0x00000014   Code   RO         2377    i.peer_id_get_next_deleted  peer_id.o
    0x00025cf0   0x00025cf0   0x00000038   Code   RO         2378    i.peer_id_get_next_used  peer_id.o
    0x00025d28   0x00025d28   0x0000001c   Code   RO         2380    i.peer_id_is_allocated  peer_id.o
    0x00025d44   0x00025d44   0x0000001c   Code   RO         2381    i.peer_id_is_deleted  peer_id.o
    0x00025d60   0x00025d60   0x00000024   Code   RO         1746    i.peer_id_set       id_manager.o
    0x00025d84   0x00025d84   0x0000000a   Code   RO         2046    i.peer_id_to_file_id  peer_data_storage.o
    0x00025d8e   0x00025d8e   0x00000062   Code   RO         2743    i.pm_buffer_block_acquire  pm_buffer.o
    0x00025df0   0x00025df0   0x00000030   Code   RO         2745    i.pm_buffer_ptr_get  pm_buffer.o
    0x00025e20   0x00025e20   0x00000028   Code   RO         2746    i.pm_buffer_release  pm_buffer.o
    0x00025e48   0x00025e48   0x000000be   Code   RO         2473    i.pm_gcm_evt_handler  peer_manager.o
    0x00025f06   0x00025f06   0x00000002   PAD
    0x00025f08   0x00025f08   0x00000058   Code   RO         2476    i.pm_im_evt_handler  peer_manager.o
    0x00025f60   0x00025f60   0x00000020   Code   RO         2787    i.pm_mutex_lock     pm_mutex.o
    0x00025f80   0x00025f80   0x00000030   Code   RO         2788    i.pm_mutex_lock_first_available  pm_mutex.o
    0x00025fb0   0x00025fb0   0x00000024   Code   RO         2789    i.pm_mutex_lock_status_get  pm_mutex.o
    0x00025fd4   0x00025fd4   0x00000038   Code   RO         2790    i.pm_mutex_unlock   pm_mutex.o
    0x0002600c   0x0002600c   0x0000002c   Code   RO         2481    i.pm_on_ble_evt     peer_manager.o
    0x00026038   0x00026038   0x000001c8   Code   RO         2482    i.pm_pdb_evt_handler  peer_manager.o
    0x00026200   0x00026200   0x00000020   Code   RO         2493    i.pm_peer_delete    peer_manager.o
    0x00026220   0x00026220   0x000001b0   Code   RO         2504    i.pm_sm_evt_handler  peer_manager.o
    0x000263d0   0x000263d0   0x00000048   Code   RO         5135    i.queue_advance     fds.o
    0x00026418   0x00026418   0x00000034   Code   RO         5515    i.queue_advance     fstorage.o
    0x0002644c   0x0002644c   0x00000068   Code   RO         5516    i.queue_get_next_free  fstorage.o
    0x000264b4   0x000264b4   0x000000a4   Code   RO         5136    i.queue_process     fds.o
    0x00026558   0x00026558   0x0000006c   Code   RO         5517    i.queue_process     fstorage.o
    0x000265c4   0x000265c4   0x00000018   Code   RO         5137    i.queue_start       fds.o
    0x000265dc   0x000265dc   0x0000002c   Code   RO         5518    i.queue_start       fstorage.o
    0x00026608   0x00026608   0x0000004c   Code   RO         1287    i.record_activate   ble_conn_state.o
    0x00026654   0x00026654   0x00000088   Code   RO         5138    i.record_find       fds.o
    0x000266dc   0x000266dc   0x00000048   Code   RO         5139    i.record_find_and_delete  fds.o
    0x00026724   0x00026724   0x0000007c   Code   RO         5140    i.record_find_by_desc  fds.o
    0x000267a0   0x000267a0   0x00000060   Code   RO         5141    i.record_find_next  fds.o
    0x00026800   0x00026800   0x00000028   Code   RO         5142    i.record_header_flag_dirty  fds.o
    0x00026828   0x00026828   0x0000002c   Code   RO         5143    i.record_header_write_begin  fds.o
    0x00026854   0x00026854   0x00000038   Code   RO         5144    i.record_header_write_finalize  fds.o
    0x0002688c   0x0002688c   0x00000038   Code   RO         5145    i.record_header_write_id  fds.o
    0x000268c4   0x000268c4   0x00000014   Code   RO         5146    i.record_id_new     fds.o
    0x000268d8   0x000268d8   0x0000001c   Code   RO         1288    i.record_invalidate  ble_conn_state.o
    0x000268f4   0x000268f4   0x00000044   Code   RO         1289    i.record_purge_disconnected  ble_conn_state.o
    0x00026938   0x00026938   0x00000018   Code   RO         1290    i.record_set_disconnected  ble_conn_state.o
    0x00026950   0x00026950   0x00000050   Code   RO         5147    i.record_write_chunk  fds.o
    0x000269a0   0x000269a0   0x00000014   Code   RO         2383    i.release           peer_id.o
    0x000269b4   0x000269b4   0x0000000c   Code   RO         4789    i.rtc1_compare0_set  app_timer.o
    0x000269c0   0x000269c0   0x0000000c   Code   RO         4790    i.rtc1_counter_get  app_timer.o
    0x000269cc   0x000269cc   0x00000018   Code   RO         4791    i.rtc1_init         app_timer.o
    0x000269e4   0x000269e4   0x0000003c   Code   RO         4792    i.rtc1_start        app_timer.o
    0x00026a20   0x00026a20   0x00000058   Code   RO         4793    i.rtc1_stop         app_timer.o
    0x00026a78   0x00026a78   0x0000003e   Code   RO         3880    i.rx_byte           nrf_drv_uart.o
    0x00026ab6   0x00026ab6   0x0000001e   Code   RO         3881    i.rx_done_event     nrf_drv_uart.o
    0x00026ad4   0x00026ad4   0x0000008c   Code   RO         6127    i.sd_nvic_EnableIRQ  softdevice_handler.o
    0x00026b60   0x00026b60   0x00000068   Code   RO         4992    i.sd_nvic_critical_region_enter  app_util_platform.o
    0x00026bc8   0x00026bc8   0x0000000c   Code   RO         1509    i.sdk_mapped_flags_any_set  gatt_cache_manager.o
    0x00026bd4   0x00026bd4   0x0000000c   Code   RO         2995    i.sdk_mapped_flags_any_set  security_manager.o
    0x00026be0   0x00026be0   0x00000076   Code   RO         5681    i.sdk_mapped_flags_bulk_update_by_key  sdk_mapped_flags.o
    0x00026c56   0x00026c56   0x00000024   Code   RO         5682    i.sdk_mapped_flags_first_key_index_get  sdk_mapped_flags.o
    0x00026c7a   0x00026c7a   0x00000012   Code   RO         5683    i.sdk_mapped_flags_get_by_index  sdk_mapped_flags.o
    0x00026c8c   0x00026c8c   0x0000002e   Code   RO         5684    i.sdk_mapped_flags_get_by_key  sdk_mapped_flags.o
    0x00026cba   0x00026cba   0x00000042   Code   RO         5685    i.sdk_mapped_flags_key_list_get  sdk_mapped_flags.o
    0x00026cfc   0x00026cfc   0x0000001a   Code   RO         5687    i.sdk_mapped_flags_update_by_key  sdk_mapped_flags.o
    0x00026d16   0x00026d16   0x000000d8   Code   RO         2852    i.sec_info_request_process  security_dispatcher.o
    0x00026dee   0x00026dee   0x0000001a   Code   RO         2853    i.sec_params_request_process  security_dispatcher.o
    0x00026e08   0x00026e08   0x0000005c   Code   RO         2854    i.sec_proc_start    security_dispatcher.o
    0x00026e64   0x00026e64   0x00000034   Code   RO         2855    i.sec_request_process  security_dispatcher.o
    0x00026e98   0x00026e98   0x00000024   Code   RO         2856    i.sec_start_send    security_dispatcher.o
    0x00026ebc   0x00026ebc   0x0000001e   Code   RO         2997    i.send_config_req   security_manager.o
    0x00026eda   0x00026eda   0x0000005c   Code   RO         5519    i.send_event        fstorage.o
    0x00026f36   0x00026f36   0x00000002   PAD
    0x00026f38   0x00026f38   0x0000006c   Code   RO         1510    i.service_changed_pending_flags_check  gatt_cache_manager.o
    0x00026fa4   0x00026fa4   0x00000050   Code   RO         1639    i.service_changed_pending_set  gatts_cache_manager.o
    0x00026ff4   0x00026ff4   0x000000b8   Code   RO         1511    i.service_changed_send_in_evt  gatt_cache_manager.o
    0x000270ac   0x000270ac   0x00000096   Code   RO          955    i.service_data_encode  ble_advdata.o
    0x00027142   0x00027142   0x00000002   PAD
    0x00027144   0x00027144   0x00000020   Code   RO         1069    i.set_adv_mode_directed  ble_advertising.o
    0x00027164   0x00027164   0x0000002c   Code   RO         1070    i.set_adv_mode_directed_slow  ble_advertising.o
    0x00027190   0x00027190   0x00000060   Code   RO         1071    i.set_adv_mode_fast  ble_advertising.o
    0x000271f0   0x000271f0   0x00000060   Code   RO         1072    i.set_adv_mode_slow  ble_advertising.o
    0x00027250   0x00027250   0x00000018   Code   RO         2998    i.sm_ble_evt_handler  security_manager.o
    0x00027268   0x00027268   0x00000060   Code   RO         3003    i.sm_pdb_evt_handler  security_manager.o
    0x000272c8   0x000272c8   0x000000a4   Code   RO         3006    i.sm_smd_evt_handler  security_manager.o
    0x0002736c   0x0002736c   0x00000058   Code   RO         2857    i.smd_ble_evt_handler  security_dispatcher.o
    0x000273c4   0x000273c4   0x00000038   Code   RO         2859    i.smd_link_secure   security_dispatcher.o
    0x000273fc   0x000273fc   0x00000120   Code   RO         2860    i.smd_params_reply  security_dispatcher.o
    0x0002751c   0x0002751c   0x00000090   Code   RO         3007    i.smd_params_reply_perform  security_manager.o
    0x000275ac   0x000275ac   0x00000034   Code   RO         2861    i.smd_pdb_evt_handler  security_dispatcher.o
    0x000275e0   0x000275e0   0x00000018   Code   RO         6128    i.softdevice_ble_evt_handler_set  softdevice_handler.o
    0x000275f8   0x000275f8   0x0000004c   Code   RO         6129    i.softdevice_enable  softdevice_handler.o
    0x00027644   0x00027644   0x0000002c   Code   RO         6130    i.softdevice_enable_get_default_config  softdevice_handler.o
    0x00027670   0x00027670   0x00000014   Code   RO         6131    i.softdevice_fault_handler  softdevice_handler.o
    0x00027684   0x00027684   0x0000009c   Code   RO         6132    i.softdevice_handler_init  softdevice_handler.o
    0x00027720   0x00027720   0x0000000c   Code   RO         6133    i.softdevice_handler_is_enabled  softdevice_handler.o
    0x0002772c   0x0002772c   0x00000018   Code   RO         6138    i.softdevice_sys_evt_handler_set  softdevice_handler.o
    0x00027744   0x00027744   0x00000102   Code   RO         4352    i.spim_xfer         nrf_drv_spi.o
    0x00027846   0x00027846   0x0000000e   Code   RO          956    i.srdata_check      ble_advdata.o
    0x00027854   0x00027854   0x00000032   Code   RO         5520    i.store_execute     fstorage.o
    0x00027886   0x00027886   0x0000000a   Code   RO         4794    i.ticks_diff_get    app_timer.o
    0x00027890   0x00027890   0x00000038   Code   RO         4795    i.timeout_handler_exec  app_timer.o
    0x000278c8   0x000278c8   0x00000054   Code   RO         4796    i.timer_list_handler  app_timer.o
    0x0002791c   0x0002791c   0x0000000a   Code   RO         4797    i.timer_list_handler_sched  app_timer.o
    0x00027926   0x00027926   0x00000002   PAD
    0x00027928   0x00027928   0x00000068   Code   RO         4798    i.timer_list_insert  app_timer.o
    0x00027990   0x00027990   0x0000006c   Code   RO         4799    i.timer_list_remove  app_timer.o
    0x000279fc   0x000279fc   0x0000005e   Code   RO         4800    i.timer_start_op_schedule  app_timer.o
    0x00027a5a   0x00027a5a   0x00000042   Code   RO         4801    i.timer_stop_op_schedule  app_timer.o
    0x00027a9c   0x00027a9c   0x00000098   Code   RO         4802    i.timer_timeouts_check  app_timer.o
    0x00027b34   0x00027b34   0x0000000a   Code   RO         4803    i.timer_timeouts_check_sched  app_timer.o
    0x00027b3e   0x00027b3e   0x00000026   Code   RO         3883    i.tx_byte           nrf_drv_uart.o
    0x00027b64   0x00027b64   0x00000022   Code   RO         3884    i.tx_done_event     nrf_drv_uart.o
    0x00027b86   0x00027b86   0x00000036   Code   RO          957    i.tx_power_level_encode  ble_advdata.o
    0x00027bbc   0x00027bbc   0x00000142   Code   RO         3885    i.uart_irq_handler  nrf_drv_uart.o
    0x00027cfe   0x00027cfe   0x0000010c   Code   RO         3886    i.uarte_irq_handler  nrf_drv_uart.o
    0x00027e0a   0x00027e0a   0x0000000c   Code   RO         1434    i.uint16_decode     ble_srv_common.o
    0x00027e16   0x00027e16   0x0000000c   Code   RO          958    i.uint16_encode     ble_advdata.o
    0x00027e22   0x00027e22   0x00000002   PAD
    0x00027e24   0x00027e24   0x00000058   Code   RO         1512    i.update_pending_flags_check  gatt_cache_manager.o
    0x00027e7c   0x00027e7c   0x0000001c   Code   RO         1292    i.user_flag_is_acquired  ble_conn_state.o
    0x00027e98   0x00027e98   0x0000003c   Code   RO         4804    i.user_op_alloc     app_timer.o
    0x00027ed4   0x00027ed4   0x0000000c   Code   RO         4805    i.user_op_enque     app_timer.o
    0x00027ee0   0x00027ee0   0x0000004e   Code   RO          959    i.uuid_list_encode  ble_advdata.o
    0x00027f2e   0x00027f2e   0x000000dc   Code   RO          960    i.uuid_list_sized_encode  ble_advdata.o
    0x0002800a   0x0002800a   0x00000002   PAD
    0x0002800c   0x0002800c   0x0000000c   Code   RO         1073    i.whitelist_has_entries  ble_advertising.o
    0x00028018   0x00028018   0x00000038   Code   RO         2211    i.write_buf_length_words_set  peer_database.o
    0x00028050   0x00028050   0x00000032   Code   RO         2212    i.write_buffer_record_find  peer_database.o
    0x00028082   0x00028082   0x00000002   PAD
    0x00028084   0x00028084   0x00000030   Code   RO         2213    i.write_buffer_record_find_next  peer_database.o
    0x000280b4   0x000280b4   0x0000000e   Code   RO         2214    i.write_buffer_record_find_unused  peer_database.o
    0x000280c2   0x000280c2   0x00000024   Code   RO         2215    i.write_buffer_record_get  peer_database.o
    0x000280e6   0x000280e6   0x0000002e   Code   RO         2216    i.write_buffer_record_invalidate  peer_database.o
    0x00028114   0x00028114   0x00000028   Code   RO         2217    i.write_buffer_record_release  peer_database.o
    0x0002813c   0x0002813c   0x00000104   Code   RO         5148    i.write_enqueue     fds.o
    0x00028240   0x00028240   0x000000b8   Code   RO         5149    i.write_execute     fds.o
    0x000282f8   0x000282f8   0x0000001c   Code   RO         5150    i.write_space_free  fds.o
    0x00028314   0x00028314   0x0000006c   Code   RO         5151    i.write_space_reserve  fds.o
    0x00028380   0x00028380   0x0000000c   Code   RO         3232    i.xpr_bluetooth_on_connect  ble_xpr.o
    0x0002838c   0x0002838c   0x00000010   Code   RO         3233    i.xpr_bluetooth_on_disconnect  ble_xpr.o
    0x0002839c   0x0002839c   0x00000038   Code   RO         3234    i.xpr_bluetooth_on_dispatch  ble_xpr.o
    0x000283d4   0x000283d4   0x0000001c   Code   RO         3235    i.xpr_bluetooth_on_write  ble_xpr.o
    0x000283f0   0x000283f0   0x00000064   Data   RO           41    .constdata          main.o
    0x00028454   0x00028454   0x00000008   Data   RO          642    .constdata          boards.o
    0x0002845c   0x0002845c   0x0000002c   Data   RO          753    .constdata          bsp.o
    0x00028488   0x00028488   0x00000004   Data   RO         1193    .constdata          ble_conn_params.o
    0x0002848c   0x0002848c   0x00000018   Data   RO         1640    .constdata          gatts_cache_manager.o
    0x000284a4   0x000284a4   0x00000008   Data   RO         1749    .constdata          id_manager.o
    0x000284ac   0x000284ac   0x00000004   Data   RO         2050    .constdata          peer_data_storage.o
    0x000284b0   0x000284b0   0x00000014   Data   RO         2219    .constdata          peer_database.o
    0x000284c4   0x000284c4   0x00000044   Data   RO         2863    .constdata          security_dispatcher.o
    0x00028508   0x00028508   0x00000004   Data   RO         3008    .constdata          security_manager.o
    0x0002850c   0x0002850c   0x00000047   Data   RO         3596    .constdata          nrf_drv_gpiote.o
    0x00028553   0x00028553   0x00000001   PAD
    0x00028554   0x00028554   0x00000014   Data   RO         5153    .constdata          fds.o
    0x00028568   0x00028568   0x00000020   Data   RO         6764    Region$$Table       anon$$obj.o


    Execution Region RW_IRAM1 (Exec base: 0x20002c48, Load base: 0x00028588, Size: 0x00002ea0, Max: 0x0000d3b8, ABSOLUTE, COMPRESSED[0x0000021c])

    Exec Addr    Load Addr    Size         Type   Attr      Idx    E Section Name        Object

    0x20002c48   COMPRESSED   0x00000368   Data   RW           42    .data               main.o
    0x20002fb0   COMPRESSED   0x00000015   Data   RW          754    .data               bsp.o
    0x20002fc5   COMPRESSED   0x00000003   PAD
    0x20002fc8   COMPRESSED   0x00000008   Data   RW          853    .data               bsp_btn_ble.o
    0x20002fd0   COMPRESSED   0x0000001f   Data   RW         1075    .data               ble_advertising.o
    0x20002fef   COMPRESSED   0x00000001   PAD
    0x20002ff0   COMPRESSED   0x00000015   Data   RW         1194    .data               ble_conn_params.o
    0x20003005   COMPRESSED   0x00000003   PAD
    0x20003008   COMPRESSED   0x00000009   Data   RW         1513    .data               gatt_cache_manager.o
    0x20003011   COMPRESSED   0x00000003   PAD
    0x20003014   COMPRESSED   0x0000000a   Data   RW         1641    .data               gatts_cache_manager.o
    0x2000301e   COMPRESSED   0x00000003   Data   RW         1750    .data               id_manager.o
    0x20003021   COMPRESSED   0x00000003   PAD
    0x20003024   COMPRESSED   0x0000000c   Data   RW         2051    .data               peer_data_storage.o
    0x20003030   COMPRESSED   0x00000009   Data   RW         2220    .data               peer_database.o
    0x20003039   COMPRESSED   0x00000003   PAD
    0x2000303c   COMPRESSED   0x00000011   Data   RW         2510    .data               peer_manager.o
    0x2000304d   COMPRESSED   0x00000004   Data   RW         2864    .data               security_dispatcher.o
    0x20003051   COMPRESSED   0x00000003   PAD
    0x20003054   COMPRESSED   0x00000013   Data   RW         3009    .data               security_manager.o
    0x20003067   COMPRESSED   0x00000001   PAD
    0x20003068   COMPRESSED   0x00000022   Data   RW         4806    .data               app_timer.o
    0x2000308a   COMPRESSED   0x00000002   PAD
    0x2000308c   COMPRESSED   0x00000018   Data   RW         5154    .data               fds.o
    0x200030a4   COMPRESSED   0x00000002   Data   RW         5522    .data               fstorage.o
    0x200030a6   COMPRESSED   0x00000002   PAD
    0x200030a8   COMPRESSED   0x00000018   Data   RW         6139    .data               softdevice_handler.o
    0x200030c0   COMPRESSED   0x00000004   Data   RW         6287    .data               system_nrf52.o
    0x200030c4   COMPRESSED   0x00000010   Data   RW         5155    fs_data             fds.o
    0x200030d4        -       0x0000019c   Zero   RW           40    .bss                main.o
    0x20003270        -       0x0000006c   Zero   RW          752    .bss                bsp.o
    0x200032dc        -       0x000000b3   Zero   RW         1074    .bss                ble_advertising.o
    0x2000338f   COMPRESSED   0x00000001   PAD
    0x20003390        -       0x0000003c   Zero   RW         1192    .bss                ble_conn_params.o
    0x200033cc        -       0x00000034   Zero   RW         1293    .bss                ble_conn_state.o
    0x20003400        -       0x00000070   Zero   RW         1748    .bss                id_manager.o
    0x20003470        -       0x00000330   Zero   RW         2218    .bss                peer_database.o
    0x200037a0        -       0x00000040   Zero   RW         2384    .bss                peer_id.o
    0x200037e0        -       0x0000000c   Zero   RW         2508    .bss                peer_manager.o
    0x200037ec        -       0x00000040   Zero   RW         2862    .bss                security_dispatcher.o
    0x2000382c        -       0x00000016   Zero   RW         3237    .bss                ble_xpr.o
    0x20003842   COMPRESSED   0x00000002   PAD
    0x20003844        -       0x00000014   Zero   RW         3333    .bss                nrf_drv_clock.o
    0x20003858        -       0x00000058   Zero   RW         3595    .bss                nrf_drv_gpiote.o
    0x200038b0        -       0x00000020   Zero   RW         3887    .bss                nrf_drv_uart.o
    0x200038d0        -       0x00000030   Zero   RW         4208    .bss                nrf_drv_saadc.o
    0x20003900        -       0x00000040   Zero   RW         4353    .bss                nrf_drv_spi.o
    0x20003940        -       0x00000018   Zero   RW         4499    .bss                nrf_drv_timer.o
    0x20003958        -       0x0000000c   Zero   RW         4993    .bss                app_util_platform.o
    0x20003964        -       0x0000011c   Zero   RW         5152    .bss                fds.o
    0x20003a80        -       0x00000068   Zero   RW         5521    .bss                fstorage.o
    0x20003ae8        -       0x00002000   Zero   RW         6266    STACK               arm_startup_nrf52.o


==============================================================================

Image component sizes


      Code (inc. data)   RO Data    RW Data    ZI Data      Debug   Object Name

       148          0          0          0          0       1861   ads1118.o
       118          4          0          0          0       7307   ads1118_hal.o
        28          0          0          0          0       2129   app_error.o
        68          8          0          0          0      27389   app_error_weak.o
      2260        260          0         34          0      67152   app_timer.o
       200         24          0          0         12       9942   app_util_platform.o
        36          8       1024          0       8192        872   arm_startup_nrf52.o
      1818          0          0          0          0      32928   ble_advdata.o
      1060        168          0         31        179      11830   ble_advertising.o
       144          0          0          0          0       3233   ble_bas.o
       450         74          4         21         60       5745   ble_conn_params.o
       608         68          0          0         52      10139   ble_conn_state.o
        30          0          0          0          0      17730   ble_srv_common.o
       112         10          0          0         22       3846   ble_xpr.o
       270         20          8          0          0       9675   boards.o
      1132         80         44         21        108       9325   bsp.o
       288         10          0          8          0       3633   bsp_btn_ble.o
      4068        378         20         40        284      47631   fds.o
      1064         68          0          2        104      11997   fstorage.o
      1196         66          0          9          0      16348   gatt_cache_manager.o
       618         30         24         10          0       7885   gatts_cache_manager.o
      1272         54          8          3        112      18233   id_manager.o
      2998        226        100        872        412     176860   main.o
       540          0          0          0          0       4710   nrf_ble_gatt.o
       358         34          0          0         20      12652   nrf_drv_clock.o
        96         12          0          0          0      29267   nrf_drv_common.o
       770         32         71          0         88      22657   nrf_drv_gpiote.o
       584         24          0          0         48      12635   nrf_drv_saadc.o
      1018         26          0          0         64      23695   nrf_drv_spi.o
       548         30          0          0         24      21005   nrf_drv_timer.o
       910          8          0          0         32      24622   nrf_drv_uart.o
       912         26          4         12          0      14833   peer_data_storage.o
      1726         50         20          9        816      22743   peer_database.o
       370         40          0          0         64       7720   peer_id.o
      1282         86          0         17         12       8279   peer_manager.o
       186          0          0          0          0       3062   pm_buffer.o
       224          0          0          0          0       4397   pm_mutex.o
       310          0          0          0          0       5964   sdk_mapped_flags.o
      2088         82         68          4         64      21065   security_dispatcher.o
      1120        118          4         19          0      13439   security_manager.o
       830        102          0         24          0      43064   softdevice_handler.o
      1172        118          0          4          0       6531   system_nrf52.o

    ----------------------------------------------------------------------
     35104       2344       1432       1164      10772     806030   Object Totals
         0          0         32          0          0          0   (incl. Generated)
        74          0          1         24          3          0   (incl. Padding)

    ----------------------------------------------------------------------

      Code (inc. data)   RO Data    RW Data    ZI Data      Debug   Library Member Name

        56          0          0          0          0      16919   arm_pid_init_f32.o
        10          0          0          0          0        532   arm_pid_reset_f32.o
        86          0          0          0          0          0   __dczerorl2.o
         0          0          0          0          0          0   entry.o
         0          0          0          0          0          0   entry10a.o
         0          0          0          0          0          0   entry11a.o
         8          4          0          0          0          0   entry2.o
         4          0          0          0          0          0   entry5.o
         0          0          0          0          0          0   entry7b.o
         0          0          0          0          0          0   entry8b.o
         8          4          0          0          0          0   entry9a.o
        30          0          0          0          0          0   handlers.o
        36          8          0          0          0         68   init.o
         0          0          0          0          0          0   iusefp.o
        30          0          0          0          0         68   llshl.o
        36          0          0          0          0         68   llsshr.o
        32          0          0          0          0         68   llushr.o
        26          0          0          0          0         80   memcmp.o
        36          0          0          0          0         68   memcpya.o
        36          0          0          0          0        108   memseta.o
        48          0          0          0          0         68   cdcmple.o
        48          0          0          0          0         68   cdrcmple.o
        56          0          0          0          0         88   d2f.o
       334          0          0          0          0        148   dadd.o
       222          0          0          0          0        100   ddiv.o
       186          0          0          0          0        176   depilogue.o
        34          0          0          0          0         76   dflti.o
       228          0          0          0          0         96   dmul.o
        38          0          0          0          0         68   f2d.o
       110          0          0          0          0        168   fepilogue.o

    ----------------------------------------------------------------------
      1744         16          0          0          0      19035   Library Totals
         6          0          0          0          0          0   (incl. Padding)

    ----------------------------------------------------------------------

      Code (inc. data)   RO Data    RW Data    ZI Data      Debug   Library Name

        66          0          0          0          0      17451   arm_cortexM4lf_math.lib
       368         16          0          0          0        528   mc_w.l
      1304          0          0          0          0       1056   mf_w.l

    ----------------------------------------------------------------------
      1744         16          0          0          0      19035   Library Totals

    ----------------------------------------------------------------------

==============================================================================


      Code (inc. data)   RO Data    RW Data    ZI Data      Debug   

     36848       2360       1432       1164      10772     778421   Grand Totals
     36848       2360       1432        540      10772     778421   ELF Image Totals (compressed)
     36848       2360       1432        540          0          0   ROM Totals

==============================================================================

    Total RO  Size (Code + RO Data)                38280 (  37.38kB)
    Total RW  Size (RW Data + ZI Data)             11936 (  11.66kB)
    Total ROM Size (Code + RO Data + RW Data)      38820 (  37.91kB)

==============================================================================

